Archive member included to satisfy reference by file (symbol)

/opt/stm32cubeide/plugins/com.st.stm32cube.ide.mcu.externaltools.gnu-tools-for-stm32.7-2018-q2-update.linux64_1.0.0.201904181610/tools/bin/../lib/gcc/arm-none-eabi/7.3.1/../../../../arm-none-eabi/lib/thumb/v7e-m/fpv4-sp/hard/libc_nano.a(lib_a-errno.o)
                              Src/syscalls.o (__errno)
/opt/stm32cubeide/plugins/com.st.stm32cube.ide.mcu.externaltools.gnu-tools-for-stm32.7-2018-q2-update.linux64_1.0.0.201904181610/tools/bin/../lib/gcc/arm-none-eabi/7.3.1/../../../../arm-none-eabi/lib/thumb/v7e-m/fpv4-sp/hard/libc_nano.a(lib_a-exit.o)
                              /opt/stm32cubeide/plugins/com.st.stm32cube.ide.mcu.externaltools.gnu-tools-for-stm32.7-2018-q2-update.linux64_1.0.0.201904181610/tools/bin/../lib/gcc/arm-none-eabi/7.3.1/../../../../arm-none-eabi/lib/thumb/v7e-m/fpv4-sp/hard/crt0.o (exit)
/opt/stm32cubeide/plugins/com.st.stm32cube.ide.mcu.externaltools.gnu-tools-for-stm32.7-2018-q2-update.linux64_1.0.0.201904181610/tools/bin/../lib/gcc/arm-none-eabi/7.3.1/../../../../arm-none-eabi/lib/thumb/v7e-m/fpv4-sp/hard/libc_nano.a(lib_a-impure.o)
                              /opt/stm32cubeide/plugins/com.st.stm32cube.ide.mcu.externaltools.gnu-tools-for-stm32.7-2018-q2-update.linux64_1.0.0.201904181610/tools/bin/../lib/gcc/arm-none-eabi/7.3.1/../../../../arm-none-eabi/lib/thumb/v7e-m/fpv4-sp/hard/libc_nano.a(lib_a-exit.o) (_global_impure_ptr)
/opt/stm32cubeide/plugins/com.st.stm32cube.ide.mcu.externaltools.gnu-tools-for-stm32.7-2018-q2-update.linux64_1.0.0.201904181610/tools/bin/../lib/gcc/arm-none-eabi/7.3.1/../../../../arm-none-eabi/lib/thumb/v7e-m/fpv4-sp/hard/libc_nano.a(lib_a-init.o)
                              /opt/stm32cubeide/plugins/com.st.stm32cube.ide.mcu.externaltools.gnu-tools-for-stm32.7-2018-q2-update.linux64_1.0.0.201904181610/tools/bin/../lib/gcc/arm-none-eabi/7.3.1/../../../../arm-none-eabi/lib/thumb/v7e-m/fpv4-sp/hard/crt0.o (__libc_init_array)
/opt/stm32cubeide/plugins/com.st.stm32cube.ide.mcu.externaltools.gnu-tools-for-stm32.7-2018-q2-update.linux64_1.0.0.201904181610/tools/bin/../lib/gcc/arm-none-eabi/7.3.1/../../../../arm-none-eabi/lib/thumb/v7e-m/fpv4-sp/hard/libc_nano.a(lib_a-memcpy-stub.o)
                              Middlewares/Third_Party/FreeRTOS/queue.o (memcpy)
/opt/stm32cubeide/plugins/com.st.stm32cube.ide.mcu.externaltools.gnu-tools-for-stm32.7-2018-q2-update.linux64_1.0.0.201904181610/tools/bin/../lib/gcc/arm-none-eabi/7.3.1/../../../../arm-none-eabi/lib/thumb/v7e-m/fpv4-sp/hard/libc_nano.a(lib_a-memset.o)
                              /opt/stm32cubeide/plugins/com.st.stm32cube.ide.mcu.externaltools.gnu-tools-for-stm32.7-2018-q2-update.linux64_1.0.0.201904181610/tools/bin/../lib/gcc/arm-none-eabi/7.3.1/../../../../arm-none-eabi/lib/thumb/v7e-m/fpv4-sp/hard/crt0.o (memset)
/opt/stm32cubeide/plugins/com.st.stm32cube.ide.mcu.externaltools.gnu-tools-for-stm32.7-2018-q2-update.linux64_1.0.0.201904181610/tools/bin/../lib/gcc/arm-none-eabi/7.3.1/../../../../arm-none-eabi/lib/thumb/v7e-m/fpv4-sp/hard/libc_nano.a(lib_a-sprintf.o)
                              Src/main.o (sprintf)
/opt/stm32cubeide/plugins/com.st.stm32cube.ide.mcu.externaltools.gnu-tools-for-stm32.7-2018-q2-update.linux64_1.0.0.201904181610/tools/bin/../lib/gcc/arm-none-eabi/7.3.1/../../../../arm-none-eabi/lib/thumb/v7e-m/fpv4-sp/hard/libc_nano.a(lib_a-nano-svfprintf.o)
                              /opt/stm32cubeide/plugins/com.st.stm32cube.ide.mcu.externaltools.gnu-tools-for-stm32.7-2018-q2-update.linux64_1.0.0.201904181610/tools/bin/../lib/gcc/arm-none-eabi/7.3.1/../../../../arm-none-eabi/lib/thumb/v7e-m/fpv4-sp/hard/libc_nano.a(lib_a-sprintf.o) (_svfprintf_r)
/opt/stm32cubeide/plugins/com.st.stm32cube.ide.mcu.externaltools.gnu-tools-for-stm32.7-2018-q2-update.linux64_1.0.0.201904181610/tools/bin/../lib/gcc/arm-none-eabi/7.3.1/../../../../arm-none-eabi/lib/thumb/v7e-m/fpv4-sp/hard/libc_nano.a(lib_a-nano-vfprintf_i.o)
                              /opt/stm32cubeide/plugins/com.st.stm32cube.ide.mcu.externaltools.gnu-tools-for-stm32.7-2018-q2-update.linux64_1.0.0.201904181610/tools/bin/../lib/gcc/arm-none-eabi/7.3.1/../../../../arm-none-eabi/lib/thumb/v7e-m/fpv4-sp/hard/libc_nano.a(lib_a-nano-svfprintf.o) (_printf_i)
/opt/stm32cubeide/plugins/com.st.stm32cube.ide.mcu.externaltools.gnu-tools-for-stm32.7-2018-q2-update.linux64_1.0.0.201904181610/tools/bin/../lib/gcc/arm-none-eabi/7.3.1/../../../../arm-none-eabi/lib/thumb/v7e-m/fpv4-sp/hard/libc_nano.a(lib_a-memchr.o)
                              /opt/stm32cubeide/plugins/com.st.stm32cube.ide.mcu.externaltools.gnu-tools-for-stm32.7-2018-q2-update.linux64_1.0.0.201904181610/tools/bin/../lib/gcc/arm-none-eabi/7.3.1/../../../../arm-none-eabi/lib/thumb/v7e-m/fpv4-sp/hard/libc_nano.a(lib_a-nano-svfprintf.o) (memchr)
[...]
Memory Configuration

Name             Origin             Length             Attributes
FLASH            0x0000000008000000 0x0000000000200000 xr
CCMRAM           0x0000000010000000 0x0000000000010000 xrw
RAM              0x0000000020000000 0x0000000000030000 xrw
*default*        0x0000000000000000 0xffffffffffffffff

Linker script and memory map

LOAD /opt/stm32cubeide/plugins/com.st.stm32cube.ide.mcu.externaltools.gnu-tools-for-stm32.7-2018-q2-update.linux64_1.0.0.201904181610/tools/bin/../lib/gcc/arm-none-eabi/7.3.1/thumb/v7e-m/fpv4-sp/hard/crti.o
LOAD /opt/stm32cubeide/plugins/com.st.stm32cube.ide.mcu.externaltools.gnu-tools-for-stm32.7-2018-q2-update.linux64_1.0.0.201904181610/tools/bin/../lib/gcc/arm-none-eabi/7.3.1/thumb/v7e-m/fpv4-sp/hard/crtbegin.o
LOAD /opt/stm32cubeide/plugins/com.st.stm32cube.ide.mcu.externaltools.gnu-tools-for-stm32.7-2018-q2-update.linux64_1.0.0.201904181610/tools/bin/../lib/gcc/arm-none-eabi/7.3.1/../../../../arm-none-eabi/lib/thumb/v7e-m/fpv4-sp/hard/crt0.o
LOAD Drivers/STM32F4xx_HAL_Driver/Src/stm32f4xx_hal.o
LOAD Drivers/STM32F4xx_HAL_Driver/Src/stm32f4xx_hal_can.o
LOAD Drivers/STM32F4xx_HAL_Driver/Src/stm32f4xx_hal_cortex.o
LOAD Drivers/STM32F4xx_HAL_Driver/Src/stm32f4xx_hal_dma.o
LOAD Drivers/STM32F4xx_HAL_Driver/Src/stm32f4xx_hal_dma_ex.o
LOAD Drivers/STM32F4xx_HAL_Driver/Src/stm32f4xx_hal_exti.o
LOAD Drivers/STM32F4xx_HAL_Driver/Src/stm32f4xx_hal_flash.o
LOAD Drivers/STM32F4xx_HAL_Driver/Src/stm32f4xx_hal_flash_ex.o
LOAD Drivers/STM32F4xx_HAL_Driver/Src/stm32f4xx_hal_flash_ramfunc.o
LOAD Drivers/STM32F4xx_HAL_Driver/Src/stm32f4xx_hal_gpio.o
LOAD Drivers/STM32F4xx_HAL_Driver/Src/stm32f4xx_hal_pwr.o
LOAD Drivers/STM32F4xx_HAL_Driver/Src/stm32f4xx_hal_pwr_ex.o
LOAD Drivers/STM32F4xx_HAL_Driver/Src/stm32f4xx_hal_rcc.o
LOAD Drivers/STM32F4xx_HAL_Driver/Src/stm32f4xx_hal_rcc_ex.o
LOAD Drivers/STM32F4xx_HAL_Driver/Src/stm32f4xx_hal_sd.o
LOAD Drivers/STM32F4xx_HAL_Driver/Src/stm32f4xx_hal_tim.o
LOAD Drivers/STM32F4xx_HAL_Driver/Src/stm32f4xx_hal_tim_ex.o
LOAD Drivers/STM32F4xx_HAL_Driver/Src/stm32f4xx_hal_uart.o
LOAD Drivers/STM32F4xx_HAL_Driver/Src/stm32f4xx_ll_sdmmc.o
LOAD Middlewares/Third_Party/FatFs/src/diskio.o
LOAD Middlewares/Third_Party/FatFs/src/ff.o
LOAD Middlewares/Third_Party/FatFs/src/ff_gen_drv.o
LOAD Middlewares/Third_Party/FatFs/src/option/syscall.o
LOAD Middlewares/Third_Party/FreeRTOS/croutine.o
LOAD Middlewares/Third_Party/FreeRTOS/event_groups.o
LOAD Middlewares/Third_Party/FreeRTOS/list.o
LOAD Middlewares/Third_Party/FreeRTOS/queue.o
LOAD Middlewares/Third_Party/FreeRTOS/stream_buffer.o
LOAD Middlewares/Third_Party/FreeRTOS/tasks.o
LOAD Middlewares/Third_Party/FreeRTOS/timers.o
LOAD Middlewares/Third_Party/FreeRTOS/portable/GCC/ARM_CM4F/port.o
LOAD Middlewares/Third_Party/FreeRTOS/portable/MemMang/heap_2.o
LOAD Src/bsp_driver_sd.o
LOAD Src/fatfs.o
LOAD Src/fatfs_platform.o
LOAD Src/main.o
LOAD Src/sd_diskio.o
LOAD Src/stm32f4xx_hal_msp.o
LOAD Src/stm32f4xx_it.o
LOAD Src/syscalls.o
LOAD Src/sysmem.o
LOAD Src/system_stm32f4xx.o
LOAD Startup/startup_stm32f429zitx.o
START GROUP
LOAD /opt/stm32cubeide/plugins/com.st.stm32cube.ide.mcu.externaltools.gnu-tools-for-stm32.7-2018-q2-update.linux64_1.0.0.201904181610/tools/bin/../lib/gcc/arm-none-eabi/7.3.1/../../../../arm-none-eabi/lib/thumb/v7e-m/fpv4-sp/hard/libc_nano.a
LOAD /opt/stm32cubeide/plugins/com.st.stm32cube.ide.mcu.externaltools.gnu-tools-for-stm32.7-2018-q2-update.linux64_1.0.0.201904181610/tools/bin/../lib/gcc/arm-none-eabi/7.3.1/../../../../arm-none-eabi/lib/thumb/v7e-m/fpv4-sp/hard/libm.a
END GROUP
START GROUP
LOAD /opt/stm32cubeide/plugins/com.st.stm32cube.ide.mcu.externaltools.gnu-tools-for-stm32.7-2018-q2-update.linux64_1.0.0.201904181610/tools/bin/../lib/gcc/arm-none-eabi/7.3.1/thumb/v7e-m/fpv4-sp/hard/libgcc.a
LOAD /opt/stm32cubeide/plugins/com.st.stm32cube.ide.mcu.externaltools.gnu-tools-for-stm32.7-2018-q2-update.linux64_1.0.0.201904181610/tools/bin/../lib/gcc/arm-none-eabi/7.3.1/../../../../arm-none-eabi/lib/thumb/v7e-m/fpv4-sp/hard/libc_nano.a
END GROUP
START GROUP
LOAD /opt/stm32cubeide/plugins/com.st.stm32cube.ide.mcu.externaltools.gnu-tools-for-stm32.7-2018-q2-update.linux64_1.0.0.201904181610/tools/bin/../lib/gcc/arm-none-eabi/7.3.1/thumb/v7e-m/fpv4-sp/hard/libgcc.a
LOAD /opt/stm32cubeide/plugins/com.st.stm32cube.ide.mcu.externaltools.gnu-tools-for-stm32.7-2018-q2-update.linux64_1.0.0.201904181610/tools/bin/../lib/gcc/arm-none-eabi/7.3.1/../../../../arm-none-eabi/lib/thumb/v7e-m/fpv4-sp/hard/libc_nano.a
LOAD /opt/stm32cubeide/plugins/com.st.stm32cube.ide.mcu.externaltools.gnu-tools-for-stm32.7-2018-q2-update.linux64_1.0.0.201904181610/tools/bin/../lib/gcc/arm-none-eabi/7.3.1/../../../../arm-none-eabi/lib/thumb/v7e-m/fpv4-sp/hard/libnosys.a
END GROUP
START GROUP
LOAD /opt/stm32cubeide/plugins/com.st.stm32cube.ide.mcu.externaltools.gnu-tools-for-stm32.7-2018-q2-update.linux64_1.0.0.201904181610/tools/bin/../lib/gcc/arm-none-eabi/7.3.1/thumb/v7e-m/fpv4-sp/hard/libgcc.a
LOAD /opt/stm32cubeide/plugins/com.st.stm32cube.ide.mcu.externaltools.gnu-tools-for-stm32.7-2018-q2-update.linux64_1.0.0.201904181610/tools/bin/../lib/gcc/arm-none-eabi/7.3.1/../../../../arm-none-eabi/lib/thumb/v7e-m/fpv4-sp/hard/libc_nano.a
LOAD /opt/stm32cubeide/plugins/com.st.stm32cube.ide.mcu.externaltools.gnu-tools-for-stm32.7-2018-q2-update.linux64_1.0.0.201904181610/tools/bin/../lib/gcc/arm-none-eabi/7.3.1/../../../../arm-none-eabi/lib/thumb/v7e-m/fpv4-sp/hard/libnosys.a
END GROUP
LOAD /opt/stm32cubeide/plugins/com.st.stm32cube.ide.mcu.externaltools.gnu-tools-for-stm32.7-2018-q2-update.linux64_1.0.0.201904181610/tools/bin/../lib/gcc/arm-none-eabi/7.3.1/thumb/v7e-m/fpv4-sp/hard/crtend.o
LOAD /opt/stm32cubeide/plugins/com.st.stm32cube.ide.mcu.externaltools.gnu-tools-for-stm32.7-2018-q2-update.linux64_1.0.0.201904181610/tools/bin/../lib/gcc/arm-none-eabi/7.3.1/thumb/v7e-m/fpv4-sp/hard/crtn.o
                0x0000000020030000                _estack = 0x20030000
                0x0000000000000200                _Min_Heap_Size = 0x200
                0x0000000000000400                _Min_Stack_Size = 0x400

.isr_vector     0x0000000008000000      0x1ac
                0x0000000008000000                . = ALIGN (0x4)
 *(.isr_vector)
 .isr_vector    0x0000000008000000      0x1ac Startup/startup_stm32f429zitx.o
                0x0000000008000000                g_pfnVectors
                0x00000000080001ac                . = ALIGN (0x4)

.text           0x00000000080001b0     0x7ef0
                0x00000000080001b0                . = ALIGN (0x4)
 *(.text)
 .text          0x00000000080001b0       0x40 /opt/stm32cubeide/plugins/com.st.stm32cube.ide.mcu.externaltools.gnu-tools-for-stm32.7-2018-q2-update.linux64_1.0.0.201904181610/tools/bin/../lib/gcc/arm-none-eabi/7.3.1/thumb/v7e-m/fpv4-sp/hard/crtbegin.o
 .text          0x00000000080001f0       0xa0 /opt/stm32cubeide/plugins/com.st.stm32cube.ide.mcu.externaltools.gnu-tools-for-stm32.7-2018-q2-update.linux64_1.0.0.201904181610/tools/bin/../lib/gcc/arm-none-eabi/7.3.1/../../../../arm-none-eabi/lib/thumb/v7e-m/fpv4-sp/hard/libc_nano.a(lib_a-memchr.o)
                0x00000000080001f0                memchr
 .text          0x0000000008000290       0x30 /opt/stm32cubeide/plugins/com.st.stm32cube.ide.mcu.externaltools.gnu-tools-for-stm32.7-2018-q2-update.linux64_1.0.0.201904181610/tools/bin/../lib/gcc/arm-none-eabi/7.3.1/thumb/v7e-m/fpv4-sp/hard/libgcc.a(_aeabi_uldivmod.o)
                0x0000000008000290                __aeabi_uldivmod
 .text          0x00000000080002c0      0x2cc /opt/stm32cubeide/plugins/com.st.stm32cube.ide.mcu.externaltools.gnu-tools-for-stm32.7-2018-q2-update.linux64_1.0.0.201904181610/tools/bin/../lib/gcc/arm-none-eabi/7.3.1/thumb/v7e-m/fpv4-sp/hard/libgcc.a(_udivmoddi4.o)
                0x00000000080002c0                __udivmoddi4
 .text          0x000000000800058c        0x4 /opt/stm32cubeide/plugins/com.st.stm32cube.ide.mcu.externaltools.gnu-tools-for-stm32.7-2018-q2-update.linux64_1.0.0.201904181610/tools/bin/../lib/gcc/arm-none-eabi/7.3.1/thumb/v7e-m/fpv4-sp/hard/libgcc.a(_dvmd_tls.o)
                0x000000000800058c                __aeabi_ldiv0
                0x000000000800058c                __aeabi_idiv0
 *(.text*)
 .text.HAL_Init
                0x0000000008000590       0x44 Drivers/STM32F4xx_HAL_Driver/Src/stm32f4xx_hal.o
                0x0000000008000590                HAL_Init
 .text.HAL_InitTick
                0x00000000080005d4       0x60 Drivers/STM32F4xx_HAL_Driver/Src/stm32f4xx_hal.o
                0x00000000080005d4                HAL_InitTick
 .text.HAL_GetTick
                0x0000000008000634       0x18 Drivers/STM32F4xx_HAL_Driver/Src/stm32f4xx_hal.o
                0x0000000008000634                HAL_GetTick
 .text.HAL_Delay
                0x000000000800064c       0x44 Drivers/STM32F4xx_HAL_Driver/Src/stm32f4xx_hal.o
                0x000000000800064c                HAL_Delay
 .text.HAL_CAN_Init
                0x0000000008000690      0x1f6 Drivers/STM32F4xx_HAL_Driver/Src/stm32f4xx_hal_can.o
                0x0000000008000690                HAL_CAN_Init
 *fill*         0x0000000008000886        0x2 
 .text.HAL_CAN_ConfigFilter
                0x0000000008000888      0x1c0 Drivers/STM32F4xx_HAL_Driver/Src/stm32f4xx_hal_can.o
                0x0000000008000888                HAL_CAN_ConfigFilter
 .text.HAL_CAN_Start
                0x0000000008000a48       0x88 Drivers/STM32F4xx_HAL_Driver/Src/stm32f4xx_hal_can.o
                0x0000000008000a48                HAL_CAN_Start
 .text.HAL_CAN_GetRxMessage
                0x0000000008000ad0      0x226 Drivers/STM32F4xx_HAL_Driver/Src/stm32f4xx_hal_can.o
                0x0000000008000ad0                HAL_CAN_GetRxMessage
 .text.HAL_CAN_GetRxFifoFillLevel
                0x0000000008000cf6       0x50 Drivers/STM32F4xx_HAL_Driver/Src/stm32f4xx_hal_can.o
                0x0000000008000cf6                HAL_CAN_GetRxFifoFillLevel
 *fill*         0x0000000008000d46        0x2 
 .text.__NVIC_SetPriorityGrouping
                0x0000000008000d48       0x48 Drivers/STM32F4xx_HAL_Driver/Src/stm32f4xx_hal_cortex.o
 .text.__NVIC_GetPriorityGrouping
                0x0000000008000d90       0x1c Drivers/STM32F4xx_HAL_Driver/Src/stm32f4xx_hal_cortex.o
 .text.__NVIC_EnableIRQ
                0x0000000008000dac       0x3c Drivers/STM32F4xx_HAL_Driver/Src/stm32f4xx_hal_cortex.o
 .text.__NVIC_SetPriority
                0x0000000008000de8       0x54 Drivers/STM32F4xx_HAL_Driver/Src/stm32f4xx_hal_cortex.o
 .text.NVIC_EncodePriority
                0x0000000008000e3c       0x66 Drivers/STM32F4xx_HAL_Driver/Src/stm32f4xx_hal_cortex.o
 *fill*         0x0000000008000ea2        0x2 
 .text.SysTick_Config
                0x0000000008000ea4       0x44 Drivers/STM32F4xx_HAL_Driver/Src/stm32f4xx_hal_cortex.o
 .text.HAL_NVIC_SetPriorityGrouping
                0x0000000008000ee8       0x16 Drivers/STM32F4xx_HAL_Driver/Src/stm32f4xx_hal_cortex.o
                0x0000000008000ee8                HAL_NVIC_SetPriorityGrouping
 .text.HAL_NVIC_SetPriority
                0x0000000008000efe       0x38 Drivers/STM32F4xx_HAL_Driver/Src/stm32f4xx_hal_cortex.o
                0x0000000008000efe                HAL_NVIC_SetPriority
 .text.HAL_NVIC_EnableIRQ
                0x0000000008000f36       0x1c Drivers/STM32F4xx_HAL_Driver/Src/stm32f4xx_hal_cortex.o
                0x0000000008000f36                HAL_NVIC_EnableIRQ
 .text.HAL_SYSTICK_Config
                0x0000000008000f52       0x18 Drivers/STM32F4xx_HAL_Driver/Src/stm32f4xx_hal_cortex.o
                0x0000000008000f52                HAL_SYSTICK_Config
 *fill*         0x0000000008000f6a        0x2 
 .text.HAL_DMA_Init
                0x0000000008000f6c      0x15c Drivers/STM32F4xx_HAL_Driver/Src/stm32f4xx_hal_dma.o
                0x0000000008000f6c                HAL_DMA_Init
 .text.HAL_DMA_Abort_IT
                0x00000000080010c8       0x44 Drivers/STM32F4xx_HAL_Driver/Src/stm32f4xx_hal_dma.o
                0x00000000080010c8                HAL_DMA_Abort_IT
 .text.HAL_DMA_IRQHandler
                0x000000000800110c      0x314 Drivers/STM32F4xx_HAL_Driver/Src/stm32f4xx_hal_dma.o
                0x000000000800110c                HAL_DMA_IRQHandler
 .text.DMA_CalcBaseAndBitshift
                0x0000000008001420       0x6c Drivers/STM32F4xx_HAL_Driver/Src/stm32f4xx_hal_dma.o
 .text.DMA_CheckFifoParam
                0x000000000800148c       0xf4 Drivers/STM32F4xx_HAL_Driver/Src/stm32f4xx_hal_dma.o
 .text.HAL_GPIO_Init
                0x0000000008001580      0x354 Drivers/STM32F4xx_HAL_Driver/Src/stm32f4xx_hal_gpio.o
                0x0000000008001580                HAL_GPIO_Init
 .text.HAL_GPIO_ReadPin
                0x00000000080018d4       0x30 Drivers/STM32F4xx_HAL_Driver/Src/stm32f4xx_hal_gpio.o
                0x00000000080018d4                HAL_GPIO_ReadPin
 .text.HAL_GPIO_WritePin
                0x0000000008001904       0x32 Drivers/STM32F4xx_HAL_Driver/Src/stm32f4xx_hal_gpio.o
                0x0000000008001904                HAL_GPIO_WritePin
 .text.HAL_GPIO_TogglePin
                0x0000000008001936       0x36 Drivers/STM32F4xx_HAL_Driver/Src/stm32f4xx_hal_gpio.o
                0x0000000008001936                HAL_GPIO_TogglePin
 .text.HAL_RCC_OscConfig
                0x000000000800196c      0x484 Drivers/STM32F4xx_HAL_Driver/Src/stm32f4xx_hal_rcc.o
                0x000000000800196c                HAL_RCC_OscConfig
 .text.HAL_RCC_ClockConfig
                0x0000000008001df0      0x1c4 Drivers/STM32F4xx_HAL_Driver/Src/stm32f4xx_hal_rcc.o
                0x0000000008001df0                HAL_RCC_ClockConfig
 .text.HAL_RCC_GetSysClockFreq
                0x0000000008001fb4      0x1b0 Drivers/STM32F4xx_HAL_Driver/Src/stm32f4xx_hal_rcc.o
                0x0000000008001fb4                HAL_RCC_GetSysClockFreq
 .text.HAL_RCC_GetHCLKFreq
                0x0000000008002164       0x18 Drivers/STM32F4xx_HAL_Driver/Src/stm32f4xx_hal_rcc.o
                0x0000000008002164                HAL_RCC_GetHCLKFreq
 .text.HAL_RCC_GetPCLK1Freq
                0x000000000800217c       0x28 Drivers/STM32F4xx_HAL_Driver/Src/stm32f4xx_hal_rcc.o
                0x000000000800217c                HAL_RCC_GetPCLK1Freq
 .text.HAL_RCC_GetPCLK2Freq
                0x00000000080021a4       0x28 Drivers/STM32F4xx_HAL_Driver/Src/stm32f4xx_hal_rcc.o
                0x00000000080021a4                HAL_RCC_GetPCLK2Freq
 .text.HAL_SD_Init
                0x00000000080021cc       0x56 Drivers/STM32F4xx_HAL_Driver/Src/stm32f4xx_hal_sd.o
                0x00000000080021cc                HAL_SD_Init
 *fill*         0x0000000008002222        0x2 
 .text.HAL_SD_InitCard
                0x0000000008002224       0xb8 Drivers/STM32F4xx_HAL_Driver/Src/stm32f4xx_hal_sd.o
                0x0000000008002224                HAL_SD_InitCard
 .text.HAL_SD_ReadBlocks
                0x00000000080022dc      0x32e Drivers/STM32F4xx_HAL_Driver/Src/stm32f4xx_hal_sd.o
                0x00000000080022dc                HAL_SD_ReadBlocks
 .text.HAL_SD_WriteBlocks
                0x000000000800260a      0x2d0 Drivers/STM32F4xx_HAL_Driver/Src/stm32f4xx_hal_sd.o
                0x000000000800260a                HAL_SD_WriteBlocks
 .text.HAL_SD_GetCardCSD
                0x00000000080028da      0x452 Drivers/STM32F4xx_HAL_Driver/Src/stm32f4xx_hal_sd.o
                0x00000000080028da                HAL_SD_GetCardCSD
 .text.HAL_SD_GetCardInfo
                0x0000000008002d2c       0x58 Drivers/STM32F4xx_HAL_Driver/Src/stm32f4xx_hal_sd.o
                0x0000000008002d2c                HAL_SD_GetCardInfo
 .text.HAL_SD_GetCardState
                0x0000000008002d84       0x4a Drivers/STM32F4xx_HAL_Driver/Src/stm32f4xx_hal_sd.o
                0x0000000008002d84                HAL_SD_GetCardState
 .text.SD_InitCard
                0x0000000008002dce      0x192 Drivers/STM32F4xx_HAL_Driver/Src/stm32f4xx_hal_sd.o
 .text.SD_PowerON
                0x0000000008002f60      0x150 Drivers/STM32F4xx_HAL_Driver/Src/stm32f4xx_hal_sd.o
 .text.SD_SendStatus
                0x00000000080030b0       0x54 Drivers/STM32F4xx_HAL_Driver/Src/stm32f4xx_hal_sd.o
 .text.HAL_UART_Init
                0x0000000008003104       0x9a Drivers/STM32F4xx_HAL_Driver/Src/stm32f4xx_hal_uart.o
                0x0000000008003104                HAL_UART_Init
 .text.HAL_UART_Transmit_IT
                0x000000000800319e       0x8a Drivers/STM32F4xx_HAL_Driver/Src/stm32f4xx_hal_uart.o
                0x000000000800319e                HAL_UART_Transmit_IT
 .text.HAL_UART_IRQHandler
                0x0000000008003228      0x1f8 Drivers/STM32F4xx_HAL_Driver/Src/stm32f4xx_hal_uart.o
                0x0000000008003228                HAL_UART_IRQHandler
 .text.HAL_UART_TxCpltCallback
                0x0000000008003420       0x14 Drivers/STM32F4xx_HAL_Driver/Src/stm32f4xx_hal_uart.o
                0x0000000008003420                HAL_UART_TxCpltCallback
 .text.HAL_UART_RxCpltCallback
                0x0000000008003434       0x14 Drivers/STM32F4xx_HAL_Driver/Src/stm32f4xx_hal_uart.o
                0x0000000008003434                HAL_UART_RxCpltCallback
 .text.HAL_UART_ErrorCallback
                0x0000000008003448       0x14 Drivers/STM32F4xx_HAL_Driver/Src/stm32f4xx_hal_uart.o
                0x0000000008003448                HAL_UART_ErrorCallback
 .text.UART_EndRxTransfer
                0x000000000800345c       0x3c Drivers/STM32F4xx_HAL_Driver/Src/stm32f4xx_hal_uart.o
 .text.UART_DMAAbortOnError
                0x0000000008003498       0x28 Drivers/STM32F4xx_HAL_Driver/Src/stm32f4xx_hal_uart.o
 .text.UART_Transmit_IT
                0x00000000080034c0       0xac Drivers/STM32F4xx_HAL_Driver/Src/stm32f4xx_hal_uart.o
 .text.UART_EndTransmit_IT
                0x000000000800356c       0x30 Drivers/STM32F4xx_HAL_Driver/Src/stm32f4xx_hal_uart.o
 .text.UART_Receive_IT
                0x000000000800359c      0x102 Drivers/STM32F4xx_HAL_Driver/Src/stm32f4xx_hal_uart.o
 *fill*         0x000000000800369e        0x2 
 .text.UART_SetConfig
                0x00000000080036a0      0x414 Drivers/STM32F4xx_HAL_Driver/Src/stm32f4xx_hal_uart.o
 .text.SDIO_Init
                0x0000000008003ab4       0x56 Drivers/STM32F4xx_HAL_Driver/Src/stm32f4xx_ll_sdmmc.o
                0x0000000008003ab4                SDIO_Init
 .text.SDIO_ReadFIFO
                0x0000000008003b0a       0x1a Drivers/STM32F4xx_HAL_Driver/Src/stm32f4xx_ll_sdmmc.o
                0x0000000008003b0a                SDIO_ReadFIFO
 .text.SDIO_WriteFIFO
                0x0000000008003b24       0x22 Drivers/STM32F4xx_HAL_Driver/Src/stm32f4xx_ll_sdmmc.o
                0x0000000008003b24                SDIO_WriteFIFO
 .text.SDIO_PowerState_ON
                0x0000000008003b46       0x1c Drivers/STM32F4xx_HAL_Driver/Src/stm32f4xx_ll_sdmmc.o
                0x0000000008003b46                SDIO_PowerState_ON
 .text.SDIO_GetPowerState
                0x0000000008003b62       0x1c Drivers/STM32F4xx_HAL_Driver/Src/stm32f4xx_ll_sdmmc.o
                0x0000000008003b62                SDIO_GetPowerState
 .text.SDIO_SendCommand
                0x0000000008003b7e       0x54 Drivers/STM32F4xx_HAL_Driver/Src/stm32f4xx_ll_sdmmc.o
                0x0000000008003b7e                SDIO_SendCommand
 .text.SDIO_GetCommandResponse
                0x0000000008003bd2       0x1a Drivers/STM32F4xx_HAL_Driver/Src/stm32f4xx_ll_sdmmc.o
                0x0000000008003bd2                SDIO_GetCommandResponse
 .text.SDIO_GetResponse
                0x0000000008003bec       0x2a Drivers/STM32F4xx_HAL_Driver/Src/stm32f4xx_ll_sdmmc.o
                0x0000000008003bec                SDIO_GetResponse
 .text.SDIO_ConfigData
                0x0000000008003c16       0x58 Drivers/STM32F4xx_HAL_Driver/Src/stm32f4xx_ll_sdmmc.o
                0x0000000008003c16                SDIO_ConfigData
 .text.SDMMC_CmdBlockLength
                0x0000000008003c6e       0x48 Drivers/STM32F4xx_HAL_Driver/Src/stm32f4xx_ll_sdmmc.o
                0x0000000008003c6e                SDMMC_CmdBlockLength
 .text.SDMMC_CmdReadSingleBlock
                0x0000000008003cb6       0x48 Drivers/STM32F4xx_HAL_Driver/Src/stm32f4xx_ll_sdmmc.o
                0x0000000008003cb6                SDMMC_CmdReadSingleBlock
 .text.SDMMC_CmdReadMultiBlock
                0x0000000008003cfe       0x48 Drivers/STM32F4xx_HAL_Driver/Src/stm32f4xx_ll_sdmmc.o
                0x0000000008003cfe                SDMMC_CmdReadMultiBlock
 .text.SDMMC_CmdWriteSingleBlock
                0x0000000008003d46       0x48 Drivers/STM32F4xx_HAL_Driver/Src/stm32f4xx_ll_sdmmc.o
                0x0000000008003d46                SDMMC_CmdWriteSingleBlock
 .text.SDMMC_CmdWriteMultiBlock
                0x0000000008003d8e       0x48 Drivers/STM32F4xx_HAL_Driver/Src/stm32f4xx_ll_sdmmc.o
                0x0000000008003d8e                SDMMC_CmdWriteMultiBlock
 *fill*         0x0000000008003dd6        0x2 
 .text.SDMMC_CmdStopTransfer
                0x0000000008003dd8       0x48 Drivers/STM32F4xx_HAL_Driver/Src/stm32f4xx_ll_sdmmc.o
                0x0000000008003dd8                SDMMC_CmdStopTransfer
 .text.SDMMC_CmdSelDesel
                0x0000000008003e20       0x4a Drivers/STM32F4xx_HAL_Driver/Src/stm32f4xx_ll_sdmmc.o
                0x0000000008003e20                SDMMC_CmdSelDesel
 .text.SDMMC_CmdGoIdleState
                0x0000000008003e6a       0x40 Drivers/STM32F4xx_HAL_Driver/Src/stm32f4xx_ll_sdmmc.o
                0x0000000008003e6a                SDMMC_CmdGoIdleState
 .text.SDMMC_CmdOperCond
                0x0000000008003eaa       0x42 Drivers/STM32F4xx_HAL_Driver/Src/stm32f4xx_ll_sdmmc.o
                0x0000000008003eaa                SDMMC_CmdOperCond
 .text.SDMMC_CmdAppCommand
                0x0000000008003eec       0x48 Drivers/STM32F4xx_HAL_Driver/Src/stm32f4xx_ll_sdmmc.o
                0x0000000008003eec                SDMMC_CmdAppCommand
 .text.SDMMC_CmdAppOperCommand
                0x0000000008003f34       0x4a Drivers/STM32F4xx_HAL_Driver/Src/stm32f4xx_ll_sdmmc.o
                0x0000000008003f34                SDMMC_CmdAppOperCommand
 .text.SDMMC_CmdSendCID
                0x0000000008003f7e       0x40 Drivers/STM32F4xx_HAL_Driver/Src/stm32f4xx_ll_sdmmc.o
                0x0000000008003f7e                SDMMC_CmdSendCID
 .text.SDMMC_CmdSendCSD
                0x0000000008003fbe       0x42 Drivers/STM32F4xx_HAL_Driver/Src/stm32f4xx_ll_sdmmc.o
                0x0000000008003fbe                SDMMC_CmdSendCSD
 .text.SDMMC_CmdSetRelAdd
                0x0000000008004000       0x46 Drivers/STM32F4xx_HAL_Driver/Src/stm32f4xx_ll_sdmmc.o
                0x0000000008004000                SDMMC_CmdSetRelAdd
 .text.SDMMC_CmdSendStatus
                0x0000000008004046       0x48 Drivers/STM32F4xx_HAL_Driver/Src/stm32f4xx_ll_sdmmc.o
                0x0000000008004046                SDMMC_CmdSendStatus
 *fill*         0x000000000800408e        0x2 
 .text.SDMMC_GetCmdError
                0x0000000008004090       0x54 Drivers/STM32F4xx_HAL_Driver/Src/stm32f4xx_ll_sdmmc.o
 .text.SDMMC_GetCmdResp1
                0x00000000080040e4      0x1cc Drivers/STM32F4xx_HAL_Driver/Src/stm32f4xx_ll_sdmmc.o
 .text.SDMMC_GetCmdResp2
                0x00000000080042b0       0x80 Drivers/STM32F4xx_HAL_Driver/Src/stm32f4xx_ll_sdmmc.o
 .text.SDMMC_GetCmdResp3
                0x0000000008004330       0x68 Drivers/STM32F4xx_HAL_Driver/Src/stm32f4xx_ll_sdmmc.o
 .text.SDMMC_GetCmdResp6
                0x0000000008004398       0xdc Drivers/STM32F4xx_HAL_Driver/Src/stm32f4xx_ll_sdmmc.o
 .text.SDMMC_GetCmdResp7
                0x0000000008004474       0x74 Drivers/STM32F4xx_HAL_Driver/Src/stm32f4xx_ll_sdmmc.o
 .text.FATFS_LinkDriverEx
                0x00000000080044e8       0x98 Middlewares/Third_Party/FatFs/src/ff_gen_drv.o
                0x00000000080044e8                FATFS_LinkDriverEx
 .text.FATFS_LinkDriver
                0x0000000008004580       0x1e Middlewares/Third_Party/FatFs/src/ff_gen_drv.o
                0x0000000008004580                FATFS_LinkDriver
 .text.vListInitialise
                0x000000000800459e       0x40 Middlewares/Third_Party/FreeRTOS/list.o
                0x000000000800459e                vListInitialise
 .text.vListInitialiseItem
                0x00000000080045de       0x1a Middlewares/Third_Party/FreeRTOS/list.o
                0x00000000080045de                vListInitialiseItem
 .text.vListInsertEnd
                0x00000000080045f8       0x48 Middlewares/Third_Party/FreeRTOS/list.o
                0x00000000080045f8                vListInsertEnd
 .text.vListInsert
                0x0000000008004640       0x72 Middlewares/Third_Party/FreeRTOS/list.o
                0x0000000008004640                vListInsert
 .text.uxListRemove
                0x00000000080046b2       0x54 Middlewares/Third_Party/FreeRTOS/list.o
                0x00000000080046b2                uxListRemove
 *fill*         0x0000000008004706        0x2 
 .text.xQueueGenericReset
                0x0000000008004708       0xd0 Middlewares/Third_Party/FreeRTOS/queue.o
                0x0000000008004708                xQueueGenericReset
 .text.xQueueGenericCreate
                0x00000000080047d8       0x76 Middlewares/Third_Party/FreeRTOS/queue.o
                0x00000000080047d8                xQueueGenericCreate
 .text.prvInitialiseNewQueue
                0x000000000800484e       0x46 Middlewares/Third_Party/FreeRTOS/queue.o
 .text.xQueueGenericSend
                0x0000000008004894      0x1f4 Middlewares/Third_Party/FreeRTOS/queue.o
                0x0000000008004894                xQueueGenericSend
 .text.xQueueGenericSendFromISR
                0x0000000008004a88      0x128 Middlewares/Third_Party/FreeRTOS/queue.o
                0x0000000008004a88                xQueueGenericSendFromISR
 .text.xQueueReceive
                0x0000000008004bb0      0x1b8 Middlewares/Third_Party/FreeRTOS/queue.o
                0x0000000008004bb0                xQueueReceive
 .text.prvCopyDataToQueue
                0x0000000008004d68       0xd4 Middlewares/Third_Party/FreeRTOS/queue.o
 .text.prvCopyDataFromQueue
                0x0000000008004e3c       0x4c Middlewares/Third_Party/FreeRTOS/queue.o
 .text.prvUnlockQueue
                0x0000000008004e88       0xa4 Middlewares/Third_Party/FreeRTOS/queue.o
 .text.prvIsQueueEmpty
                0x0000000008004f2c       0x2c Middlewares/Third_Party/FreeRTOS/queue.o
 .text.prvIsQueueFull
                0x0000000008004f58       0x30 Middlewares/Third_Party/FreeRTOS/queue.o
 .text.vQueueAddToRegistry
                0x0000000008004f88       0x50 Middlewares/Third_Party/FreeRTOS/queue.o
                0x0000000008004f88                vQueueAddToRegistry
 .text.vQueueWaitForMessageRestricted
                0x0000000008004fd8       0x68 Middlewares/Third_Party/FreeRTOS/queue.o
                0x0000000008004fd8                vQueueWaitForMessageRestricted
 .text.xTaskCreate
                0x0000000008005040       0x82 Middlewares/Third_Party/FreeRTOS/tasks.o
                0x0000000008005040                xTaskCreate
 .text.prvInitialiseNewTask
                0x00000000080050c2      0x11c Middlewares/Third_Party/FreeRTOS/tasks.o
 *fill*         0x00000000080051de        0x2 
 .text.prvAddNewTaskToReadyList
                0x00000000080051e0       0xdc Middlewares/Third_Party/FreeRTOS/tasks.o
 .text.vTaskDelayUntil
                0x00000000080052bc       0xf4 Middlewares/Third_Party/FreeRTOS/tasks.o
                0x00000000080052bc                vTaskDelayUntil
 .text.vTaskStartScheduler
                0x00000000080053b0       0x98 Middlewares/Third_Party/FreeRTOS/tasks.o
                0x00000000080053b0                vTaskStartScheduler
 .text.vTaskSuspendAll
                0x0000000008005448       0x1c Middlewares/Third_Party/FreeRTOS/tasks.o
                0x0000000008005448                vTaskSuspendAll
 .text.xTaskResumeAll
                0x0000000008005464      0x138 Middlewares/Third_Party/FreeRTOS/tasks.o
                0x0000000008005464                xTaskResumeAll
 .text.xTaskGetTickCount
                0x000000000800559c       0x20 Middlewares/Third_Party/FreeRTOS/tasks.o
                0x000000000800559c                xTaskGetTickCount
 .text.xTaskIncrementTick
                0x00000000080055bc      0x170 Middlewares/Third_Party/FreeRTOS/tasks.o
                0x00000000080055bc                xTaskIncrementTick
 .text.vTaskSwitchContext
                0x000000000800572c       0xb4 Middlewares/Third_Party/FreeRTOS/tasks.o
                0x000000000800572c                vTaskSwitchContext
 .text.vTaskPlaceOnEventList
                0x00000000080057e0       0x48 Middlewares/Third_Party/FreeRTOS/tasks.o
                0x00000000080057e0                vTaskPlaceOnEventList
 .text.vTaskPlaceOnEventListRestricted
                0x0000000008005828       0x54 Middlewares/Third_Party/FreeRTOS/tasks.o
                0x0000000008005828                vTaskPlaceOnEventListRestricted
 .text.xTaskRemoveFromEventList
                0x000000000800587c       0xc4 Middlewares/Third_Party/FreeRTOS/tasks.o
                0x000000000800587c                xTaskRemoveFromEventList
 .text.vTaskInternalSetTimeOutState
                0x0000000008005940       0x2c Middlewares/Third_Party/FreeRTOS/tasks.o
                0x0000000008005940                vTaskInternalSetTimeOutState
 .text.xTaskCheckForTimeOut
                0x000000000800596c       0xc0 Middlewares/Third_Party/FreeRTOS/tasks.o
                0x000000000800596c                xTaskCheckForTimeOut
 .text.vTaskMissedYield
                0x0000000008005a2c       0x18 Middlewares/Third_Party/FreeRTOS/tasks.o
                0x0000000008005a2c                vTaskMissedYield
 .text.prvIdleTask
                0x0000000008005a44       0x30 Middlewares/Third_Party/FreeRTOS/tasks.o
 .text.prvInitialiseTaskLists
                0x0000000008005a74       0x80 Middlewares/Third_Party/FreeRTOS/tasks.o
 .text.prvCheckTasksWaitingTermination
                0x0000000008005af4       0x58 Middlewares/Third_Party/FreeRTOS/tasks.o
 .text.prvDeleteTCB
                0x0000000008005b4c       0x20 Middlewares/Third_Party/FreeRTOS/tasks.o
 .text.prvResetNextTaskUnblockTime
                0x0000000008005b6c       0x40 Middlewares/Third_Party/FreeRTOS/tasks.o
 .text.xTaskGetSchedulerState
                0x0000000008005bac       0x3c Middlewares/Third_Party/FreeRTOS/tasks.o
                0x0000000008005bac                xTaskGetSchedulerState
 .text.xTaskPriorityDisinherit
                0x0000000008005be8      0x108 Middlewares/Third_Party/FreeRTOS/tasks.o
                0x0000000008005be8                xTaskPriorityDisinherit
 .text.prvAddCurrentTaskToDelayedList
                0x0000000008005cf0       0xcc Middlewares/Third_Party/FreeRTOS/tasks.o
 .text.xTimerCreateTimerTask
                0x0000000008005dbc       0x64 Middlewares/Third_Party/FreeRTOS/timers.o
                0x0000000008005dbc                xTimerCreateTimerTask
 .text.xTimerGenericCommand
                0x0000000008005e20       0x98 Middlewares/Third_Party/FreeRTOS/timers.o
                0x0000000008005e20                xTimerGenericCommand
 .text.prvProcessExpiredTimer
                0x0000000008005eb8       0x98 Middlewares/Third_Party/FreeRTOS/timers.o
 .text.prvTimerTask
                0x0000000008005f50       0x24 Middlewares/Third_Party/FreeRTOS/timers.o
 .text.prvProcessTimerOrBlockTask
                0x0000000008005f74       0x9c Middlewares/Third_Party/FreeRTOS/timers.o
 .text.prvGetNextExpireTime
                0x0000000008006010       0x48 Middlewares/Third_Party/FreeRTOS/timers.o
 .text.prvSampleTimeNow
                0x0000000008006058       0x40 Middlewares/Third_Party/FreeRTOS/timers.o
 .text.prvInsertTimerInActiveList
                0x0000000008006098       0x84 Middlewares/Third_Party/FreeRTOS/timers.o
 .text.prvProcessReceivedCommands
                0x000000000800611c      0x188 Middlewares/Third_Party/FreeRTOS/timers.o
 .text.prvSwitchTimerLists
                0x00000000080062a4       0xc8 Middlewares/Third_Party/FreeRTOS/timers.o
 .text.prvCheckForValidListAndQueue
                0x000000000800636c       0x6c Middlewares/Third_Party/FreeRTOS/timers.o
 .text.pxPortInitialiseStack
                0x00000000080063d8       0x68 Middlewares/Third_Party/FreeRTOS/portable/GCC/ARM_CM4F/port.o
                0x00000000080063d8                pxPortInitialiseStack
 .text.prvTaskExitError
                0x0000000008006440       0x54 Middlewares/Third_Party/FreeRTOS/portable/GCC/ARM_CM4F/port.o
 *fill*         0x0000000008006494        0xc 
 .text.SVC_Handler
                0x00000000080064a0       0x28 Middlewares/Third_Party/FreeRTOS/portable/GCC/ARM_CM4F/port.o
                0x00000000080064a0                SVC_Handler
 .text.prvPortStartFirstTask
                0x00000000080064c8       0x28 Middlewares/Third_Party/FreeRTOS/portable/GCC/ARM_CM4F/port.o
 .text.xPortStartScheduler
                0x00000000080064f0      0x13c Middlewares/Third_Party/FreeRTOS/portable/GCC/ARM_CM4F/port.o
                0x00000000080064f0                xPortStartScheduler
 .text.vPortEnterCritical
                0x000000000800662c       0x5c Middlewares/Third_Party/FreeRTOS/portable/GCC/ARM_CM4F/port.o
                0x000000000800662c                vPortEnterCritical
 .text.vPortExitCritical
                0x0000000008006688       0x50 Middlewares/Third_Party/FreeRTOS/portable/GCC/ARM_CM4F/port.o
                0x0000000008006688                vPortExitCritical
 *fill*         0x00000000080066d8        0x8 
 .text.PendSV_Handler
                0x00000000080066e0       0x68 Middlewares/Third_Party/FreeRTOS/portable/GCC/ARM_CM4F/port.o
                0x00000000080066e0                PendSV_Handler
 .text.SysTick_Handler
                0x0000000008006748       0x40 Middlewares/Third_Party/FreeRTOS/portable/GCC/ARM_CM4F/port.o
                0x0000000008006748                SysTick_Handler
 .text.vPortSetupTimerInterrupt
                0x0000000008006788       0x48 Middlewares/Third_Party/FreeRTOS/portable/GCC/ARM_CM4F/port.o
                0x0000000008006788                vPortSetupTimerInterrupt
 .text.vPortEnableVFP
                0x00000000080067d0       0x14 Middlewares/Third_Party/FreeRTOS/portable/GCC/ARM_CM4F/port.o
 .text.vPortValidateInterruptPriority
                0x00000000080067e4       0x7c Middlewares/Third_Party/FreeRTOS/portable/GCC/ARM_CM4F/port.o
                0x00000000080067e4                vPortValidateInterruptPriority
 .text.pvPortMalloc
                0x0000000008006860      0x11c Middlewares/Third_Party/FreeRTOS/portable/MemMang/heap_2.o
                0x0000000008006860                pvPortMalloc
 .text.vPortFree
                0x000000000800697c       0x74 Middlewares/Third_Party/FreeRTOS/portable/MemMang/heap_2.o
                0x000000000800697c                vPortFree
 .text.prvHeapInit
                0x00000000080069f0       0x54 Middlewares/Third_Party/FreeRTOS/portable/MemMang/heap_2.o
 .text.BSP_SD_Init
                0x0000000008006a44       0x30 Src/bsp_driver_sd.o
                0x0000000008006a44                BSP_SD_Init
 .text.BSP_SD_ReadBlocks
                0x0000000008006a74       0x3c Src/bsp_driver_sd.o
                0x0000000008006a74                BSP_SD_ReadBlocks
 .text.BSP_SD_WriteBlocks
                0x0000000008006ab0       0x3c Src/bsp_driver_sd.o
                0x0000000008006ab0                BSP_SD_WriteBlocks
 .text.BSP_SD_GetCardState
                0x0000000008006aec       0x20 Src/bsp_driver_sd.o
                0x0000000008006aec                BSP_SD_GetCardState
 .text.BSP_SD_GetCardInfo
                0x0000000008006b0c       0x1c Src/bsp_driver_sd.o
                0x0000000008006b0c                BSP_SD_GetCardInfo
 .text.BSP_SD_IsDetected
                0x0000000008006b28       0x24 Src/bsp_driver_sd.o
                0x0000000008006b28                BSP_SD_IsDetected
 .text.MX_FATFS_Init
                0x0000000008006b4c       0x24 Src/fatfs.o
                0x0000000008006b4c                MX_FATFS_Init
 .text.BSP_PlatformIsDetected
                0x0000000008006b70       0x2c Src/fatfs_platform.o
                0x0000000008006b70                BSP_PlatformIsDetected
 .text.SystemClock_Config
                0x0000000008006b9c       0xd4 Src/main.o
                0x0000000008006b9c                SystemClock_Config
 .text.MX_NVIC_Init
                0x0000000008006c70       0x18 Src/main.o
 .text.MX_CAN1_Init
                0x0000000008006c88       0xc0 Src/main.o
 .text.MX_SDIO_SD_Init
                0x0000000008006d48       0x40 Src/main.o
 .text.MX_USART1_UART_Init
                0x0000000008006d88       0x54 Src/main.o
 .text.MX_DMA_Init
                0x0000000008006ddc       0x50 Src/main.o
 .text.MX_GPIO_Init
                0x0000000008006e2c       0xf8 Src/main.o
 .text.main     0x0000000008006f24       0xa8 Src/main.o
                0x0000000008006f24                main
 .text.taskLed  0x0000000008006fcc       0x34 Src/main.o
                0x0000000008006fcc                taskLed
 .text.taskHandleCAN
                0x0000000008007000       0x84 Src/main.o
                0x0000000008007000                taskHandleCAN
 .text.taskLog  0x0000000008007084       0xf0 Src/main.o
                0x0000000008007084                taskLog
 .text.Error_Handler
                0x0000000008007174        0xe Src/main.o
                0x0000000008007174                Error_Handler
 *fill*         0x0000000008007182        0x2 
 .text.SD_CheckStatus
                0x0000000008007184       0x3c Src/sd_diskio.o
 .text.SD_initialize
                0x00000000080071c0       0x3c Src/sd_diskio.o
                0x00000000080071c0                SD_initialize
 .text.SD_status
                0x00000000080071fc       0x1c Src/sd_diskio.o
                0x00000000080071fc                SD_status
 .text.SD_read  0x0000000008007218       0x42 Src/sd_diskio.o
                0x0000000008007218                SD_read
 .text.SD_write
                0x000000000800725a       0x42 Src/sd_diskio.o
                0x000000000800725a                SD_write
 .text.SD_ioctl
                0x000000000800729c       0xb0 Src/sd_diskio.o
                0x000000000800729c                SD_ioctl
 .text.HAL_MspInit
                0x000000000800734c       0x50 Src/stm32f4xx_hal_msp.o
                0x000000000800734c                HAL_MspInit
 .text.HAL_CAN_MspInit
                0x000000000800739c       0x90 Src/stm32f4xx_hal_msp.o
                0x000000000800739c                HAL_CAN_MspInit
 .text.HAL_SD_MspInit
                0x000000000800742c      0x1d0 Src/stm32f4xx_hal_msp.o
                0x000000000800742c                HAL_SD_MspInit
 .text.HAL_UART_MspInit
                0x00000000080075fc       0x90 Src/stm32f4xx_hal_msp.o
                0x00000000080075fc                HAL_UART_MspInit
 .text.NMI_Handler
                0x000000000800768c        0xe Src/stm32f4xx_it.o
                0x000000000800768c                NMI_Handler
 .text.HardFault_Handler
                0x000000000800769a        0x6 Src/stm32f4xx_it.o
                0x000000000800769a                HardFault_Handler
 .text.MemManage_Handler
                0x00000000080076a0        0x6 Src/stm32f4xx_it.o
                0x00000000080076a0                MemManage_Handler
 .text.BusFault_Handler
                0x00000000080076a6        0x6 Src/stm32f4xx_it.o
                0x00000000080076a6                BusFault_Handler
 .text.UsageFault_Handler
                0x00000000080076ac        0x6 Src/stm32f4xx_it.o
                0x00000000080076ac                UsageFault_Handler
 .text.DebugMon_Handler
                0x00000000080076b2        0xe Src/stm32f4xx_it.o
                0x00000000080076b2                DebugMon_Handler
 .text.USART1_IRQHandler
                0x00000000080076c0       0x14 Src/stm32f4xx_it.o
                0x00000000080076c0                USART1_IRQHandler
 .text.DMA2_Stream3_IRQHandler
                0x00000000080076d4       0x14 Src/stm32f4xx_it.o
                0x00000000080076d4                DMA2_Stream3_IRQHandler
 .text.DMA2_Stream6_IRQHandler
                0x00000000080076e8       0x14 Src/stm32f4xx_it.o
                0x00000000080076e8                DMA2_Stream6_IRQHandler
 .text._sbrk    0x00000000080076fc       0x58 Src/sysmem.o
                0x00000000080076fc                _sbrk
 .text.SystemInit
                0x0000000008007754       0x6c Src/system_stm32f4xx.o
                0x0000000008007754                SystemInit
 .text.Reset_Handler
                0x00000000080077c0       0x50 Startup/startup_stm32f429zitx.o
                0x00000000080077c0                Reset_Handler
 .text.Default_Handler
                0x0000000008007810        0x2 Startup/startup_stm32f429zitx.o
                0x0000000008007810                RTC_Alarm_IRQHandler
                0x0000000008007810                HASH_RNG_IRQHandler
                0x0000000008007810                EXTI2_IRQHandler
                0x0000000008007810                TIM8_CC_IRQHandler
                0x0000000008007810                UART8_IRQHandler
                0x0000000008007810                SPI4_IRQHandler
                0x0000000008007810                TIM1_CC_IRQHandler
                0x0000000008007810                DMA2_Stream5_IRQHandler
                0x0000000008007810                DMA1_Stream5_IRQHandler
                0x0000000008007810                PVD_IRQHandler
                0x0000000008007810                SDIO_IRQHandler
                0x0000000008007810                TAMP_STAMP_IRQHandler
                0x0000000008007810                CAN2_RX1_IRQHandler
                0x0000000008007810                EXTI3_IRQHandler
                0x0000000008007810                TIM8_TRG_COM_TIM14_IRQHandler
                0x0000000008007810                TIM1_UP_TIM10_IRQHandler
                0x0000000008007810                TIM8_UP_TIM13_IRQHandler
                0x0000000008007810                I2C3_ER_IRQHandler
                0x0000000008007810                EXTI0_IRQHandler
                0x0000000008007810                I2C2_EV_IRQHandler
                0x0000000008007810                DMA1_Stream2_IRQHandler
                0x0000000008007810                CAN1_RX0_IRQHandler
                0x0000000008007810                FPU_IRQHandler
                0x0000000008007810                OTG_HS_WKUP_IRQHandler
                0x0000000008007810                LTDC_ER_IRQHandler
                0x0000000008007810                CAN2_SCE_IRQHandler
                0x0000000008007810                DMA2_Stream2_IRQHandler
                0x0000000008007810                SPI1_IRQHandler
                0x0000000008007810                TIM6_DAC_IRQHandler
                0x0000000008007810                TIM1_BRK_TIM9_IRQHandler
                0x0000000008007810                DCMI_IRQHandler
                0x0000000008007810                CAN2_RX0_IRQHandler
                0x0000000008007810                USART6_IRQHandler
                0x0000000008007810                USART3_IRQHandler
                0x0000000008007810                CAN1_RX1_IRQHandler
                0x0000000008007810                UART5_IRQHandler
                0x0000000008007810                DMA2_Stream0_IRQHandler
                0x0000000008007810                TIM4_IRQHandler
                0x0000000008007810                I2C1_EV_IRQHandler
                0x0000000008007810                DMA1_Stream6_IRQHandler
                0x0000000008007810                DMA1_Stream1_IRQHandler
                0x0000000008007810                UART4_IRQHandler
                0x0000000008007810                TIM3_IRQHandler
                0x0000000008007810                RCC_IRQHandler
                0x0000000008007810                TIM8_BRK_TIM12_IRQHandler
                0x0000000008007810                Default_Handler
                0x0000000008007810                EXTI15_10_IRQHandler
                0x0000000008007810                ADC_IRQHandler
                0x0000000008007810                DMA1_Stream7_IRQHandler
                0x0000000008007810                SPI5_IRQHandler
                0x0000000008007810                TIM7_IRQHandler
                0x0000000008007810                CAN2_TX_IRQHandler
                0x0000000008007810                TIM5_IRQHandler
                0x0000000008007810                DMA2_Stream7_IRQHandler
                0x0000000008007810                I2C3_EV_IRQHandler
                0x0000000008007810                EXTI9_5_IRQHandler
                0x0000000008007810                RTC_WKUP_IRQHandler
                0x0000000008007810                LTDC_IRQHandler
                0x0000000008007810                ETH_WKUP_IRQHandler
                0x0000000008007810                SPI2_IRQHandler
                0x0000000008007810                OTG_HS_EP1_IN_IRQHandler
                0x0000000008007810                DMA1_Stream0_IRQHandler
                0x0000000008007810                CAN1_TX_IRQHandler
                0x0000000008007810                EXTI4_IRQHandler
                0x0000000008007810                ETH_IRQHandler
                0x0000000008007810                OTG_HS_EP1_OUT_IRQHandler
                0x0000000008007810                WWDG_IRQHandler
                0x0000000008007810                SPI6_IRQHandler
                0x0000000008007810                TIM2_IRQHandler
                0x0000000008007810                OTG_FS_WKUP_IRQHandler
                0x0000000008007810                TIM1_TRG_COM_TIM11_IRQHandler
                0x0000000008007810                OTG_HS_IRQHandler
                0x0000000008007810                DMA2D_IRQHandler
                0x0000000008007810                EXTI1_IRQHandler
                0x0000000008007810                UART7_IRQHandler
                0x0000000008007810                USART2_IRQHandler
                0x0000000008007810                I2C2_ER_IRQHandler
                0x0000000008007810                DMA2_Stream1_IRQHandler
                0x0000000008007810                CAN1_SCE_IRQHandler
                0x0000000008007810                FLASH_IRQHandler
                0x0000000008007810                DMA2_Stream4_IRQHandler
                0x0000000008007810                OTG_FS_IRQHandler
                0x0000000008007810                SPI3_IRQHandler
                0x0000000008007810                DMA1_Stream4_IRQHandler
                0x0000000008007810                I2C1_ER_IRQHandler
                0x0000000008007810                FMC_IRQHandler
                0x0000000008007810                SAI1_IRQHandler
                0x0000000008007810                DMA1_Stream3_IRQHandler
 *fill*         0x0000000008007812        0x2 
 .text.__errno  0x0000000008007814        0xc /opt/stm32cubeide/plugins/com.st.stm32cube.ide.mcu.externaltools.gnu-tools-for-stm32.7-2018-q2-update.linux64_1.0.0.201904181610/tools/bin/../lib/gcc/arm-none-eabi/7.3.1/../../../../arm-none-eabi/lib/thumb/v7e-m/fpv4-sp/hard/libc_nano.a(lib_a-errno.o)
                0x0000000008007814                __errno
 .text.__libc_init_array
                0x0000000008007820       0x48 /opt/stm32cubeide/plugins/com.st.stm32cube.ide.mcu.externaltools.gnu-tools-for-stm32.7-2018-q2-update.linux64_1.0.0.201904181610/tools/bin/../lib/gcc/arm-none-eabi/7.3.1/../../../../arm-none-eabi/lib/thumb/v7e-m/fpv4-sp/hard/libc_nano.a(lib_a-init.o)
                0x0000000008007820                __libc_init_array
 .text.memcpy   0x0000000008007868       0x16 /opt/stm32cubeide/plugins/com.st.stm32cube.ide.mcu.externaltools.gnu-tools-for-stm32.7-2018-q2-update.linux64_1.0.0.201904181610/tools/bin/../lib/gcc/arm-none-eabi/7.3.1/../../../../arm-none-eabi/lib/thumb/v7e-m/fpv4-sp/hard/libc_nano.a(lib_a-memcpy-stub.o)
                0x0000000008007868                memcpy
 .text.memset   0x000000000800787e       0x10 /opt/stm32cubeide/plugins/com.st.stm32cube.ide.mcu.externaltools.gnu-tools-for-stm32.7-2018-q2-update.linux64_1.0.0.201904181610/tools/bin/../lib/gcc/arm-none-eabi/7.3.1/../../../../arm-none-eabi/lib/thumb/v7e-m/fpv4-sp/hard/libc_nano.a(lib_a-memset.o)
                0x000000000800787e                memset
 *fill*         0x000000000800788e        0x2 
 .text.sprintf  0x0000000008007890       0x40 /opt/stm32cubeide/plugins/com.st.stm32cube.ide.mcu.externaltools.gnu-tools-for-stm32.7-2018-q2-update.linux64_1.0.0.201904181610/tools/bin/../lib/gcc/arm-none-eabi/7.3.1/../../../../arm-none-eabi/lib/thumb/v7e-m/fpv4-sp/hard/libc_nano.a(lib_a-sprintf.o)
                0x0000000008007890                sprintf
                0x0000000008007890                siprintf
 .text.__ssputs_r
                0x00000000080078d0       0xb4 /opt/stm32cubeide/plugins/com.st.stm32cube.ide.mcu.externaltools.gnu-tools-for-stm32.7-2018-q2-update.linux64_1.0.0.201904181610/tools/bin/../lib/gcc/arm-none-eabi/7.3.1/../../../../arm-none-eabi/lib/thumb/v7e-m/fpv4-sp/hard/libc_nano.a(lib_a-nano-svfprintf.o)
                0x00000000080078d0                __ssputs_r
 .text._svfprintf_r
                0x0000000008007984      0x1f0 /opt/stm32cubeide/plugins/com.st.stm32cube.ide.mcu.externaltools.gnu-tools-for-stm32.7-2018-q2-update.linux64_1.0.0.201904181610/tools/bin/../lib/gcc/arm-none-eabi/7.3.1/../../../../arm-none-eabi/lib/thumb/v7e-m/fpv4-sp/hard/libc_nano.a(lib_a-nano-svfprintf.o)
                0x0000000008007984                _svfprintf_r
                0x0000000008007984                _svfiprintf_r
 .text._printf_common
                0x0000000008007b74       0xea /opt/stm32cubeide/plugins/com.st.stm32cube.ide.mcu.externaltools.gnu-tools-for-stm32.7-2018-q2-update.linux64_1.0.0.201904181610/tools/bin/../lib/gcc/arm-none-eabi/7.3.1/../../../../arm-none-eabi/lib/thumb/v7e-m/fpv4-sp/hard/libc_nano.a(lib_a-nano-vfprintf_i.o)
                0x0000000008007b74                _printf_common
 *fill*         0x0000000008007c5e        0x2 
 .text._printf_i
                0x0000000008007c60      0x224 /opt/stm32cubeide/plugins/com.st.stm32cube.ide.mcu.externaltools.gnu-tools-for-stm32.7-2018-q2-update.linux64_1.0.0.201904181610/tools/bin/../lib/gcc/arm-none-eabi/7.3.1/../../../../arm-none-eabi/lib/thumb/v7e-m/fpv4-sp/hard/libc_nano.a(lib_a-nano-vfprintf_i.o)
                0x0000000008007c60                _printf_i
 .text.memmove  0x0000000008007e84       0x32 /opt/stm32cubeide/plugins/com.st.stm32cube.ide.mcu.externaltools.gnu-tools-for-stm32.7-2018-q2-update.linux64_1.0.0.201904181610/tools/bin/../lib/gcc/arm-none-eabi/7.3.1/../../../../arm-none-eabi/lib/thumb/v7e-m/fpv4-sp/hard/libc_nano.a(lib_a-memmove.o)
                0x0000000008007e84                memmove
 *fill*         0x0000000008007eb6        0x2 
 .text._free_r  0x0000000008007eb8       0x9c /opt/stm32cubeide/plugins/com.st.stm32cube.ide.mcu.externaltools.gnu-tools-for-stm32.7-2018-q2-update.linux64_1.0.0.201904181610/tools/bin/../lib/gcc/arm-none-eabi/7.3.1/../../../../arm-none-eabi/lib/thumb/v7e-m/fpv4-sp/hard/libc_nano.a(lib_a-nano-freer.o)
                0x0000000008007eb8                _free_r
 .text._malloc_r
                0x0000000008007f54       0xb4 /opt/stm32cubeide/plugins/com.st.stm32cube.ide.mcu.externaltools.gnu-tools-for-stm32.7-2018-q2-update.linux64_1.0.0.201904181610/tools/bin/../lib/gcc/arm-none-eabi/7.3.1/../../../../arm-none-eabi/lib/thumb/v7e-m/fpv4-sp/hard/libc_nano.a(lib_a-nano-mallocr.o)
                0x0000000008007f54                _malloc_r
 .text._realloc_r
                0x0000000008008008       0x4c /opt/stm32cubeide/plugins/com.st.stm32cube.ide.mcu.externaltools.gnu-tools-for-stm32.7-2018-q2-update.linux64_1.0.0.201904181610/tools/bin/../lib/gcc/arm-none-eabi/7.3.1/../../../../arm-none-eabi/lib/thumb/v7e-m/fpv4-sp/hard/libc_nano.a(lib_a-nano-reallocr.o)
                0x0000000008008008                _realloc_r
 .text._sbrk_r  0x0000000008008054       0x20 /opt/stm32cubeide/plugins/com.st.stm32cube.ide.mcu.externaltools.gnu-tools-for-stm32.7-2018-q2-update.linux64_1.0.0.201904181610/tools/bin/../lib/gcc/arm-none-eabi/7.3.1/../../../../arm-none-eabi/lib/thumb/v7e-m/fpv4-sp/hard/libc_nano.a(lib_a-sbrkr.o)
                0x0000000008008054                _sbrk_r
 .text.__malloc_lock
                0x0000000008008074        0x2 /opt/stm32cubeide/plugins/com.st.stm32cube.ide.mcu.externaltools.gnu-tools-for-stm32.7-2018-q2-update.linux64_1.0.0.201904181610/tools/bin/../lib/gcc/arm-none-eabi/7.3.1/../../../../arm-none-eabi/lib/thumb/v7e-m/fpv4-sp/hard/libc_nano.a(lib_a-mlock.o)
                0x0000000008008074                __malloc_lock
 .text.__malloc_unlock
                0x0000000008008076        0x2 /opt/stm32cubeide/plugins/com.st.stm32cube.ide.mcu.externaltools.gnu-tools-for-stm32.7-2018-q2-update.linux64_1.0.0.201904181610/tools/bin/../lib/gcc/arm-none-eabi/7.3.1/../../../../arm-none-eabi/lib/thumb/v7e-m/fpv4-sp/hard/libc_nano.a(lib_a-mlock.o)
                0x0000000008008076                __malloc_unlock
 .text._malloc_usable_size_r
                0x0000000008008078       0x10 /opt/stm32cubeide/plugins/com.st.stm32cube.ide.mcu.externaltools.gnu-tools-for-stm32.7-2018-q2-update.linux64_1.0.0.201904181610/tools/bin/../lib/gcc/arm-none-eabi/7.3.1/../../../../arm-none-eabi/lib/thumb/v7e-m/fpv4-sp/hard/libc_nano.a(lib_a-nano-msizer.o)
                0x0000000008008078                _malloc_usable_size_r
 *(.glue_7)
 .glue_7        0x0000000008008088        0x0 linker stubs
 *(.glue_7t)
 .glue_7t       0x0000000008008088        0x0 linker stubs
 *(.eh_frame)
 .eh_frame      0x0000000008008088        0x0 /opt/stm32cubeide/plugins/com.st.stm32cube.ide.mcu.externaltools.gnu-tools-for-stm32.7-2018-q2-update.linux64_1.0.0.201904181610/tools/bin/../lib/gcc/arm-none-eabi/7.3.1/thumb/v7e-m/fpv4-sp/hard/crtbegin.o
 *(.init)
 .init          0x0000000008008088        0x4 /opt/stm32cubeide/plugins/com.st.stm32cube.ide.mcu.externaltools.gnu-tools-for-stm32.7-2018-q2-update.linux64_1.0.0.201904181610/tools/bin/../lib/gcc/arm-none-eabi/7.3.1/thumb/v7e-m/fpv4-sp/hard/crti.o
                0x0000000008008088                _init
 .init          0x000000000800808c        0x8 /opt/stm32cubeide/plugins/com.st.stm32cube.ide.mcu.externaltools.gnu-tools-for-stm32.7-2018-q2-update.linux64_1.0.0.201904181610/tools/bin/../lib/gcc/arm-none-eabi/7.3.1/thumb/v7e-m/fpv4-sp/hard/crtn.o
 *(.fini)
 .fini          0x0000000008008094        0x4 /opt/stm32cubeide/plugins/com.st.stm32cube.ide.mcu.externaltools.gnu-tools-for-stm32.7-2018-q2-update.linux64_1.0.0.201904181610/tools/bin/../lib/gcc/arm-none-eabi/7.3.1/thumb/v7e-m/fpv4-sp/hard/crti.o
                0x0000000008008094                _fini
 .fini          0x0000000008008098        0x8 /opt/stm32cubeide/plugins/com.st.stm32cube.ide.mcu.externaltools.gnu-tools-for-stm32.7-2018-q2-update.linux64_1.0.0.201904181610/tools/bin/../lib/gcc/arm-none-eabi/7.3.1/thumb/v7e-m/fpv4-sp/hard/crtn.o
                0x00000000080080a0                . = ALIGN (0x4)
                0x00000000080080a0                _etext = .

.vfp11_veneer   0x00000000080080a0        0x0
 .vfp11_veneer  0x00000000080080a0        0x0 linker stubs

.v4_bx          0x00000000080080a0        0x0
 .v4_bx         0x00000000080080a0        0x0 linker stubs

.iplt           0x00000000080080a0        0x0
 .iplt          0x00000000080080a0        0x0 /opt/stm32cubeide/plugins/com.st.stm32cube.ide.mcu.externaltools.gnu-tools-for-stm32.7-2018-q2-update.linux64_1.0.0.201904181610/tools/bin/../lib/gcc/arm-none-eabi/7.3.1/thumb/v7e-m/fpv4-sp/hard/crtbegin.o

.rodata         0x00000000080080a0       0xe4
                0x00000000080080a0                . = ALIGN (0x4)
 *(.rodata)
 .rodata        0x00000000080080a0        0x5 Middlewares/Third_Party/FreeRTOS/tasks.o
 *fill*         0x00000000080080a5        0x3 
 .rodata        0x00000000080080a8        0xd Middlewares/Third_Party/FreeRTOS/timers.o
 *fill*         0x00000000080080b5        0x3 
 .rodata        0x00000000080080b8       0x62 Src/main.o
 *(.rodata*)
 *fill*         0x000000000800811a        0x2 
 .rodata.flagBitshiftOffset.8221
                0x000000000800811c        0x8 Drivers/STM32F4xx_HAL_Driver/Src/stm32f4xx_hal_dma.o
 .rodata.SD_Driver
                0x0000000008008124       0x14 Src/sd_diskio.o
                0x0000000008008124                SD_Driver
 .rodata.AHBPrescTable
                0x0000000008008138       0x10 Src/system_stm32f4xx.o
                0x0000000008008138                AHBPrescTable
 .rodata.APBPrescTable
                0x0000000008008148        0x8 Src/system_stm32f4xx.o
                0x0000000008008148                APBPrescTable
 .rodata._svfprintf_r.str1.1
                0x0000000008008150       0x11 /opt/stm32cubeide/plugins/com.st.stm32cube.ide.mcu.externaltools.gnu-tools-for-stm32.7-2018-q2-update.linux64_1.0.0.201904181610/tools/bin/../lib/gcc/arm-none-eabi/7.3.1/../../../../arm-none-eabi/lib/thumb/v7e-m/fpv4-sp/hard/libc_nano.a(lib_a-nano-svfprintf.o)
 .rodata._printf_i.str1.1
                0x0000000008008161       0x22 /opt/stm32cubeide/plugins/com.st.stm32cube.ide.mcu.externaltools.gnu-tools-for-stm32.7-2018-q2-update.linux64_1.0.0.201904181610/tools/bin/../lib/gcc/arm-none-eabi/7.3.1/../../../../arm-none-eabi/lib/thumb/v7e-m/fpv4-sp/hard/libc_nano.a(lib_a-nano-vfprintf_i.o)
                0x0000000008008184                . = ALIGN (0x4)
 *fill*         0x0000000008008183        0x1 

.ARM.extab      0x0000000008008184        0x0
                0x0000000008008184                . = ALIGN (0x4)
 *(.ARM.extab* .gnu.linkonce.armextab.*)
                0x0000000008008184                . = ALIGN (0x4)

.ARM            0x0000000008008184        0x8
                0x0000000008008184                . = ALIGN (0x4)
                0x0000000008008184                __exidx_start = .
 *(.ARM.exidx*)
 .ARM.exidx     0x0000000008008184        0x8 /opt/stm32cubeide/plugins/com.st.stm32cube.ide.mcu.externaltools.gnu-tools-for-stm32.7-2018-q2-update.linux64_1.0.0.201904181610/tools/bin/../lib/gcc/arm-none-eabi/7.3.1/thumb/v7e-m/fpv4-sp/hard/libgcc.a(_udivmoddi4.o)
                0x000000000800818c                __exidx_end = .
                0x000000000800818c                . = ALIGN (0x4)

.rel.dyn        0x000000000800818c        0x0
 .rel.iplt      0x000000000800818c        0x0 /opt/stm32cubeide/plugins/com.st.stm32cube.ide.mcu.externaltools.gnu-tools-for-stm32.7-2018-q2-update.linux64_1.0.0.201904181610/tools/bin/../lib/gcc/arm-none-eabi/7.3.1/thumb/v7e-m/fpv4-sp/hard/crtbegin.o

.preinit_array  0x000000000800818c        0x0
                0x000000000800818c                . = ALIGN (0x4)
                0x000000000800818c                PROVIDE (__preinit_array_start = .)
 *(.preinit_array*)
                0x000000000800818c                PROVIDE (__preinit_array_end = .)
                0x000000000800818c                . = ALIGN (0x4)

.init_array     0x000000000800818c        0x4
                0x000000000800818c                . = ALIGN (0x4)
                0x000000000800818c                PROVIDE (__init_array_start = .)
 *(SORT_BY_NAME(.init_array.*))
 *(.init_array*)
 .init_array    0x000000000800818c        0x4 /opt/stm32cubeide/plugins/com.st.stm32cube.ide.mcu.externaltools.gnu-tools-for-stm32.7-2018-q2-update.linux64_1.0.0.201904181610/tools/bin/../lib/gcc/arm-none-eabi/7.3.1/thumb/v7e-m/fpv4-sp/hard/crtbegin.o
                0x0000000008008190                PROVIDE (__init_array_end = .)
                0x0000000008008190                . = ALIGN (0x4)

.fini_array     0x0000000008008190        0x4
                0x0000000008008190                . = ALIGN (0x4)
                [!provide]                        PROVIDE (__fini_array_start = .)
 *(SORT_BY_NAME(.fini_array.*))
 *(.fini_array*)
 .fini_array    0x0000000008008190        0x4 /opt/stm32cubeide/plugins/com.st.stm32cube.ide.mcu.externaltools.gnu-tools-for-stm32.7-2018-q2-update.linux64_1.0.0.201904181610/tools/bin/../lib/gcc/arm-none-eabi/7.3.1/thumb/v7e-m/fpv4-sp/hard/crtbegin.o
                [!provide]                        PROVIDE (__fini_array_end = .)
                0x0000000008008194                . = ALIGN (0x4)
                0x0000000008008194                _sidata = LOADADDR (.data)

.data           0x0000000020000000       0x7c load address 0x0000000008008194
                0x0000000020000000                . = ALIGN (0x4)
                0x0000000020000000                _sdata = .
 *(.data)
 *(.data*)
 .data.uwTickPrio
                0x0000000020000000        0x4 Drivers/STM32F4xx_HAL_Driver/Src/stm32f4xx_hal.o
                0x0000000020000000                uwTickPrio
 .data.uwTickFreq
                0x0000000020000004        0x1 Drivers/STM32F4xx_HAL_Driver/Src/stm32f4xx_hal.o
                0x0000000020000004                uwTickFreq
 *fill*         0x0000000020000005        0x3 
 .data.uxCriticalNesting
                0x0000000020000008        0x4 Middlewares/Third_Party/FreeRTOS/portable/GCC/ARM_CM4F/port.o
 .data.xFreeBytesRemaining
                0x000000002000000c        0x4 Middlewares/Third_Party/FreeRTOS/portable/MemMang/heap_2.o
 .data.Stat     0x0000000020000010        0x1 Src/sd_diskio.o
 *fill*         0x0000000020000011        0x3 
 .data.SystemCoreClock
                0x0000000020000014        0x4 Src/system_stm32f4xx.o
                0x0000000020000014                SystemCoreClock
 .data._impure_ptr
                0x0000000020000018        0x4 /opt/stm32cubeide/plugins/com.st.stm32cube.ide.mcu.externaltools.gnu-tools-for-stm32.7-2018-q2-update.linux64_1.0.0.201904181610/tools/bin/../lib/gcc/arm-none-eabi/7.3.1/../../../../arm-none-eabi/lib/thumb/v7e-m/fpv4-sp/hard/libc_nano.a(lib_a-impure.o)
                0x0000000020000018                _impure_ptr
 .data.impure_data
                0x000000002000001c       0x60 /opt/stm32cubeide/plugins/com.st.stm32cube.ide.mcu.externaltools.gnu-tools-for-stm32.7-2018-q2-update.linux64_1.0.0.201904181610/tools/bin/../lib/gcc/arm-none-eabi/7.3.1/../../../../arm-none-eabi/lib/thumb/v7e-m/fpv4-sp/hard/libc_nano.a(lib_a-impure.o)
                0x000000002000007c                . = ALIGN (0x4)
                0x000000002000007c                _edata = .

.igot.plt       0x000000002000007c        0x0 load address 0x0000000008008210
 .igot.plt      0x000000002000007c        0x0 /opt/stm32cubeide/plugins/com.st.stm32cube.ide.mcu.externaltools.gnu-tools-for-stm32.7-2018-q2-update.linux64_1.0.0.201904181610/tools/bin/../lib/gcc/arm-none-eabi/7.3.1/thumb/v7e-m/fpv4-sp/hard/crtbegin.o
                0x000000002000007c                . = ALIGN (0x4)

.bss            0x000000002000007c    0x1344c load address 0x0000000008008210
                0x000000002000007c                _sbss = .
                0x000000002000007c                __bss_start__ = _sbss
 *(.bss)
 .bss           0x000000002000007c       0x1c /opt/stm32cubeide/plugins/com.st.stm32cube.ide.mcu.externaltools.gnu-tools-for-stm32.7-2018-q2-update.linux64_1.0.0.201904181610/tools/bin/../lib/gcc/arm-none-eabi/7.3.1/thumb/v7e-m/fpv4-sp/hard/crtbegin.o
 *(.bss*)
 .bss.disk      0x0000000020000098        0xc Middlewares/Third_Party/FatFs/src/ff_gen_drv.o
                0x0000000020000098                disk
 .bss.pxCurrentTCB
                0x00000000200000a4        0x4 Middlewares/Third_Party/FreeRTOS/tasks.o
                0x00000000200000a4                pxCurrentTCB
 .bss.pxReadyTasksLists
                0x00000000200000a8       0x64 Middlewares/Third_Party/FreeRTOS/tasks.o
 .bss.xDelayedTaskList1
                0x000000002000010c       0x14 Middlewares/Third_Party/FreeRTOS/tasks.o
 .bss.xDelayedTaskList2
                0x0000000020000120       0x14 Middlewares/Third_Party/FreeRTOS/tasks.o
 .bss.pxDelayedTaskList
                0x0000000020000134        0x4 Middlewares/Third_Party/FreeRTOS/tasks.o
 .bss.pxOverflowDelayedTaskList
                0x0000000020000138        0x4 Middlewares/Third_Party/FreeRTOS/tasks.o
 .bss.xPendingReadyList
                0x000000002000013c       0x14 Middlewares/Third_Party/FreeRTOS/tasks.o
 .bss.xTasksWaitingTermination
                0x0000000020000150       0x14 Middlewares/Third_Party/FreeRTOS/tasks.o
 .bss.uxDeletedTasksWaitingCleanUp
                0x0000000020000164        0x4 Middlewares/Third_Party/FreeRTOS/tasks.o
 .bss.xSuspendedTaskList
                0x0000000020000168       0x14 Middlewares/Third_Party/FreeRTOS/tasks.o
 .bss.uxCurrentNumberOfTasks
                0x000000002000017c        0x4 Middlewares/Third_Party/FreeRTOS/tasks.o
 .bss.xTickCount
                0x0000000020000180        0x4 Middlewares/Third_Party/FreeRTOS/tasks.o
 .bss.uxTopReadyPriority
                0x0000000020000184        0x4 Middlewares/Third_Party/FreeRTOS/tasks.o
 .bss.xSchedulerRunning
                0x0000000020000188        0x4 Middlewares/Third_Party/FreeRTOS/tasks.o
 .bss.uxPendedTicks
                0x000000002000018c        0x4 Middlewares/Third_Party/FreeRTOS/tasks.o
 .bss.xYieldPending
                0x0000000020000190        0x4 Middlewares/Third_Party/FreeRTOS/tasks.o
 .bss.xNumOfOverflows
                0x0000000020000194        0x4 Middlewares/Third_Party/FreeRTOS/tasks.o
 .bss.uxTaskNumber
                0x0000000020000198        0x4 Middlewares/Third_Party/FreeRTOS/tasks.o
 .bss.xNextTaskUnblockTime
                0x000000002000019c        0x4 Middlewares/Third_Party/FreeRTOS/tasks.o
 .bss.xIdleTaskHandle
                0x00000000200001a0        0x4 Middlewares/Third_Party/FreeRTOS/tasks.o
 .bss.uxSchedulerSuspended
                0x00000000200001a4        0x4 Middlewares/Third_Party/FreeRTOS/tasks.o
 .bss.xActiveTimerList1
                0x00000000200001a8       0x14 Middlewares/Third_Party/FreeRTOS/timers.o
 .bss.xActiveTimerList2
                0x00000000200001bc       0x14 Middlewares/Third_Party/FreeRTOS/timers.o
 .bss.pxCurrentTimerList
                0x00000000200001d0        0x4 Middlewares/Third_Party/FreeRTOS/timers.o
 .bss.pxOverflowTimerList
                0x00000000200001d4        0x4 Middlewares/Third_Party/FreeRTOS/timers.o
 .bss.xTimerQueue
                0x00000000200001d8        0x4 Middlewares/Third_Party/FreeRTOS/timers.o
 .bss.xTimerTaskHandle
                0x00000000200001dc        0x4 Middlewares/Third_Party/FreeRTOS/timers.o
 .bss.xLastTime.6701
                0x00000000200001e0        0x4 Middlewares/Third_Party/FreeRTOS/timers.o
 .bss.ucMaxSysCallPriority
                0x00000000200001e4        0x1 Middlewares/Third_Party/FreeRTOS/portable/GCC/ARM_CM4F/port.o
 *fill*         0x00000000200001e5        0x3 
 .bss.ulMaxPRIGROUPValue
                0x00000000200001e8        0x4 Middlewares/Third_Party/FreeRTOS/portable/GCC/ARM_CM4F/port.o
 .bss.ucHeap    0x00000000200001ec    0x12c00 Middlewares/Third_Party/FreeRTOS/portable/MemMang/heap_2.o
 .bss.xStart    0x0000000020012dec        0x8 Middlewares/Third_Party/FreeRTOS/portable/MemMang/heap_2.o
 .bss.xEnd      0x0000000020012df4        0x8 Middlewares/Third_Party/FreeRTOS/portable/MemMang/heap_2.o
 .bss.xHeapHasBeenInitialised.6397
                0x0000000020012dfc        0x4 Middlewares/Third_Party/FreeRTOS/portable/MemMang/heap_2.o
 .bss.flagDateSet
                0x0000000020012e00        0x1 Src/main.o
                0x0000000020012e00                flagDateSet
 *fill*         0x0000000020012e01        0x3 
 .bss.heap_end.6424
                0x0000000020012e04        0x4 Src/sysmem.o
 .bss.__malloc_free_list
                0x0000000020012e08        0x4 /opt/stm32cubeide/plugins/com.st.stm32cube.ide.mcu.externaltools.gnu-tools-for-stm32.7-2018-q2-update.linux64_1.0.0.201904181610/tools/bin/../lib/gcc/arm-none-eabi/7.3.1/../../../../arm-none-eabi/lib/thumb/v7e-m/fpv4-sp/hard/libc_nano.a(lib_a-nano-mallocr.o)
                0x0000000020012e08                __malloc_free_list
 .bss.__malloc_sbrk_start
                0x0000000020012e0c        0x4 /opt/stm32cubeide/plugins/com.st.stm32cube.ide.mcu.externaltools.gnu-tools-for-stm32.7-2018-q2-update.linux64_1.0.0.201904181610/tools/bin/../lib/gcc/arm-none-eabi/7.3.1/../../../../arm-none-eabi/lib/thumb/v7e-m/fpv4-sp/hard/libc_nano.a(lib_a-nano-mallocr.o)
                0x0000000020012e0c                __malloc_sbrk_start
 *(COMMON)
 COMMON         0x0000000020012e10        0x4 Drivers/STM32F4xx_HAL_Driver/Src/stm32f4xx_hal.o
                0x0000000020012e10                uwTick
 COMMON         0x0000000020012e14       0x40 Middlewares/Third_Party/FreeRTOS/queue.o
                0x0000000020012e14                xQueueRegistry
 COMMON         0x0000000020012e54      0x468 Src/fatfs.o
                0x0000000020012e54                retSD
                0x0000000020012e58                SDPath
                0x0000000020012e5c                SDFile
                0x000000002001308c                SDFatFS
 COMMON         0x00000000200132bc      0x208 Src/main.o
                0x00000000200132bc                sFilterConfig
                0x00000000200132e4                hdma_sdio_rx
                0x0000000020013344                taskLedHandle
                0x0000000020013348                huart1
                0x0000000020013388                taskLogHandle
                0x000000002001338c                taskHandleCANHandle
                0x0000000020013390                xQueueCAN
                0x0000000020013394                hdma_sdio_tx
                0x00000000200133f4                hsd
                0x0000000020013478                RxData
                0x0000000020013480                hcan1
                0x00000000200134a8                RxHeader
 COMMON         0x00000000200134c4        0x4 /opt/stm32cubeide/plugins/com.st.stm32cube.ide.mcu.externaltools.gnu-tools-for-stm32.7-2018-q2-update.linux64_1.0.0.201904181610/tools/bin/../lib/gcc/arm-none-eabi/7.3.1/../../../../arm-none-eabi/lib/thumb/v7e-m/fpv4-sp/hard/libc_nano.a(lib_a-reent.o)
                0x00000000200134c4                errno
                0x00000000200134c8                . = ALIGN (0x4)
                0x00000000200134c8                _ebss = .
                0x00000000200134c8                __bss_end__ = _ebss

._user_heap_stack
                0x00000000200134c8      0x600 load address 0x0000000008008210
                0x00000000200134c8                . = ALIGN (0x8)
                0x00000000200134c8                PROVIDE (end = .)
                [!provide]                        PROVIDE (_end = .)
                0x00000000200136c8                . = (. + _Min_Heap_Size)
 *fill*         0x00000000200134c8      0x200 
                0x0000000020013ac8                . = (. + _Min_Stack_Size)
 *fill*         0x00000000200136c8      0x400 
                0x0000000020013ac8                . = ALIGN (0x8)

/DISCARD/
 libc.a(*)
 libm.a(*)
 libgcc.a(*)

.ARM.attributes
                0x0000000000000000       0x30
 *(.ARM.attributes)
 .ARM.attributes
                0x0000000000000000       0x22 /opt/stm32cubeide/plugins/com.st.stm32cube.ide.mcu.externaltools.gnu-tools-for-stm32.7-2018-q2-update.linux64_1.0.0.201904181610/tools/bin/../lib/gcc/arm-none-eabi/7.3.1/thumb/v7e-m/fpv4-sp/hard/crti.o
 .ARM.attributes
                0x0000000000000022       0x34 /opt/stm32cubeide/plugins/com.st.stm32cube.ide.mcu.externaltools.gnu-tools-for-stm32.7-2018-q2-update.linux64_1.0.0.201904181610/tools/bin/../lib/gcc/arm-none-eabi/7.3.1/thumb/v7e-m/fpv4-sp/hard/crtbegin.o
 .ARM.attributes
                0x0000000000000056       0x39 Drivers/STM32F4xx_HAL_Driver/Src/stm32f4xx_hal.o
 .ARM.attributes
                0x000000000000008f       0x39 Drivers/STM32F4xx_HAL_Driver/Src/stm32f4xx_hal_can.o
 .ARM.attributes
                0x00000000000000c8       0x39 Drivers/STM32F4xx_HAL_Driver/Src/stm32f4xx_hal_cortex.o
 .ARM.attributes
                0x0000000000000101       0x39 Drivers/STM32F4xx_HAL_Driver/Src/stm32f4xx_hal_dma.o
 .ARM.attributes
                0x000000000000013a       0x39 Drivers/STM32F4xx_HAL_Driver/Src/stm32f4xx_hal_gpio.o
 .ARM.attributes
                0x0000000000000173       0x39 Drivers/STM32F4xx_HAL_Driver/Src/stm32f4xx_hal_rcc.o
 .ARM.attributes
                0x00000000000001ac       0x39 Drivers/STM32F4xx_HAL_Driver/Src/stm32f4xx_hal_sd.o
 .ARM.attributes
                0x00000000000001e5       0x39 Drivers/STM32F4xx_HAL_Driver/Src/stm32f4xx_hal_uart.o
 .ARM.attributes
                0x000000000000021e       0x39 Drivers/STM32F4xx_HAL_Driver/Src/stm32f4xx_ll_sdmmc.o
 .ARM.attributes
                0x0000000000000257       0x39 Middlewares/Third_Party/FatFs/src/ff_gen_drv.o
 .ARM.attributes
                0x0000000000000290       0x39 Middlewares/Third_Party/FreeRTOS/list.o
 .ARM.attributes
                0x00000000000002c9       0x39 Middlewares/Third_Party/FreeRTOS/queue.o
 .ARM.attributes
                0x0000000000000302       0x39 Middlewares/Third_Party/FreeRTOS/tasks.o
 .ARM.attributes
                0x000000000000033b       0x39 Middlewares/Third_Party/FreeRTOS/timers.o
 .ARM.attributes
                0x0000000000000374       0x39 Middlewares/Third_Party/FreeRTOS/portable/GCC/ARM_CM4F/port.o
 .ARM.attributes
                0x00000000000003ad       0x39 Middlewares/Third_Party/FreeRTOS/portable/MemMang/heap_2.o
 .ARM.attributes
                0x00000000000003e6       0x39 Src/bsp_driver_sd.o
 .ARM.attributes
                0x000000000000041f       0x39 Src/fatfs.o
 .ARM.attributes
                0x0000000000000458       0x39 Src/fatfs_platform.o
 .ARM.attributes
                0x0000000000000491       0x39 Src/main.o
 .ARM.attributes
                0x00000000000004ca       0x39 Src/sd_diskio.o
 .ARM.attributes
                0x0000000000000503       0x39 Src/stm32f4xx_hal_msp.o
 .ARM.attributes
                0x000000000000053c       0x39 Src/stm32f4xx_it.o
 .ARM.attributes
                0x0000000000000575       0x39 Src/sysmem.o
 .ARM.attributes
                0x00000000000005ae       0x39 Src/system_stm32f4xx.o
 .ARM.attributes
                0x00000000000005e7       0x21 Startup/startup_stm32f429zitx.o
 .ARM.attributes
                0x0000000000000608       0x34 /opt/stm32cubeide/plugins/com.st.stm32cube.ide.mcu.externaltools.gnu-tools-for-stm32.7-2018-q2-update.linux64_1.0.0.201904181610/tools/bin/../lib/gcc/arm-none-eabi/7.3.1/../../../../arm-none-eabi/lib/thumb/v7e-m/fpv4-sp/hard/libc_nano.a(lib_a-errno.o)
 .ARM.attributes
                0x000000000000063c       0x34 /opt/stm32cubeide/plugins/com.st.stm32cube.ide.mcu.externaltools.gnu-tools-for-stm32.7-2018-q2-update.linux64_1.0.0.201904181610/tools/bin/../lib/gcc/arm-none-eabi/7.3.1/../../../../arm-none-eabi/lib/thumb/v7e-m/fpv4-sp/hard/libc_nano.a(lib_a-impure.o)
 .ARM.attributes
                0x0000000000000670       0x34 /opt/stm32cubeide/plugins/com.st.stm32cube.ide.mcu.externaltools.gnu-tools-for-stm32.7-2018-q2-update.linux64_1.0.0.201904181610/tools/bin/../lib/gcc/arm-none-eabi/7.3.1/../../../../arm-none-eabi/lib/thumb/v7e-m/fpv4-sp/hard/libc_nano.a(lib_a-init.o)
 .ARM.attributes
                0x00000000000006a4       0x34 /opt/stm32cubeide/plugins/com.st.stm32cube.ide.mcu.externaltools.gnu-tools-for-stm32.7-2018-q2-update.linux64_1.0.0.201904181610/tools/bin/../lib/gcc/arm-none-eabi/7.3.1/../../../../arm-none-eabi/lib/thumb/v7e-m/fpv4-sp/hard/libc_nano.a(lib_a-memcpy-stub.o)
 .ARM.attributes
                0x00000000000006d8       0x34 /opt/stm32cubeide/plugins/com.st.stm32cube.ide.mcu.externaltools.gnu-tools-for-stm32.7-2018-q2-update.linux64_1.0.0.201904181610/tools/bin/../lib/gcc/arm-none-eabi/7.3.1/../../../../arm-none-eabi/lib/thumb/v7e-m/fpv4-sp/hard/libc_nano.a(lib_a-memset.o)
 .ARM.attributes
                0x000000000000070c       0x34 /opt/stm32cubeide/plugins/com.st.stm32cube.ide.mcu.externaltools.gnu-tools-for-stm32.7-2018-q2-update.linux64_1.0.0.201904181610/tools/bin/../lib/gcc/arm-none-eabi/7.3.1/../../../../arm-none-eabi/lib/thumb/v7e-m/fpv4-sp/hard/libc_nano.a(lib_a-sprintf.o)
 .ARM.attributes
                0x0000000000000740       0x34 /opt/stm32cubeide/plugins/com.st.stm32cube.ide.mcu.externaltools.gnu-tools-for-stm32.7-2018-q2-update.linux64_1.0.0.201904181610/tools/bin/../lib/gcc/arm-none-eabi/7.3.1/../../../../arm-none-eabi/lib/thumb/v7e-m/fpv4-sp/hard/libc_nano.a(lib_a-nano-svfprintf.o)
 .ARM.attributes
                0x0000000000000774       0x34 /opt/stm32cubeide/plugins/com.st.stm32cube.ide.mcu.externaltools.gnu-tools-for-stm32.7-2018-q2-update.linux64_1.0.0.201904181610/tools/bin/../lib/gcc/arm-none-eabi/7.3.1/../../../../arm-none-eabi/lib/thumb/v7e-m/fpv4-sp/hard/libc_nano.a(lib_a-nano-vfprintf_i.o)
 .ARM.attributes
                0x00000000000007a8       0x20 /opt/stm32cubeide/plugins/com.st.stm32cube.ide.mcu.externaltools.gnu-tools-for-stm32.7-2018-q2-update.linux64_1.0.0.201904181610/tools/bin/../lib/gcc/arm-none-eabi/7.3.1/../../../../arm-none-eabi/lib/thumb/v7e-m/fpv4-sp/hard/libc_nano.a(lib_a-memchr.o)
 .ARM.attributes
                0x00000000000007c8       0x34 /opt/stm32cubeide/plugins/com.st.stm32cube.ide.mcu.externaltools.gnu-tools-for-stm32.7-2018-q2-update.linux64_1.0.0.201904181610/tools/bin/../lib/gcc/arm-none-eabi/7.3.1/../../../../arm-none-eabi/lib/thumb/v7e-m/fpv4-sp/hard/libc_nano.a(lib_a-memmove.o)
 .ARM.attributes
                0x00000000000007fc       0x34 /opt/stm32cubeide/plugins/com.st.stm32cube.ide.mcu.externaltools.gnu-tools-for-stm32.7-2018-q2-update.linux64_1.0.0.201904181610/tools/bin/../lib/gcc/arm-none-eabi/7.3.1/../../../../arm-none-eabi/lib/thumb/v7e-m/fpv4-sp/hard/libc_nano.a(lib_a-nano-freer.o)
 .ARM.attributes
                0x0000000000000830       0x34 /opt/stm32cubeide/plugins/com.st.stm32cube.ide.mcu.externaltools.gnu-tools-for-stm32.7-2018-q2-update.linux64_1.0.0.201904181610/tools/bin/../lib/gcc/arm-none-eabi/7.3.1/../../../../arm-none-eabi/lib/thumb/v7e-m/fpv4-sp/hard/libc_nano.a(lib_a-nano-mallocr.o)
 .ARM.attributes
                0x0000000000000864       0x34 /opt/stm32cubeide/plugins/com.st.stm32cube.ide.mcu.externaltools.gnu-tools-for-stm32.7-2018-q2-update.linux64_1.0.0.201904181610/tools/bin/../lib/gcc/arm-none-eabi/7.3.1/../../../../arm-none-eabi/lib/thumb/v7e-m/fpv4-sp/hard/libc_nano.a(lib_a-nano-reallocr.o)
 .ARM.attributes
                0x0000000000000898       0x34 /opt/stm32cubeide/plugins/com.st.stm32cube.ide.mcu.externaltools.gnu-tools-for-stm32.7-2018-q2-update.linux64_1.0.0.201904181610/tools/bin/../lib/gcc/arm-none-eabi/7.3.1/../../../../arm-none-eabi/lib/thumb/v7e-m/fpv4-sp/hard/libc_nano.a(lib_a-sbrkr.o)
 .ARM.attributes
                0x00000000000008cc       0x34 /opt/stm32cubeide/plugins/com.st.stm32cube.ide.mcu.externaltools.gnu-tools-for-stm32.7-2018-q2-update.linux64_1.0.0.201904181610/tools/bin/../lib/gcc/arm-none-eabi/7.3.1/../../../../arm-none-eabi/lib/thumb/v7e-m/fpv4-sp/hard/libc_nano.a(lib_a-mlock.o)
 .ARM.attributes
                0x0000000000000900       0x34 /opt/stm32cubeide/plugins/com.st.stm32cube.ide.mcu.externaltools.gnu-tools-for-stm32.7-2018-q2-update.linux64_1.0.0.201904181610/tools/bin/../lib/gcc/arm-none-eabi/7.3.1/../../../../arm-none-eabi/lib/thumb/v7e-m/fpv4-sp/hard/libc_nano.a(lib_a-nano-msizer.o)
 .ARM.attributes
                0x0000000000000934       0x34 /opt/stm32cubeide/plugins/com.st.stm32cube.ide.mcu.externaltools.gnu-tools-for-stm32.7-2018-q2-update.linux64_1.0.0.201904181610/tools/bin/../lib/gcc/arm-none-eabi/7.3.1/../../../../arm-none-eabi/lib/thumb/v7e-m/fpv4-sp/hard/libc_nano.a(lib_a-reent.o)
 .ARM.attributes
                0x0000000000000968       0x22 /opt/stm32cubeide/plugins/com.st.stm32cube.ide.mcu.externaltools.gnu-tools-for-stm32.7-2018-q2-update.linux64_1.0.0.201904181610/tools/bin/../lib/gcc/arm-none-eabi/7.3.1/thumb/v7e-m/fpv4-sp/hard/libgcc.a(_aeabi_uldivmod.o)
 .ARM.attributes
                0x000000000000098a       0x34 /opt/stm32cubeide/plugins/com.st.stm32cube.ide.mcu.externaltools.gnu-tools-for-stm32.7-2018-q2-update.linux64_1.0.0.201904181610/tools/bin/../lib/gcc/arm-none-eabi/7.3.1/thumb/v7e-m/fpv4-sp/hard/libgcc.a(_udivmoddi4.o)
 .ARM.attributes
                0x00000000000009be       0x22 /opt/stm32cubeide/plugins/com.st.stm32cube.ide.mcu.externaltools.gnu-tools-for-stm32.7-2018-q2-update.linux64_1.0.0.201904181610/tools/bin/../lib/gcc/arm-none-eabi/7.3.1/thumb/v7e-m/fpv4-sp/hard/libgcc.a(_dvmd_tls.o)
 .ARM.attributes
                0x00000000000009e0       0x22 /opt/stm32cubeide/plugins/com.st.stm32cube.ide.mcu.externaltools.gnu-tools-for-stm32.7-2018-q2-update.linux64_1.0.0.201904181610/tools/bin/../lib/gcc/arm-none-eabi/7.3.1/thumb/v7e-m/fpv4-sp/hard/crtn.o
OUTPUT(dataLoggerCAN.elf elf32-littlearm)

.debug_info     0x0000000000000000    0x16f46
 .debug_info    0x0000000000000000      0x995 Drivers/STM32F4xx_HAL_Driver/Src/stm32f4xx_hal.o
 .debug_info    0x0000000000000995      0xf63 Drivers/STM32F4xx_HAL_Driver/Src/stm32f4xx_hal_can.o
 .debug_info    0x00000000000018f8      0xe0c Drivers/STM32F4xx_HAL_Driver/Src/stm32f4xx_hal_cortex.o
 .debug_info    0x0000000000002704      0x916 Drivers/STM32F4xx_HAL_Driver/Src/stm32f4xx_hal_dma.o
 .debug_info    0x000000000000301a      0x77d Drivers/STM32F4xx_HAL_Driver/Src/stm32f4xx_hal_gpio.o
 .debug_info    0x0000000000003797      0x8be Drivers/STM32F4xx_HAL_Driver/Src/stm32f4xx_hal_rcc.o
 .debug_info    0x0000000000004055     0x1790 Drivers/STM32F4xx_HAL_Driver/Src/stm32f4xx_hal_sd.o
 .debug_info    0x00000000000057e5     0x11d5 Drivers/STM32F4xx_HAL_Driver/Src/stm32f4xx_hal_uart.o
 .debug_info    0x00000000000069ba     0x106b Drivers/STM32F4xx_HAL_Driver/Src/stm32f4xx_ll_sdmmc.o
 .debug_info    0x0000000000007a25      0xc1d Middlewares/Third_Party/FatFs/src/ff_gen_drv.o
 .debug_info    0x0000000000008642      0xacb Middlewares/Third_Party/FreeRTOS/list.o
 .debug_info    0x000000000000910d     0x1f26 Middlewares/Third_Party/FreeRTOS/queue.o
 .debug_info    0x000000000000b033     0x2702 Middlewares/Third_Party/FreeRTOS/tasks.o
 .debug_info    0x000000000000d735     0x145e Middlewares/Third_Party/FreeRTOS/timers.o
 .debug_info    0x000000000000eb93      0x533 Middlewares/Third_Party/FreeRTOS/portable/GCC/ARM_CM4F/port.o
 .debug_info    0x000000000000f0c6      0xaf6 Middlewares/Third_Party/FreeRTOS/portable/MemMang/heap_2.o
 .debug_info    0x000000000000fbbc      0xa7e Src/bsp_driver_sd.o
 .debug_info    0x000000000001063a      0xd2f Src/fatfs.o
 .debug_info    0x0000000000011369      0x213 Src/fatfs_platform.o
 .debug_info    0x000000000001157c     0x2488 Src/main.o
 .debug_info    0x0000000000013a04      0xcbd Src/sd_diskio.o
 .debug_info    0x00000000000146c1     0x13c0 Src/stm32f4xx_hal_msp.o
 .debug_info    0x0000000000015a81      0x66b Src/stm32f4xx_it.o
 .debug_info    0x00000000000160ec      0x91c Src/sysmem.o
 .debug_info    0x0000000000016a08      0x51c Src/system_stm32f4xx.o
 .debug_info    0x0000000000016f24       0x22 Startup/startup_stm32f429zitx.o

.debug_abbrev   0x0000000000000000     0x358e
 .debug_abbrev  0x0000000000000000      0x1cb Drivers/STM32F4xx_HAL_Driver/Src/stm32f4xx_hal.o
 .debug_abbrev  0x00000000000001cb      0x22a Drivers/STM32F4xx_HAL_Driver/Src/stm32f4xx_hal_can.o
 .debug_abbrev  0x00000000000003f5      0x2fa Drivers/STM32F4xx_HAL_Driver/Src/stm32f4xx_hal_cortex.o
 .debug_abbrev  0x00000000000006ef      0x229 Drivers/STM32F4xx_HAL_Driver/Src/stm32f4xx_hal_dma.o
 .debug_abbrev  0x0000000000000918      0x1c9 Drivers/STM32F4xx_HAL_Driver/Src/stm32f4xx_hal_gpio.o
 .debug_abbrev  0x0000000000000ae1      0x245 Drivers/STM32F4xx_HAL_Driver/Src/stm32f4xx_hal_rcc.o
 .debug_abbrev  0x0000000000000d26      0x23d Drivers/STM32F4xx_HAL_Driver/Src/stm32f4xx_hal_sd.o
 .debug_abbrev  0x0000000000000f63      0x242 Drivers/STM32F4xx_HAL_Driver/Src/stm32f4xx_hal_uart.o
 .debug_abbrev  0x00000000000011a5      0x1cd Drivers/STM32F4xx_HAL_Driver/Src/stm32f4xx_ll_sdmmc.o
 .debug_abbrev  0x0000000000001372      0x236 Middlewares/Third_Party/FatFs/src/ff_gen_drv.o
 .debug_abbrev  0x00000000000015a8      0x1cf Middlewares/Third_Party/FreeRTOS/list.o
 .debug_abbrev  0x0000000000001777      0x31c Middlewares/Third_Party/FreeRTOS/queue.o
 .debug_abbrev  0x0000000000001a93      0x352 Middlewares/Third_Party/FreeRTOS/tasks.o
 .debug_abbrev  0x0000000000001de5      0x2c8 Middlewares/Third_Party/FreeRTOS/timers.o
 .debug_abbrev  0x00000000000020ad      0x210 Middlewares/Third_Party/FreeRTOS/portable/GCC/ARM_CM4F/port.o
 .debug_abbrev  0x00000000000022bd      0x228 Middlewares/Third_Party/FreeRTOS/portable/MemMang/heap_2.o
 .debug_abbrev  0x00000000000024e5      0x277 Src/bsp_driver_sd.o
 .debug_abbrev  0x000000000000275c      0x1df Src/fatfs.o
 .debug_abbrev  0x000000000000293b       0xf7 Src/fatfs_platform.o
 .debug_abbrev  0x0000000000002a32      0x334 Src/main.o
 .debug_abbrev  0x0000000000002d66      0x1fa Src/sd_diskio.o
 .debug_abbrev  0x0000000000002f60      0x207 Src/stm32f4xx_hal_msp.o
 .debug_abbrev  0x0000000000003167      0x149 Src/stm32f4xx_it.o
 .debug_abbrev  0x00000000000032b0      0x1bb Src/sysmem.o
 .debug_abbrev  0x000000000000346b      0x111 Src/system_stm32f4xx.o
 .debug_abbrev  0x000000000000357c       0x12 Startup/startup_stm32f429zitx.o

.debug_aranges  0x0000000000000000     0x1198
 .debug_aranges
                0x0000000000000000      0x100 Drivers/STM32F4xx_HAL_Driver/Src/stm32f4xx_hal.o
 .debug_aranges
                0x0000000000000100      0x138 Drivers/STM32F4xx_HAL_Driver/Src/stm32f4xx_hal_can.o
 .debug_aranges
                0x0000000000000238      0x118 Drivers/STM32F4xx_HAL_Driver/Src/stm32f4xx_hal_cortex.o
 .debug_aranges
                0x0000000000000350       0x90 Drivers/STM32F4xx_HAL_Driver/Src/stm32f4xx_hal_dma.o
 .debug_aranges
                0x00000000000003e0       0x58 Drivers/STM32F4xx_HAL_Driver/Src/stm32f4xx_hal_gpio.o
 .debug_aranges
                0x0000000000000438       0x88 Drivers/STM32F4xx_HAL_Driver/Src/stm32f4xx_hal_rcc.o
 .debug_aranges
                0x00000000000004c0      0x168 Drivers/STM32F4xx_HAL_Driver/Src/stm32f4xx_hal_sd.o
 .debug_aranges
                0x0000000000000628      0x1d0 Drivers/STM32F4xx_HAL_Driver/Src/stm32f4xx_hal_uart.o
 .debug_aranges
                0x00000000000007f8      0x178 Drivers/STM32F4xx_HAL_Driver/Src/stm32f4xx_ll_sdmmc.o
 .debug_aranges
                0x0000000000000970       0x40 Middlewares/Third_Party/FatFs/src/ff_gen_drv.o
 .debug_aranges
                0x00000000000009b0       0x40 Middlewares/Third_Party/FreeRTOS/list.o
 .debug_aranges
                0x00000000000009f0      0x130 Middlewares/Third_Party/FreeRTOS/queue.o
 .debug_aranges
                0x0000000000000b20      0x1e8 Middlewares/Third_Party/FreeRTOS/tasks.o
 .debug_aranges
                0x0000000000000d08       0xd0 Middlewares/Third_Party/FreeRTOS/timers.o
 .debug_aranges
                0x0000000000000dd8       0x80 Middlewares/Third_Party/FreeRTOS/portable/GCC/ARM_CM4F/port.o
 .debug_aranges
                0x0000000000000e58       0x40 Middlewares/Third_Party/FreeRTOS/portable/MemMang/heap_2.o
 .debug_aranges
                0x0000000000000e98       0xc0 Src/bsp_driver_sd.o
 .debug_aranges
                0x0000000000000f58       0x28 Src/fatfs.o
 .debug_aranges
                0x0000000000000f80       0x20 Src/fatfs_platform.o
 .debug_aranges
                0x0000000000000fa0       0x78 Src/main.o
 .debug_aranges
                0x0000000000001018       0x48 Src/sd_diskio.o
 .debug_aranges
                0x0000000000001060       0x50 Src/stm32f4xx_hal_msp.o
 .debug_aranges
                0x00000000000010b0       0x78 Src/stm32f4xx_it.o
 .debug_aranges
                0x0000000000001128       0x20 Src/sysmem.o
 .debug_aranges
                0x0000000000001148       0x28 Src/system_stm32f4xx.o
 .debug_aranges
                0x0000000000001170       0x28 Startup/startup_stm32f429zitx.o

.debug_ranges   0x0000000000000000     0x1000
 .debug_ranges  0x0000000000000000       0xf0 Drivers/STM32F4xx_HAL_Driver/Src/stm32f4xx_hal.o
 .debug_ranges  0x00000000000000f0      0x128 Drivers/STM32F4xx_HAL_Driver/Src/stm32f4xx_hal_can.o
 .debug_ranges  0x0000000000000218      0x108 Drivers/STM32F4xx_HAL_Driver/Src/stm32f4xx_hal_cortex.o
 .debug_ranges  0x0000000000000320       0x80 Drivers/STM32F4xx_HAL_Driver/Src/stm32f4xx_hal_dma.o
 .debug_ranges  0x00000000000003a0       0x48 Drivers/STM32F4xx_HAL_Driver/Src/stm32f4xx_hal_gpio.o
 .debug_ranges  0x00000000000003e8       0x78 Drivers/STM32F4xx_HAL_Driver/Src/stm32f4xx_hal_rcc.o
 .debug_ranges  0x0000000000000460      0x158 Drivers/STM32F4xx_HAL_Driver/Src/stm32f4xx_hal_sd.o
 .debug_ranges  0x00000000000005b8      0x1c0 Drivers/STM32F4xx_HAL_Driver/Src/stm32f4xx_hal_uart.o
 .debug_ranges  0x0000000000000778      0x168 Drivers/STM32F4xx_HAL_Driver/Src/stm32f4xx_ll_sdmmc.o
 .debug_ranges  0x00000000000008e0       0x30 Middlewares/Third_Party/FatFs/src/ff_gen_drv.o
 .debug_ranges  0x0000000000000910       0x30 Middlewares/Third_Party/FreeRTOS/list.o
 .debug_ranges  0x0000000000000940      0x120 Middlewares/Third_Party/FreeRTOS/queue.o
 .debug_ranges  0x0000000000000a60      0x1d8 Middlewares/Third_Party/FreeRTOS/tasks.o
 .debug_ranges  0x0000000000000c38       0xc0 Middlewares/Third_Party/FreeRTOS/timers.o
 .debug_ranges  0x0000000000000cf8       0x70 Middlewares/Third_Party/FreeRTOS/portable/GCC/ARM_CM4F/port.o
 .debug_ranges  0x0000000000000d68       0x30 Middlewares/Third_Party/FreeRTOS/portable/MemMang/heap_2.o
 .debug_ranges  0x0000000000000d98       0xb0 Src/bsp_driver_sd.o
 .debug_ranges  0x0000000000000e48       0x18 Src/fatfs.o
 .debug_ranges  0x0000000000000e60       0x10 Src/fatfs_platform.o
 .debug_ranges  0x0000000000000e70       0x68 Src/main.o
 .debug_ranges  0x0000000000000ed8       0x38 Src/sd_diskio.o
 .debug_ranges  0x0000000000000f10       0x40 Src/stm32f4xx_hal_msp.o
 .debug_ranges  0x0000000000000f50       0x68 Src/stm32f4xx_it.o
 .debug_ranges  0x0000000000000fb8       0x10 Src/sysmem.o
 .debug_ranges  0x0000000000000fc8       0x18 Src/system_stm32f4xx.o
 .debug_ranges  0x0000000000000fe0       0x20 Startup/startup_stm32f429zitx.o

.debug_macro    0x0000000000000000    0x24d4f
 .debug_macro   0x0000000000000000      0x23d Drivers/STM32F4xx_HAL_Driver/Src/stm32f4xx_hal.o
 .debug_macro   0x000000000000023d      0xa5a Drivers/STM32F4xx_HAL_Driver/Src/stm32f4xx_hal.o
 .debug_macro   0x0000000000000c97      0x190 Drivers/STM32F4xx_HAL_Driver/Src/stm32f4xx_hal.o
 .debug_macro   0x0000000000000e27       0x32 Drivers/STM32F4xx_HAL_Driver/Src/stm32f4xx_hal.o
 .debug_macro   0x0000000000000e59       0x28 Drivers/STM32F4xx_HAL_Driver/Src/stm32f4xx_hal.o
 .debug_macro   0x0000000000000e81       0x22 Drivers/STM32F4xx_HAL_Driver/Src/stm32f4xx_hal.o
 .debug_macro   0x0000000000000ea3       0x8e Drivers/STM32F4xx_HAL_Driver/Src/stm32f4xx_hal.o
 .debug_macro   0x0000000000000f31       0x51 Drivers/STM32F4xx_HAL_Driver/Src/stm32f4xx_hal.o
 .debug_macro   0x0000000000000f82       0xef Drivers/STM32F4xx_HAL_Driver/Src/stm32f4xx_hal.o
 .debug_macro   0x0000000000001071       0x6a Drivers/STM32F4xx_HAL_Driver/Src/stm32f4xx_hal.o
 .debug_macro   0x00000000000010db      0x1df Drivers/STM32F4xx_HAL_Driver/Src/stm32f4xx_hal.o
 .debug_macro   0x00000000000012ba       0x1c Drivers/STM32F4xx_HAL_Driver/Src/stm32f4xx_hal.o
 .debug_macro   0x00000000000012d6       0x22 Drivers/STM32F4xx_HAL_Driver/Src/stm32f4xx_hal.o
 .debug_macro   0x00000000000012f8       0xdf Drivers/STM32F4xx_HAL_Driver/Src/stm32f4xx_hal.o
 .debug_macro   0x00000000000013d7     0x102d Drivers/STM32F4xx_HAL_Driver/Src/stm32f4xx_hal.o
 .debug_macro   0x0000000000002404      0x11f Drivers/STM32F4xx_HAL_Driver/Src/stm32f4xx_hal.o
 .debug_macro   0x0000000000002523    0x17f81 Drivers/STM32F4xx_HAL_Driver/Src/stm32f4xx_hal.o
 .debug_macro   0x000000000001a4a4       0x43 Drivers/STM32F4xx_HAL_Driver/Src/stm32f4xx_hal.o
 .debug_macro   0x000000000001a4e7     0x3644 Drivers/STM32F4xx_HAL_Driver/Src/stm32f4xx_hal.o
 .debug_macro   0x000000000001db2b      0x174 Drivers/STM32F4xx_HAL_Driver/Src/stm32f4xx_hal.o
 .debug_macro   0x000000000001dc9f       0x5a Drivers/STM32F4xx_HAL_Driver/Src/stm32f4xx_hal.o
 .debug_macro   0x000000000001dcf9      0xca5 Drivers/STM32F4xx_HAL_Driver/Src/stm32f4xx_hal.o
 .debug_macro   0x000000000001e99e      0x9fe Drivers/STM32F4xx_HAL_Driver/Src/stm32f4xx_hal.o
 .debug_macro   0x000000000001f39c       0xed Drivers/STM32F4xx_HAL_Driver/Src/stm32f4xx_hal.o
 .debug_macro   0x000000000001f489      0x117 Drivers/STM32F4xx_HAL_Driver/Src/stm32f4xx_hal.o
 .debug_macro   0x000000000001f5a0      0x157 Drivers/STM32F4xx_HAL_Driver/Src/stm32f4xx_hal.o
 .debug_macro   0x000000000001f6f7       0x27 Drivers/STM32F4xx_HAL_Driver/Src/stm32f4xx_hal.o
 .debug_macro   0x000000000001f71e      0x287 Drivers/STM32F4xx_HAL_Driver/Src/stm32f4xx_hal.o
 .debug_macro   0x000000000001f9a5       0x5f Drivers/STM32F4xx_HAL_Driver/Src/stm32f4xx_hal.o
 .debug_macro   0x000000000001fa04      0x236 Drivers/STM32F4xx_HAL_Driver/Src/stm32f4xx_hal.o
 .debug_macro   0x000000000001fc3a      0x40f Drivers/STM32F4xx_HAL_Driver/Src/stm32f4xx_hal.o
 .debug_macro   0x0000000000020049      0x132 Drivers/STM32F4xx_HAL_Driver/Src/stm32f4xx_hal.o
 .debug_macro   0x000000000002017b      0x41d Drivers/STM32F4xx_HAL_Driver/Src/stm32f4xx_hal.o
 .debug_macro   0x0000000000020598       0x2e Drivers/STM32F4xx_HAL_Driver/Src/stm32f4xx_hal.o
 .debug_macro   0x00000000000205c6      0x11a Drivers/STM32F4xx_HAL_Driver/Src/stm32f4xx_hal.o
 .debug_macro   0x00000000000206e0       0xe2 Drivers/STM32F4xx_HAL_Driver/Src/stm32f4xx_hal.o
 .debug_macro   0x00000000000207c2       0x89 Drivers/STM32F4xx_HAL_Driver/Src/stm32f4xx_hal.o
 .debug_macro   0x000000000002084b      0x845 Drivers/STM32F4xx_HAL_Driver/Src/stm32f4xx_hal.o
 .debug_macro   0x0000000000021090      0x19f Drivers/STM32F4xx_HAL_Driver/Src/stm32f4xx_hal.o
 .debug_macro   0x000000000002122f      0x287 Drivers/STM32F4xx_HAL_Driver/Src/stm32f4xx_hal.o
 .debug_macro   0x00000000000214b6      0x134 Drivers/STM32F4xx_HAL_Driver/Src/stm32f4xx_hal.o
 .debug_macro   0x00000000000215ea      0x1e5 Drivers/STM32F4xx_HAL_Driver/Src/stm32f4xx_hal_can.o
 .debug_macro   0x00000000000217cf      0x1dd Drivers/STM32F4xx_HAL_Driver/Src/stm32f4xx_hal_cortex.o
 .debug_macro   0x00000000000219ac      0x1e3 Drivers/STM32F4xx_HAL_Driver/Src/stm32f4xx_hal_dma.o
 .debug_macro   0x0000000000021b8f      0x213 Drivers/STM32F4xx_HAL_Driver/Src/stm32f4xx_hal_gpio.o