Archive member included to satisfy reference by file (symbol)

/opt/stm32cubeide/plugins/com.st.stm32cube.ide.mcu.externaltools.gnu-tools-for-stm32.7-2018-q2-update.linux64_1.0.0.201904181610/tools/bin/../lib/gcc/arm-none-eabi/7.3.1/../../../../arm-none-eabi/lib/thumb/v7e-m/fpv4-sp/hard/libc_nano.a(lib_a-errno.o)
                              Src/syscalls.o (__errno)
/opt/stm32cubeide/plugins/com.st.stm32cube.ide.mcu.externaltools.gnu-tools-for-stm32.7-2018-q2-update.linux64_1.0.0.201904181610/tools/bin/../lib/gcc/arm-none-eabi/7.3.1/../../../../arm-none-eabi/lib/thumb/v7e-m/fpv4-sp/hard/libc_nano.a(lib_a-exit.o)
                              /opt/stm32cubeide/plugins/com.st.stm32cube.ide.mcu.externaltools.gnu-tools-for-stm32.7-2018-q2-update.linux64_1.0.0.201904181610/tools/bin/../lib/gcc/arm-none-eabi/7.3.1/../../../../arm-none-eabi/lib/thumb/v7e-m/fpv4-sp/hard/crt0.o (exit)
/opt/stm32cubeide/plugins/com.st.stm32cube.ide.mcu.externaltools.gnu-tools-for-stm32.7-2018-q2-update.linux64_1.0.0.201904181610/tools/bin/../lib/gcc/arm-none-eabi/7.3.1/../../../../arm-none-eabi/lib/thumb/v7e-m/fpv4-sp/hard/libc_nano.a(lib_a-impure.o)
                              /opt/stm32cubeide/plugins/com.st.stm32cube.ide.mcu.externaltools.gnu-tools-for-stm32.7-2018-q2-update.linux64_1.0.0.201904181610/tools/bin/../lib/gcc/arm-none-eabi/7.3.1/../../../../arm-none-eabi/lib/thumb/v7e-m/fpv4-sp/hard/libc_nano.a(lib_a-exit.o) (_global_impure_ptr)
/opt/stm32cubeide/plugins/com.st.stm32cube.ide.mcu.externaltools.gnu-tools-for-stm32.7-2018-q2-update.linux64_1.0.0.201904181610/tools/bin/../lib/gcc/arm-none-eabi/7.3.1/../../../../arm-none-eabi/lib/thumb/v7e-m/fpv4-sp/hard/libc_nano.a(lib_a-init.o)
                              /opt/stm32cubeide/plugins/com.st.stm32cube.ide.mcu.externaltools.gnu-tools-for-stm32.7-2018-q2-update.linux64_1.0.0.201904181610/tools/bin/../lib/gcc/arm-none-eabi/7.3.1/../../../../arm-none-eabi/lib/thumb/v7e-m/fpv4-sp/hard/crt0.o (__libc_init_array)
/opt/stm32cubeide/plugins/com.st.stm32cube.ide.mcu.externaltools.gnu-tools-for-stm32.7-2018-q2-update.linux64_1.0.0.201904181610/tools/bin/../lib/gcc/arm-none-eabi/7.3.1/../../../../arm-none-eabi/lib/thumb/v7e-m/fpv4-sp/hard/libc_nano.a(lib_a-memcpy-stub.o)
                              Middlewares/Third_Party/FreeRTOS/queue.o (memcpy)
/opt/stm32cubeide/plugins/com.st.stm32cube.ide.mcu.externaltools.gnu-tools-for-stm32.7-2018-q2-update.linux64_1.0.0.201904181610/tools/bin/../lib/gcc/arm-none-eabi/7.3.1/../../../../arm-none-eabi/lib/thumb/v7e-m/fpv4-sp/hard/libc_nano.a(lib_a-memset.o)
                              /opt/stm32cubeide/plugins/com.st.stm32cube.ide.mcu.externaltools.gnu-tools-for-stm32.7-2018-q2-update.linux64_1.0.0.201904181610/tools/bin/../lib/gcc/arm-none-eabi/7.3.1/../../../../arm-none-eabi/lib/thumb/v7e-m/fpv4-sp/hard/crt0.o (memset)
/opt/stm32cubeide/plugins/com.st.stm32cube.ide.mcu.externaltools.gnu-tools-for-stm32.7-2018-q2-update.linux64_1.0.0.201904181610/tools/bin/../lib/gcc/arm-none-eabi/7.3.1/../../../../arm-none-eabi/lib/thumb/v7e-m/fpv4-sp/hard/libc_nano.a(lib_a-sprintf.o)
                              Src/main.o (sprintf)
/opt/stm32cubeide/plugins/com.st.stm32cube.ide.mcu.externaltools.gnu-tools-for-stm32.7-2018-q2-update.linux64_1.0.0.201904181610/tools/bin/../lib/gcc/arm-none-eabi/7.3.1/../../../../arm-none-eabi/lib/thumb/v7e-m/fpv4-sp/hard/libc_nano.a(lib_a-nano-svfprintf.o)
                              /opt/stm32cubeide/plugins/com.st.stm32cube.ide.mcu.externaltools.gnu-tools-for-stm32.7-2018-q2-update.linux64_1.0.0.201904181610/tools/bin/../lib/gcc/arm-none-eabi/7.3.1/../../../../arm-none-eabi/lib/thumb/v7e-m/fpv4-sp/hard/libc_nano.a(lib_a-sprintf.o) (_svfprintf_r)
/opt/stm32cubeide/plugins/com.st.stm32cube.ide.mcu.externaltools.gnu-tools-for-stm32.7-2018-q2-update.linux64_1.0.0.201904181610/tools/bin/../lib/gcc/arm-none-eabi/7.3.1/../../../../arm-none-eabi/lib/thumb/v7e-m/fpv4-sp/hard/libc_nano.a(lib_a-nano-vfprintf_i.o)
                              /opt/stm32cubeide/plugins/com.st.stm32cube.ide.mcu.externaltools.gnu-tools-for-stm32.7-2018-q2-update.linux64_1.0.0.201904181610/tools/bin/../lib/gcc/arm-none-eabi/7.3.1/../../../../arm-none-eabi/lib/thumb/v7e-m/fpv4-sp/hard/libc_nano.a(lib_a-nano-svfprintf.o) (_printf_i)
/opt/stm32cubeide/plugins/com.st.stm32cube.ide.mcu.externaltools.gnu-tools-for-stm32.7-2018-q2-update.linux64_1.0.0.201904181610/tools/bin/../lib/gcc/arm-none-eabi/7.3.1/../../../../arm-none-eabi/lib/thumb/v7e-m/fpv4-sp/hard/libc_nano.a(lib_a-memchr.o)
                              /opt/stm32cubeide/plugins/com.st.stm32cube.ide.mcu.externaltools.gnu-tools-for-stm32.7-2018-q2-update.linux64_1.0.0.201904181610/tools/bin/../lib/gcc/arm-none-eabi/7.3.1/../../../../arm-none-eabi/lib/thumb/v7e-m/fpv4-sp/hard/libc_nano.a(lib_a-nano-svfprintf.o) (memchr)
[...]
Memory Configuration

Name             Origin             Length             Attributes
CCMRAM           0x0000000010000000 0x0000000000010000 xrw
RAM              0x0000000020000000 0x0000000000030000 xrw
FLASH            0x0000000008000000 0x0000000000200000 xr
*default*        0x0000000000000000 0xffffffffffffffff

Linker script and memory map

LOAD /opt/stm32cubeide/plugins/com.st.stm32cube.ide.mcu.externaltools.gnu-tools-for-stm32.7-2018-q2-update.linux64_1.0.0.201904181610/tools/bin/../lib/gcc/arm-none-eabi/7.3.1/thumb/v7e-m/fpv4-sp/hard/crti.o
LOAD /opt/stm32cubeide/plugins/com.st.stm32cube.ide.mcu.externaltools.gnu-tools-for-stm32.7-2018-q2-update.linux64_1.0.0.201904181610/tools/bin/../lib/gcc/arm-none-eabi/7.3.1/thumb/v7e-m/fpv4-sp/hard/crtbegin.o
LOAD /opt/stm32cubeide/plugins/com.st.stm32cube.ide.mcu.externaltools.gnu-tools-for-stm32.7-2018-q2-update.linux64_1.0.0.201904181610/tools/bin/../lib/gcc/arm-none-eabi/7.3.1/../../../../arm-none-eabi/lib/thumb/v7e-m/fpv4-sp/hard/crt0.o
LOAD Drivers/STM32F4xx_HAL_Driver/Src/stm32f4xx_hal.o
LOAD Drivers/STM32F4xx_HAL_Driver/Src/stm32f4xx_hal_can.o
LOAD Drivers/STM32F4xx_HAL_Driver/Src/stm32f4xx_hal_cortex.o
LOAD Drivers/STM32F4xx_HAL_Driver/Src/stm32f4xx_hal_dma.o
LOAD Drivers/STM32F4xx_HAL_Driver/Src/stm32f4xx_hal_dma_ex.o
LOAD Drivers/STM32F4xx_HAL_Driver/Src/stm32f4xx_hal_exti.o
LOAD Drivers/STM32F4xx_HAL_Driver/Src/stm32f4xx_hal_flash.o
LOAD Drivers/STM32F4xx_HAL_Driver/Src/stm32f4xx_hal_flash_ex.o
LOAD Drivers/STM32F4xx_HAL_Driver/Src/stm32f4xx_hal_flash_ramfunc.o
LOAD Drivers/STM32F4xx_HAL_Driver/Src/stm32f4xx_hal_gpio.o
LOAD Drivers/STM32F4xx_HAL_Driver/Src/stm32f4xx_hal_pwr.o
LOAD Drivers/STM32F4xx_HAL_Driver/Src/stm32f4xx_hal_pwr_ex.o
LOAD Drivers/STM32F4xx_HAL_Driver/Src/stm32f4xx_hal_rcc.o
LOAD Drivers/STM32F4xx_HAL_Driver/Src/stm32f4xx_hal_rcc_ex.o
LOAD Drivers/STM32F4xx_HAL_Driver/Src/stm32f4xx_hal_sd.o
LOAD Drivers/STM32F4xx_HAL_Driver/Src/stm32f4xx_hal_tim.o
LOAD Drivers/STM32F4xx_HAL_Driver/Src/stm32f4xx_hal_tim_ex.o
LOAD Drivers/STM32F4xx_HAL_Driver/Src/stm32f4xx_ll_sdmmc.o
LOAD Middlewares/Third_Party/FatFs/src/diskio.o
LOAD Middlewares/Third_Party/FatFs/src/ff.o
LOAD Middlewares/Third_Party/FatFs/src/ff_gen_drv.o
LOAD Middlewares/Third_Party/FatFs/src/option/syscall.o
LOAD Middlewares/Third_Party/FreeRTOS/croutine.o
LOAD Middlewares/Third_Party/FreeRTOS/event_groups.o
LOAD Middlewares/Third_Party/FreeRTOS/list.o
LOAD Middlewares/Third_Party/FreeRTOS/queue.o
LOAD Middlewares/Third_Party/FreeRTOS/stream_buffer.o
LOAD Middlewares/Third_Party/FreeRTOS/tasks.o
LOAD Middlewares/Third_Party/FreeRTOS/timers.o
LOAD Middlewares/Third_Party/FreeRTOS/portable/GCC/ARM_CM4F/port.o
LOAD Middlewares/Third_Party/FreeRTOS/portable/MemMang/heap_2.o
LOAD Src/bsp_driver_sd.o
LOAD Src/fatfs.o
LOAD Src/fatfs_platform.o
LOAD Src/main.o
LOAD Src/sd_diskio.o
LOAD Src/stm32f4xx_hal_msp.o
LOAD Src/stm32f4xx_hal_timebase_tim.o
LOAD Src/stm32f4xx_it.o
LOAD Src/syscalls.o
LOAD Src/sysmem.o
LOAD Src/system_stm32f4xx.o
LOAD Startup/startup_stm32f429zitx.o
START GROUP
LOAD /opt/stm32cubeide/plugins/com.st.stm32cube.ide.mcu.externaltools.gnu-tools-for-stm32.7-2018-q2-update.linux64_1.0.0.201904181610/tools/bin/../lib/gcc/arm-none-eabi/7.3.1/../../../../arm-none-eabi/lib/thumb/v7e-m/fpv4-sp/hard/libc_nano.a
LOAD /opt/stm32cubeide/plugins/com.st.stm32cube.ide.mcu.externaltools.gnu-tools-for-stm32.7-2018-q2-update.linux64_1.0.0.201904181610/tools/bin/../lib/gcc/arm-none-eabi/7.3.1/../../../../arm-none-eabi/lib/thumb/v7e-m/fpv4-sp/hard/libm.a
END GROUP
START GROUP
LOAD /opt/stm32cubeide/plugins/com.st.stm32cube.ide.mcu.externaltools.gnu-tools-for-stm32.7-2018-q2-update.linux64_1.0.0.201904181610/tools/bin/../lib/gcc/arm-none-eabi/7.3.1/thumb/v7e-m/fpv4-sp/hard/libgcc.a
LOAD /opt/stm32cubeide/plugins/com.st.stm32cube.ide.mcu.externaltools.gnu-tools-for-stm32.7-2018-q2-update.linux64_1.0.0.201904181610/tools/bin/../lib/gcc/arm-none-eabi/7.3.1/../../../../arm-none-eabi/lib/thumb/v7e-m/fpv4-sp/hard/libc_nano.a
END GROUP
START GROUP
LOAD /opt/stm32cubeide/plugins/com.st.stm32cube.ide.mcu.externaltools.gnu-tools-for-stm32.7-2018-q2-update.linux64_1.0.0.201904181610/tools/bin/../lib/gcc/arm-none-eabi/7.3.1/thumb/v7e-m/fpv4-sp/hard/libgcc.a
LOAD /opt/stm32cubeide/plugins/com.st.stm32cube.ide.mcu.externaltools.gnu-tools-for-stm32.7-2018-q2-update.linux64_1.0.0.201904181610/tools/bin/../lib/gcc/arm-none-eabi/7.3.1/../../../../arm-none-eabi/lib/thumb/v7e-m/fpv4-sp/hard/libc_nano.a
LOAD /opt/stm32cubeide/plugins/com.st.stm32cube.ide.mcu.externaltools.gnu-tools-for-stm32.7-2018-q2-update.linux64_1.0.0.201904181610/tools/bin/../lib/gcc/arm-none-eabi/7.3.1/../../../../arm-none-eabi/lib/thumb/v7e-m/fpv4-sp/hard/libnosys.a
END GROUP
START GROUP
LOAD /opt/stm32cubeide/plugins/com.st.stm32cube.ide.mcu.externaltools.gnu-tools-for-stm32.7-2018-q2-update.linux64_1.0.0.201904181610/tools/bin/../lib/gcc/arm-none-eabi/7.3.1/thumb/v7e-m/fpv4-sp/hard/libgcc.a
LOAD /opt/stm32cubeide/plugins/com.st.stm32cube.ide.mcu.externaltools.gnu-tools-for-stm32.7-2018-q2-update.linux64_1.0.0.201904181610/tools/bin/../lib/gcc/arm-none-eabi/7.3.1/../../../../arm-none-eabi/lib/thumb/v7e-m/fpv4-sp/hard/libc_nano.a
LOAD /opt/stm32cubeide/plugins/com.st.stm32cube.ide.mcu.externaltools.gnu-tools-for-stm32.7-2018-q2-update.linux64_1.0.0.201904181610/tools/bin/../lib/gcc/arm-none-eabi/7.3.1/../../../../arm-none-eabi/lib/thumb/v7e-m/fpv4-sp/hard/libnosys.a
END GROUP
LOAD /opt/stm32cubeide/plugins/com.st.stm32cube.ide.mcu.externaltools.gnu-tools-for-stm32.7-2018-q2-update.linux64_1.0.0.201904181610/tools/bin/../lib/gcc/arm-none-eabi/7.3.1/thumb/v7e-m/fpv4-sp/hard/crtend.o
LOAD /opt/stm32cubeide/plugins/com.st.stm32cube.ide.mcu.externaltools.gnu-tools-for-stm32.7-2018-q2-update.linux64_1.0.0.201904181610/tools/bin/../lib/gcc/arm-none-eabi/7.3.1/thumb/v7e-m/fpv4-sp/hard/crtn.o
                0x0000000020030000                _estack = 0x20030000
                0x0000000000000400                _Min_Heap_Size = 0x400
                0x0000000000000800                _Min_Stack_Size = 0x800

.isr_vector     0x0000000008000000      0x1ac
                0x0000000008000000                . = ALIGN (0x4)
 *(.isr_vector)
 .isr_vector    0x0000000008000000      0x1ac Startup/startup_stm32f429zitx.o
                0x0000000008000000                g_pfnVectors
                0x00000000080001ac                . = ALIGN (0x4)

.text           0x00000000080001b0     0xa3bc
                0x00000000080001b0                . = ALIGN (0x4)
 *(.text)
 .text          0x00000000080001b0       0x40 /opt/stm32cubeide/plugins/com.st.stm32cube.ide.mcu.externaltools.gnu-tools-for-stm32.7-2018-q2-update.linux64_1.0.0.201904181610/tools/bin/../lib/gcc/arm-none-eabi/7.3.1/thumb/v7e-m/fpv4-sp/hard/crtbegin.o
 .text          0x00000000080001f0       0xa0 /opt/stm32cubeide/plugins/com.st.stm32cube.ide.mcu.externaltools.gnu-tools-for-stm32.7-2018-q2-update.linux64_1.0.0.201904181610/tools/bin/../lib/gcc/arm-none-eabi/7.3.1/../../../../arm-none-eabi/lib/thumb/v7e-m/fpv4-sp/hard/libc_nano.a(lib_a-memchr.o)
                0x00000000080001f0                memchr
 .text          0x0000000008000290       0x30 /opt/stm32cubeide/plugins/com.st.stm32cube.ide.mcu.externaltools.gnu-tools-for-stm32.7-2018-q2-update.linux64_1.0.0.201904181610/tools/bin/../lib/gcc/arm-none-eabi/7.3.1/thumb/v7e-m/fpv4-sp/hard/libgcc.a(_aeabi_uldivmod.o)
                0x0000000008000290                __aeabi_uldivmod
 .text          0x00000000080002c0      0x2cc /opt/stm32cubeide/plugins/com.st.stm32cube.ide.mcu.externaltools.gnu-tools-for-stm32.7-2018-q2-update.linux64_1.0.0.201904181610/tools/bin/../lib/gcc/arm-none-eabi/7.3.1/thumb/v7e-m/fpv4-sp/hard/libgcc.a(_udivmoddi4.o)
                0x00000000080002c0                __udivmoddi4
 .text          0x000000000800058c        0x4 /opt/stm32cubeide/plugins/com.st.stm32cube.ide.mcu.externaltools.gnu-tools-for-stm32.7-2018-q2-update.linux64_1.0.0.201904181610/tools/bin/../lib/gcc/arm-none-eabi/7.3.1/thumb/v7e-m/fpv4-sp/hard/libgcc.a(_dvmd_tls.o)
                0x000000000800058c                __aeabi_ldiv0
                0x000000000800058c                __aeabi_idiv0
 *(.text*)
 .text.HAL_Init
                0x0000000008000590       0x44 Drivers/STM32F4xx_HAL_Driver/Src/stm32f4xx_hal.o
                0x0000000008000590                HAL_Init
 .text.HAL_IncTick
                0x00000000080005d4       0x28 Drivers/STM32F4xx_HAL_Driver/Src/stm32f4xx_hal.o
                0x00000000080005d4                HAL_IncTick
 .text.HAL_GetTick
                0x00000000080005fc       0x18 Drivers/STM32F4xx_HAL_Driver/Src/stm32f4xx_hal.o
                0x00000000080005fc                HAL_GetTick
 .text.HAL_Delay
                0x0000000008000614       0x44 Drivers/STM32F4xx_HAL_Driver/Src/stm32f4xx_hal.o
                0x0000000008000614                HAL_Delay
 .text.HAL_CAN_Init
                0x0000000008000658      0x1f6 Drivers/STM32F4xx_HAL_Driver/Src/stm32f4xx_hal_can.o
                0x0000000008000658                HAL_CAN_Init
 *fill*         0x000000000800084e        0x2 
 .text.HAL_CAN_ConfigFilter
                0x0000000008000850      0x1c0 Drivers/STM32F4xx_HAL_Driver/Src/stm32f4xx_hal_can.o
                0x0000000008000850                HAL_CAN_ConfigFilter
 .text.HAL_CAN_Start
                0x0000000008000a10       0x88 Drivers/STM32F4xx_HAL_Driver/Src/stm32f4xx_hal_can.o
                0x0000000008000a10                HAL_CAN_Start
 .text.HAL_CAN_GetRxMessage
                0x0000000008000a98      0x226 Drivers/STM32F4xx_HAL_Driver/Src/stm32f4xx_hal_can.o
                0x0000000008000a98                HAL_CAN_GetRxMessage
 .text.HAL_CAN_GetRxFifoFillLevel
                0x0000000008000cbe       0x50 Drivers/STM32F4xx_HAL_Driver/Src/stm32f4xx_hal_can.o
                0x0000000008000cbe                HAL_CAN_GetRxFifoFillLevel
 *fill*         0x0000000008000d0e        0x2 
 .text.__NVIC_SetPriorityGrouping
                0x0000000008000d10       0x48 Drivers/STM32F4xx_HAL_Driver/Src/stm32f4xx_hal_cortex.o
 .text.__NVIC_GetPriorityGrouping
                0x0000000008000d58       0x1c Drivers/STM32F4xx_HAL_Driver/Src/stm32f4xx_hal_cortex.o
 .text.__NVIC_EnableIRQ
                0x0000000008000d74       0x3c Drivers/STM32F4xx_HAL_Driver/Src/stm32f4xx_hal_cortex.o
 .text.__NVIC_SetPriority
                0x0000000008000db0       0x54 Drivers/STM32F4xx_HAL_Driver/Src/stm32f4xx_hal_cortex.o
 .text.NVIC_EncodePriority
                0x0000000008000e04       0x66 Drivers/STM32F4xx_HAL_Driver/Src/stm32f4xx_hal_cortex.o
 .text.HAL_NVIC_SetPriorityGrouping
                0x0000000008000e6a       0x16 Drivers/STM32F4xx_HAL_Driver/Src/stm32f4xx_hal_cortex.o
                0x0000000008000e6a                HAL_NVIC_SetPriorityGrouping
 .text.HAL_NVIC_SetPriority
                0x0000000008000e80       0x38 Drivers/STM32F4xx_HAL_Driver/Src/stm32f4xx_hal_cortex.o
                0x0000000008000e80                HAL_NVIC_SetPriority
 .text.HAL_NVIC_EnableIRQ
                0x0000000008000eb8       0x1c Drivers/STM32F4xx_HAL_Driver/Src/stm32f4xx_hal_cortex.o
                0x0000000008000eb8                HAL_NVIC_EnableIRQ
 .text.HAL_DMA_Init
                0x0000000008000ed4      0x15c Drivers/STM32F4xx_HAL_Driver/Src/stm32f4xx_hal_dma.o
                0x0000000008000ed4                HAL_DMA_Init
 .text.HAL_DMA_IRQHandler
                0x0000000008001030      0x314 Drivers/STM32F4xx_HAL_Driver/Src/stm32f4xx_hal_dma.o
                0x0000000008001030                HAL_DMA_IRQHandler
 .text.DMA_CalcBaseAndBitshift
                0x0000000008001344       0x6c Drivers/STM32F4xx_HAL_Driver/Src/stm32f4xx_hal_dma.o
 .text.DMA_CheckFifoParam
                0x00000000080013b0       0xf4 Drivers/STM32F4xx_HAL_Driver/Src/stm32f4xx_hal_dma.o
 .text.HAL_GPIO_Init
                0x00000000080014a4      0x354 Drivers/STM32F4xx_HAL_Driver/Src/stm32f4xx_hal_gpio.o
                0x00000000080014a4                HAL_GPIO_Init
 .text.HAL_GPIO_ReadPin
                0x00000000080017f8       0x30 Drivers/STM32F4xx_HAL_Driver/Src/stm32f4xx_hal_gpio.o
                0x00000000080017f8                HAL_GPIO_ReadPin
 .text.HAL_GPIO_WritePin
                0x0000000008001828       0x32 Drivers/STM32F4xx_HAL_Driver/Src/stm32f4xx_hal_gpio.o
                0x0000000008001828                HAL_GPIO_WritePin
 .text.HAL_GPIO_TogglePin
                0x000000000800185a       0x36 Drivers/STM32F4xx_HAL_Driver/Src/stm32f4xx_hal_gpio.o
                0x000000000800185a                HAL_GPIO_TogglePin
 .text.HAL_RCC_OscConfig
                0x0000000008001890      0x484 Drivers/STM32F4xx_HAL_Driver/Src/stm32f4xx_hal_rcc.o
                0x0000000008001890                HAL_RCC_OscConfig
 .text.HAL_RCC_ClockConfig
                0x0000000008001d14      0x1c4 Drivers/STM32F4xx_HAL_Driver/Src/stm32f4xx_hal_rcc.o
                0x0000000008001d14                HAL_RCC_ClockConfig
 .text.HAL_RCC_GetSysClockFreq
                0x0000000008001ed8      0x1b0 Drivers/STM32F4xx_HAL_Driver/Src/stm32f4xx_hal_rcc.o
                0x0000000008001ed8                HAL_RCC_GetSysClockFreq
 .text.HAL_RCC_GetHCLKFreq
                0x0000000008002088       0x18 Drivers/STM32F4xx_HAL_Driver/Src/stm32f4xx_hal_rcc.o
                0x0000000008002088                HAL_RCC_GetHCLKFreq
 .text.HAL_RCC_GetPCLK2Freq
                0x00000000080020a0       0x28 Drivers/STM32F4xx_HAL_Driver/Src/stm32f4xx_hal_rcc.o
                0x00000000080020a0                HAL_RCC_GetPCLK2Freq
 .text.HAL_RCC_GetClockConfig
                0x00000000080020c8       0x64 Drivers/STM32F4xx_HAL_Driver/Src/stm32f4xx_hal_rcc.o
                0x00000000080020c8                HAL_RCC_GetClockConfig
 .text.HAL_SD_Init
                0x000000000800212c       0x56 Drivers/STM32F4xx_HAL_Driver/Src/stm32f4xx_hal_sd.o
                0x000000000800212c                HAL_SD_Init
 *fill*         0x0000000008002182        0x2 
 .text.HAL_SD_InitCard
                0x0000000008002184       0xb8 Drivers/STM32F4xx_HAL_Driver/Src/stm32f4xx_hal_sd.o
                0x0000000008002184                HAL_SD_InitCard
 .text.HAL_SD_ReadBlocks
                0x000000000800223c      0x32e Drivers/STM32F4xx_HAL_Driver/Src/stm32f4xx_hal_sd.o
                0x000000000800223c                HAL_SD_ReadBlocks
 .text.HAL_SD_WriteBlocks
                0x000000000800256a      0x2d0 Drivers/STM32F4xx_HAL_Driver/Src/stm32f4xx_hal_sd.o
                0x000000000800256a                HAL_SD_WriteBlocks
 .text.HAL_SD_GetCardCSD
                0x000000000800283a      0x452 Drivers/STM32F4xx_HAL_Driver/Src/stm32f4xx_hal_sd.o
                0x000000000800283a                HAL_SD_GetCardCSD
 .text.HAL_SD_GetCardInfo
                0x0000000008002c8c       0x58 Drivers/STM32F4xx_HAL_Driver/Src/stm32f4xx_hal_sd.o
                0x0000000008002c8c                HAL_SD_GetCardInfo
 .text.HAL_SD_GetCardState
                0x0000000008002ce4       0x4a Drivers/STM32F4xx_HAL_Driver/Src/stm32f4xx_hal_sd.o
                0x0000000008002ce4                HAL_SD_GetCardState
 .text.SD_InitCard
                0x0000000008002d2e      0x192 Drivers/STM32F4xx_HAL_Driver/Src/stm32f4xx_hal_sd.o
 .text.SD_PowerON
                0x0000000008002ec0      0x150 Drivers/STM32F4xx_HAL_Driver/Src/stm32f4xx_hal_sd.o
 .text.SD_SendStatus
                0x0000000008003010       0x54 Drivers/STM32F4xx_HAL_Driver/Src/stm32f4xx_hal_sd.o
 .text.HAL_TIM_Base_Init
                0x0000000008003064       0x56 Drivers/STM32F4xx_HAL_Driver/Src/stm32f4xx_hal_tim.o
                0x0000000008003064                HAL_TIM_Base_Init
 .text.HAL_TIM_Base_MspInit
                0x00000000080030ba       0x14 Drivers/STM32F4xx_HAL_Driver/Src/stm32f4xx_hal_tim.o
                0x00000000080030ba                HAL_TIM_Base_MspInit
 .text.HAL_TIM_Base_Start_IT
                0x00000000080030ce       0x48 Drivers/STM32F4xx_HAL_Driver/Src/stm32f4xx_hal_tim.o
                0x00000000080030ce                HAL_TIM_Base_Start_IT
 .text.HAL_TIM_IRQHandler
                0x0000000008003116      0x210 Drivers/STM32F4xx_HAL_Driver/Src/stm32f4xx_hal_tim.o
                0x0000000008003116                HAL_TIM_IRQHandler
 .text.HAL_TIM_OC_DelayElapsedCallback
                0x0000000008003326       0x14 Drivers/STM32F4xx_HAL_Driver/Src/stm32f4xx_hal_tim.o
                0x0000000008003326                HAL_TIM_OC_DelayElapsedCallback
 .text.HAL_TIM_IC_CaptureCallback
                0x000000000800333a       0x14 Drivers/STM32F4xx_HAL_Driver/Src/stm32f4xx_hal_tim.o
                0x000000000800333a                HAL_TIM_IC_CaptureCallback
 .text.HAL_TIM_PWM_PulseFinishedCallback
                0x000000000800334e       0x14 Drivers/STM32F4xx_HAL_Driver/Src/stm32f4xx_hal_tim.o
                0x000000000800334e                HAL_TIM_PWM_PulseFinishedCallback
 .text.HAL_TIM_TriggerCallback
                0x0000000008003362       0x14 Drivers/STM32F4xx_HAL_Driver/Src/stm32f4xx_hal_tim.o
                0x0000000008003362                HAL_TIM_TriggerCallback
 *fill*         0x0000000008003376        0x2 
 .text.TIM_Base_SetConfig
                0x0000000008003378      0x140 Drivers/STM32F4xx_HAL_Driver/Src/stm32f4xx_hal_tim.o
                0x0000000008003378                TIM_Base_SetConfig
 .text.HAL_TIMEx_CommutCallback
                0x00000000080034b8       0x14 Drivers/STM32F4xx_HAL_Driver/Src/stm32f4xx_hal_tim_ex.o
                0x00000000080034b8                HAL_TIMEx_CommutCallback
 .text.HAL_TIMEx_BreakCallback
                0x00000000080034cc       0x14 Drivers/STM32F4xx_HAL_Driver/Src/stm32f4xx_hal_tim_ex.o
                0x00000000080034cc                HAL_TIMEx_BreakCallback
 .text.SDIO_Init
                0x00000000080034e0       0x56 Drivers/STM32F4xx_HAL_Driver/Src/stm32f4xx_ll_sdmmc.o
                0x00000000080034e0                SDIO_Init
 .text.SDIO_ReadFIFO
                0x0000000008003536       0x1a Drivers/STM32F4xx_HAL_Driver/Src/stm32f4xx_ll_sdmmc.o
                0x0000000008003536                SDIO_ReadFIFO
 .text.SDIO_WriteFIFO
                0x0000000008003550       0x22 Drivers/STM32F4xx_HAL_Driver/Src/stm32f4xx_ll_sdmmc.o
                0x0000000008003550                SDIO_WriteFIFO
 .text.SDIO_PowerState_ON
                0x0000000008003572       0x1c Drivers/STM32F4xx_HAL_Driver/Src/stm32f4xx_ll_sdmmc.o
                0x0000000008003572                SDIO_PowerState_ON
 .text.SDIO_GetPowerState
                0x000000000800358e       0x1c Drivers/STM32F4xx_HAL_Driver/Src/stm32f4xx_ll_sdmmc.o
                0x000000000800358e                SDIO_GetPowerState
 .text.SDIO_SendCommand
                0x00000000080035aa       0x54 Drivers/STM32F4xx_HAL_Driver/Src/stm32f4xx_ll_sdmmc.o
                0x00000000080035aa                SDIO_SendCommand
 .text.SDIO_GetCommandResponse
                0x00000000080035fe       0x1a Drivers/STM32F4xx_HAL_Driver/Src/stm32f4xx_ll_sdmmc.o
                0x00000000080035fe                SDIO_GetCommandResponse
 .text.SDIO_GetResponse
                0x0000000008003618       0x2a Drivers/STM32F4xx_HAL_Driver/Src/stm32f4xx_ll_sdmmc.o
                0x0000000008003618                SDIO_GetResponse
 .text.SDIO_ConfigData
                0x0000000008003642       0x58 Drivers/STM32F4xx_HAL_Driver/Src/stm32f4xx_ll_sdmmc.o
                0x0000000008003642                SDIO_ConfigData
 .text.SDMMC_CmdBlockLength
                0x000000000800369a       0x48 Drivers/STM32F4xx_HAL_Driver/Src/stm32f4xx_ll_sdmmc.o
                0x000000000800369a                SDMMC_CmdBlockLength
 .text.SDMMC_CmdReadSingleBlock
                0x00000000080036e2       0x48 Drivers/STM32F4xx_HAL_Driver/Src/stm32f4xx_ll_sdmmc.o
                0x00000000080036e2                SDMMC_CmdReadSingleBlock
 .text.SDMMC_CmdReadMultiBlock
                0x000000000800372a       0x48 Drivers/STM32F4xx_HAL_Driver/Src/stm32f4xx_ll_sdmmc.o
                0x000000000800372a                SDMMC_CmdReadMultiBlock
 .text.SDMMC_CmdWriteSingleBlock
                0x0000000008003772       0x48 Drivers/STM32F4xx_HAL_Driver/Src/stm32f4xx_ll_sdmmc.o
                0x0000000008003772                SDMMC_CmdWriteSingleBlock
 .text.SDMMC_CmdWriteMultiBlock
                0x00000000080037ba       0x48 Drivers/STM32F4xx_HAL_Driver/Src/stm32f4xx_ll_sdmmc.o
                0x00000000080037ba                SDMMC_CmdWriteMultiBlock
 *fill*         0x0000000008003802        0x2 
 .text.SDMMC_CmdStopTransfer
                0x0000000008003804       0x48 Drivers/STM32F4xx_HAL_Driver/Src/stm32f4xx_ll_sdmmc.o
                0x0000000008003804                SDMMC_CmdStopTransfer
 .text.SDMMC_CmdSelDesel
                0x000000000800384c       0x4a Drivers/STM32F4xx_HAL_Driver/Src/stm32f4xx_ll_sdmmc.o
                0x000000000800384c                SDMMC_CmdSelDesel
 .text.SDMMC_CmdGoIdleState
                0x0000000008003896       0x40 Drivers/STM32F4xx_HAL_Driver/Src/stm32f4xx_ll_sdmmc.o
                0x0000000008003896                SDMMC_CmdGoIdleState
 .text.SDMMC_CmdOperCond
                0x00000000080038d6       0x42 Drivers/STM32F4xx_HAL_Driver/Src/stm32f4xx_ll_sdmmc.o
                0x00000000080038d6                SDMMC_CmdOperCond
 .text.SDMMC_CmdAppCommand
                0x0000000008003918       0x48 Drivers/STM32F4xx_HAL_Driver/Src/stm32f4xx_ll_sdmmc.o
                0x0000000008003918                SDMMC_CmdAppCommand
 .text.SDMMC_CmdAppOperCommand
                0x0000000008003960       0x4a Drivers/STM32F4xx_HAL_Driver/Src/stm32f4xx_ll_sdmmc.o
                0x0000000008003960                SDMMC_CmdAppOperCommand
 .text.SDMMC_CmdSendCID
                0x00000000080039aa       0x40 Drivers/STM32F4xx_HAL_Driver/Src/stm32f4xx_ll_sdmmc.o
                0x00000000080039aa                SDMMC_CmdSendCID
 .text.SDMMC_CmdSendCSD
                0x00000000080039ea       0x42 Drivers/STM32F4xx_HAL_Driver/Src/stm32f4xx_ll_sdmmc.o
                0x00000000080039ea                SDMMC_CmdSendCSD
 .text.SDMMC_CmdSetRelAdd
                0x0000000008003a2c       0x46 Drivers/STM32F4xx_HAL_Driver/Src/stm32f4xx_ll_sdmmc.o
                0x0000000008003a2c                SDMMC_CmdSetRelAdd
 .text.SDMMC_CmdSendStatus
                0x0000000008003a72       0x48 Drivers/STM32F4xx_HAL_Driver/Src/stm32f4xx_ll_sdmmc.o
                0x0000000008003a72                SDMMC_CmdSendStatus
 *fill*         0x0000000008003aba        0x2 
 .text.SDMMC_GetCmdError
                0x0000000008003abc       0x54 Drivers/STM32F4xx_HAL_Driver/Src/stm32f4xx_ll_sdmmc.o
 .text.SDMMC_GetCmdResp1
                0x0000000008003b10      0x1cc Drivers/STM32F4xx_HAL_Driver/Src/stm32f4xx_ll_sdmmc.o
 .text.SDMMC_GetCmdResp2
                0x0000000008003cdc       0x80 Drivers/STM32F4xx_HAL_Driver/Src/stm32f4xx_ll_sdmmc.o
 .text.SDMMC_GetCmdResp3
                0x0000000008003d5c       0x68 Drivers/STM32F4xx_HAL_Driver/Src/stm32f4xx_ll_sdmmc.o
 .text.SDMMC_GetCmdResp6
                0x0000000008003dc4       0xdc Drivers/STM32F4xx_HAL_Driver/Src/stm32f4xx_ll_sdmmc.o
 .text.SDMMC_GetCmdResp7
                0x0000000008003ea0       0x74 Drivers/STM32F4xx_HAL_Driver/Src/stm32f4xx_ll_sdmmc.o
 .text.disk_status
                0x0000000008003f14       0x34 Middlewares/Third_Party/FatFs/src/diskio.o
                0x0000000008003f14                disk_status
 .text.disk_initialize
                0x0000000008003f48       0x4c Middlewares/Third_Party/FatFs/src/diskio.o
                0x0000000008003f48                disk_initialize
 .text.disk_read
                0x0000000008003f94       0x40 Middlewares/Third_Party/FatFs/src/diskio.o
                0x0000000008003f94                disk_read
 .text.disk_write
                0x0000000008003fd4       0x40 Middlewares/Third_Party/FatFs/src/diskio.o
                0x0000000008003fd4                disk_write
 .text.disk_ioctl
                0x0000000008004014       0x3c Middlewares/Third_Party/FatFs/src/diskio.o
                0x0000000008004014                disk_ioctl
 .text.ld_word  0x0000000008004050       0x30 Middlewares/Third_Party/FatFs/src/ff.o
 .text.ld_dword
                0x0000000008004080       0x46 Middlewares/Third_Party/FatFs/src/ff.o
 .text.st_word  0x00000000080040c6       0x36 Middlewares/Third_Party/FatFs/src/ff.o
 .text.st_dword
                0x00000000080040fc       0x58 Middlewares/Third_Party/FatFs/src/ff.o
 .text.mem_cpy  0x0000000008004154       0x42 Middlewares/Third_Party/FatFs/src/ff.o
 .text.mem_set  0x0000000008004196       0x34 Middlewares/Third_Party/FatFs/src/ff.o
 .text.mem_cmp  0x00000000080041ca       0x4e Middlewares/Third_Party/FatFs/src/ff.o
 .text.chk_chr  0x0000000008004218       0x36 Middlewares/Third_Party/FatFs/src/ff.o
 *fill*         0x000000000800424e        0x2 
 .text.chk_lock
                0x0000000008004250       0xb8 Middlewares/Third_Party/FatFs/src/ff.o
 .text.enq_lock
                0x0000000008004308       0x44 Middlewares/Third_Party/FatFs/src/ff.o
 .text.inc_lock
                0x000000000800434c      0x11c Middlewares/Third_Party/FatFs/src/ff.o
 .text.dec_lock
                0x0000000008004468       0x78 Middlewares/Third_Party/FatFs/src/ff.o
 .text.clear_lock
                0x00000000080044e0       0x48 Middlewares/Third_Party/FatFs/src/ff.o
 .text.sync_window
                0x0000000008004528       0x88 Middlewares/Third_Party/FatFs/src/ff.o
 .text.move_window
                0x00000000080045b0       0x5a Middlewares/Third_Party/FatFs/src/ff.o
 *fill*         0x000000000800460a        0x2 
 .text.sync_fs  0x000000000800460c       0xdc Middlewares/Third_Party/FatFs/src/ff.o
 .text.clust2sect
                0x00000000080046e8       0x3e Middlewares/Third_Party/FatFs/src/ff.o
 .text.get_fat  0x0000000008004726      0x14a Middlewares/Third_Party/FatFs/src/ff.o
 .text.put_fat  0x0000000008004870      0x1ce Middlewares/Third_Party/FatFs/src/ff.o
 .text.remove_chain
                0x0000000008004a3e       0xca Middlewares/Third_Party/FatFs/src/ff.o
 .text.create_chain
                0x0000000008004b08      0x130 Middlewares/Third_Party/FatFs/src/ff.o
 .text.clmt_clust
                0x0000000008004c38       0x68 Middlewares/Third_Party/FatFs/src/ff.o
 .text.dir_sdi  0x0000000008004ca0       0xf6 Middlewares/Third_Party/FatFs/src/ff.o
 .text.dir_next
                0x0000000008004d96      0x18a Middlewares/Third_Party/FatFs/src/ff.o
 .text.dir_alloc
                0x0000000008004f20       0x8e Middlewares/Third_Party/FatFs/src/ff.o
 .text.ld_clust
                0x0000000008004fae       0x3e Middlewares/Third_Party/FatFs/src/ff.o
 .text.st_clust
                0x0000000008004fec       0x40 Middlewares/Third_Party/FatFs/src/ff.o
 .text.dir_find
                0x000000000800502c       0xaa Middlewares/Third_Party/FatFs/src/ff.o
 .text.dir_register
                0x00000000080050d6       0x64 Middlewares/Third_Party/FatFs/src/ff.o
 *fill*         0x000000000800513a        0x2 
 .text.create_name
                0x000000000800513c      0x128 Middlewares/Third_Party/FatFs/src/ff.o
 .text.follow_path
                0x0000000008005264       0xe2 Middlewares/Third_Party/FatFs/src/ff.o
 .text.get_ldnumber
                0x0000000008005346       0x88 Middlewares/Third_Party/FatFs/src/ff.o
 *fill*         0x00000000080053ce        0x2 
 .text.check_fs
                0x00000000080053d0       0xac Middlewares/Third_Party/FatFs/src/ff.o
 .text.find_volume
                0x000000000800547c      0x498 Middlewares/Third_Party/FatFs/src/ff.o
 .text.validate
                0x0000000008005914       0x6a Middlewares/Third_Party/FatFs/src/ff.o
 *fill*         0x000000000800597e        0x2 
 .text.f_mount  0x0000000008005980       0x8c Middlewares/Third_Party/FatFs/src/ff.o
                0x0000000008005980                f_mount
 .text.f_open   0x0000000008005a0c      0x37c Middlewares/Third_Party/FatFs/src/ff.o
                0x0000000008005a0c                f_open
 .text.f_write  0x0000000008005d88      0x2ea Middlewares/Third_Party/FatFs/src/ff.o
                0x0000000008005d88                f_write
 .text.f_sync   0x0000000008006072       0xfc Middlewares/Third_Party/FatFs/src/ff.o
                0x0000000008006072                f_sync
 .text.f_close  0x000000000800616e       0x54 Middlewares/Third_Party/FatFs/src/ff.o
                0x000000000800616e                f_close
 .text.f_lseek  0x00000000080061c2      0x412 Middlewares/Third_Party/FatFs/src/ff.o
                0x00000000080061c2                f_lseek
 .text.f_mkdir  0x00000000080065d4      0x20e Middlewares/Third_Party/FatFs/src/ff.o
                0x00000000080065d4                f_mkdir
 .text.putc_bfd
                0x00000000080067e2       0x7a Middlewares/Third_Party/FatFs/src/ff.o
 .text.putc_flush
                0x000000000800685c       0x4c Middlewares/Third_Party/FatFs/src/ff.o
 .text.putc_init
                0x00000000080068a8       0x2a Middlewares/Third_Party/FatFs/src/ff.o
 .text.f_puts   0x00000000080068d2       0x48 Middlewares/Third_Party/FatFs/src/ff.o
                0x00000000080068d2                f_puts
 *fill*         0x000000000800691a        0x2 
 .text.FATFS_LinkDriverEx
                0x000000000800691c       0x98 Middlewares/Third_Party/FatFs/src/ff_gen_drv.o
                0x000000000800691c                FATFS_LinkDriverEx
 .text.FATFS_LinkDriver
                0x00000000080069b4       0x1e Middlewares/Third_Party/FatFs/src/ff_gen_drv.o
                0x00000000080069b4                FATFS_LinkDriver
 .text.vListInitialise
                0x00000000080069d2       0x40 Middlewares/Third_Party/FreeRTOS/list.o
                0x00000000080069d2                vListInitialise
 .text.vListInitialiseItem
                0x0000000008006a12       0x1a Middlewares/Third_Party/FreeRTOS/list.o
                0x0000000008006a12                vListInitialiseItem
 .text.vListInsertEnd
                0x0000000008006a2c       0x48 Middlewares/Third_Party/FreeRTOS/list.o
                0x0000000008006a2c                vListInsertEnd
 .text.vListInsert
                0x0000000008006a74       0x72 Middlewares/Third_Party/FreeRTOS/list.o
                0x0000000008006a74                vListInsert
 .text.uxListRemove
                0x0000000008006ae6       0x54 Middlewares/Third_Party/FreeRTOS/list.o
                0x0000000008006ae6                uxListRemove
 *fill*         0x0000000008006b3a        0x2 
 .text.xQueueGenericReset
                0x0000000008006b3c       0xd0 Middlewares/Third_Party/FreeRTOS/queue.o
                0x0000000008006b3c                xQueueGenericReset
 .text.xQueueGenericCreate
                0x0000000008006c0c       0x76 Middlewares/Third_Party/FreeRTOS/queue.o
                0x0000000008006c0c                xQueueGenericCreate
 .text.prvInitialiseNewQueue
                0x0000000008006c82       0x46 Middlewares/Third_Party/FreeRTOS/queue.o
 .text.xQueueGenericSend
                0x0000000008006cc8      0x1f4 Middlewares/Third_Party/FreeRTOS/queue.o
                0x0000000008006cc8                xQueueGenericSend
 .text.xQueueGenericSendFromISR
                0x0000000008006ebc      0x128 Middlewares/Third_Party/FreeRTOS/queue.o
                0x0000000008006ebc                xQueueGenericSendFromISR
 .text.xQueueReceive
                0x0000000008006fe4      0x1b8 Middlewares/Third_Party/FreeRTOS/queue.o
                0x0000000008006fe4                xQueueReceive
 .text.prvCopyDataToQueue
                0x000000000800719c       0xd4 Middlewares/Third_Party/FreeRTOS/queue.o
 .text.prvCopyDataFromQueue
                0x0000000008007270       0x4c Middlewares/Third_Party/FreeRTOS/queue.o
 .text.prvUnlockQueue
                0x00000000080072bc       0xa4 Middlewares/Third_Party/FreeRTOS/queue.o
 .text.prvIsQueueEmpty
                0x0000000008007360       0x2c Middlewares/Third_Party/FreeRTOS/queue.o
 .text.prvIsQueueFull
                0x000000000800738c       0x30 Middlewares/Third_Party/FreeRTOS/queue.o
 .text.vQueueAddToRegistry
                0x00000000080073bc       0x50 Middlewares/Third_Party/FreeRTOS/queue.o
                0x00000000080073bc                vQueueAddToRegistry
 .text.vQueueWaitForMessageRestricted
                0x000000000800740c       0x68 Middlewares/Third_Party/FreeRTOS/queue.o
                0x000000000800740c                vQueueWaitForMessageRestricted
 .text.xTaskCreate
                0x0000000008007474       0x82 Middlewares/Third_Party/FreeRTOS/tasks.o
                0x0000000008007474                xTaskCreate
 .text.prvInitialiseNewTask
                0x00000000080074f6      0x11c Middlewares/Third_Party/FreeRTOS/tasks.o
 *fill*         0x0000000008007612        0x2 
 .text.prvAddNewTaskToReadyList
                0x0000000008007614       0xdc Middlewares/Third_Party/FreeRTOS/tasks.o
 .text.vTaskStartScheduler
                0x00000000080076f0       0x98 Middlewares/Third_Party/FreeRTOS/tasks.o
                0x00000000080076f0                vTaskStartScheduler
 .text.vTaskSuspendAll
                0x0000000008007788       0x1c Middlewares/Third_Party/FreeRTOS/tasks.o
                0x0000000008007788                vTaskSuspendAll
 .text.xTaskResumeAll
                0x00000000080077a4      0x138 Middlewares/Third_Party/FreeRTOS/tasks.o
                0x00000000080077a4                xTaskResumeAll
 .text.xTaskGetTickCount
                0x00000000080078dc       0x20 Middlewares/Third_Party/FreeRTOS/tasks.o
                0x00000000080078dc                xTaskGetTickCount
 .text.xTaskIncrementTick
                0x00000000080078fc      0x170 Middlewares/Third_Party/FreeRTOS/tasks.o
                0x00000000080078fc                xTaskIncrementTick
 .text.vTaskSwitchContext
                0x0000000008007a6c       0xb4 Middlewares/Third_Party/FreeRTOS/tasks.o
                0x0000000008007a6c                vTaskSwitchContext
 .text.vTaskPlaceOnEventList
                0x0000000008007b20       0x48 Middlewares/Third_Party/FreeRTOS/tasks.o
                0x0000000008007b20                vTaskPlaceOnEventList
 .text.vTaskPlaceOnEventListRestricted
                0x0000000008007b68       0x54 Middlewares/Third_Party/FreeRTOS/tasks.o
                0x0000000008007b68                vTaskPlaceOnEventListRestricted
 .text.xTaskRemoveFromEventList
                0x0000000008007bbc       0xc4 Middlewares/Third_Party/FreeRTOS/tasks.o
                0x0000000008007bbc                xTaskRemoveFromEventList
 .text.vTaskInternalSetTimeOutState
                0x0000000008007c80       0x2c Middlewares/Third_Party/FreeRTOS/tasks.o
                0x0000000008007c80                vTaskInternalSetTimeOutState
 .text.xTaskCheckForTimeOut
                0x0000000008007cac       0xc0 Middlewares/Third_Party/FreeRTOS/tasks.o
                0x0000000008007cac                xTaskCheckForTimeOut
 .text.vTaskMissedYield
                0x0000000008007d6c       0x18 Middlewares/Third_Party/FreeRTOS/tasks.o
                0x0000000008007d6c                vTaskMissedYield
 .text.prvIdleTask
                0x0000000008007d84       0x30 Middlewares/Third_Party/FreeRTOS/tasks.o
 .text.prvInitialiseTaskLists
                0x0000000008007db4       0x80 Middlewares/Third_Party/FreeRTOS/tasks.o
 .text.prvCheckTasksWaitingTermination
                0x0000000008007e34       0x58 Middlewares/Third_Party/FreeRTOS/tasks.o
 .text.prvDeleteTCB
                0x0000000008007e8c       0x20 Middlewares/Third_Party/FreeRTOS/tasks.o
 .text.prvResetNextTaskUnblockTime
                0x0000000008007eac       0x40 Middlewares/Third_Party/FreeRTOS/tasks.o
 .text.xTaskGetSchedulerState
                0x0000000008007eec       0x3c Middlewares/Third_Party/FreeRTOS/tasks.o
                0x0000000008007eec                xTaskGetSchedulerState
 .text.xTaskPriorityDisinherit
                0x0000000008007f28      0x108 Middlewares/Third_Party/FreeRTOS/tasks.o
                0x0000000008007f28                xTaskPriorityDisinherit
 .text.prvAddCurrentTaskToDelayedList
                0x0000000008008030       0xcc Middlewares/Third_Party/FreeRTOS/tasks.o
 .text.xTimerCreateTimerTask
                0x00000000080080fc       0x64 Middlewares/Third_Party/FreeRTOS/timers.o
                0x00000000080080fc                xTimerCreateTimerTask
 .text.xTimerGenericCommand
                0x0000000008008160       0x98 Middlewares/Third_Party/FreeRTOS/timers.o
                0x0000000008008160                xTimerGenericCommand
 .text.prvProcessExpiredTimer
                0x00000000080081f8       0x98 Middlewares/Third_Party/FreeRTOS/timers.o
 .text.prvTimerTask
                0x0000000008008290       0x24 Middlewares/Third_Party/FreeRTOS/timers.o
 .text.prvProcessTimerOrBlockTask
                0x00000000080082b4       0x9c Middlewares/Third_Party/FreeRTOS/timers.o
 .text.prvGetNextExpireTime
                0x0000000008008350       0x48 Middlewares/Third_Party/FreeRTOS/timers.o
 .text.prvSampleTimeNow
                0x0000000008008398       0x40 Middlewares/Third_Party/FreeRTOS/timers.o
 .text.prvInsertTimerInActiveList
                0x00000000080083d8       0x84 Middlewares/Third_Party/FreeRTOS/timers.o
 .text.prvProcessReceivedCommands
                0x000000000800845c      0x188 Middlewares/Third_Party/FreeRTOS/timers.o
 .text.prvSwitchTimerLists
                0x00000000080085e4       0xc8 Middlewares/Third_Party/FreeRTOS/timers.o
 .text.prvCheckForValidListAndQueue
                0x00000000080086ac       0x6c Middlewares/Third_Party/FreeRTOS/timers.o
 .text.pxPortInitialiseStack
                0x0000000008008718       0x68 Middlewares/Third_Party/FreeRTOS/portable/GCC/ARM_CM4F/port.o
                0x0000000008008718                pxPortInitialiseStack
 .text.prvTaskExitError
                0x0000000008008780       0x54 Middlewares/Third_Party/FreeRTOS/portable/GCC/ARM_CM4F/port.o
 *fill*         0x00000000080087d4        0xc 
 .text.SVC_Handler
                0x00000000080087e0       0x28 Middlewares/Third_Party/FreeRTOS/portable/GCC/ARM_CM4F/port.o
                0x00000000080087e0                SVC_Handler
 .text.prvPortStartFirstTask
                0x0000000008008808       0x28 Middlewares/Third_Party/FreeRTOS/portable/GCC/ARM_CM4F/port.o
 .text.xPortStartScheduler
                0x0000000008008830      0x13c Middlewares/Third_Party/FreeRTOS/portable/GCC/ARM_CM4F/port.o
                0x0000000008008830                xPortStartScheduler
 .text.vPortEnterCritical
                0x000000000800896c       0x5c Middlewares/Third_Party/FreeRTOS/portable/GCC/ARM_CM4F/port.o
                0x000000000800896c                vPortEnterCritical
 .text.vPortExitCritical
                0x00000000080089c8       0x50 Middlewares/Third_Party/FreeRTOS/portable/GCC/ARM_CM4F/port.o
                0x00000000080089c8                vPortExitCritical
 *fill*         0x0000000008008a18        0x8 
 .text.PendSV_Handler
                0x0000000008008a20       0x68 Middlewares/Third_Party/FreeRTOS/portable/GCC/ARM_CM4F/port.o
                0x0000000008008a20                PendSV_Handler
 .text.SysTick_Handler
                0x0000000008008a88       0x40 Middlewares/Third_Party/FreeRTOS/portable/GCC/ARM_CM4F/port.o
                0x0000000008008a88                SysTick_Handler
 .text.vPortSetupTimerInterrupt
                0x0000000008008ac8       0x48 Middlewares/Third_Party/FreeRTOS/portable/GCC/ARM_CM4F/port.o
                0x0000000008008ac8                vPortSetupTimerInterrupt
 .text.vPortEnableVFP
                0x0000000008008b10       0x14 Middlewares/Third_Party/FreeRTOS/portable/GCC/ARM_CM4F/port.o
 .text.vPortValidateInterruptPriority
                0x0000000008008b24       0x7c Middlewares/Third_Party/FreeRTOS/portable/GCC/ARM_CM4F/port.o
                0x0000000008008b24                vPortValidateInterruptPriority
 .text.pvPortMalloc
                0x0000000008008ba0      0x11c Middlewares/Third_Party/FreeRTOS/portable/MemMang/heap_2.o
                0x0000000008008ba0                pvPortMalloc
 .text.vPortFree
                0x0000000008008cbc       0x74 Middlewares/Third_Party/FreeRTOS/portable/MemMang/heap_2.o
                0x0000000008008cbc                vPortFree
 .text.prvHeapInit
                0x0000000008008d30       0x54 Middlewares/Third_Party/FreeRTOS/portable/MemMang/heap_2.o
 .text.BSP_SD_Init
                0x0000000008008d84       0x30 Src/bsp_driver_sd.o
                0x0000000008008d84                BSP_SD_Init
 .text.BSP_SD_ReadBlocks
                0x0000000008008db4       0x3c Src/bsp_driver_sd.o
                0x0000000008008db4                BSP_SD_ReadBlocks
 .text.BSP_SD_WriteBlocks
                0x0000000008008df0       0x3c Src/bsp_driver_sd.o
                0x0000000008008df0                BSP_SD_WriteBlocks
 .text.BSP_SD_GetCardState
                0x0000000008008e2c       0x20 Src/bsp_driver_sd.o
                0x0000000008008e2c                BSP_SD_GetCardState
 .text.BSP_SD_GetCardInfo
                0x0000000008008e4c       0x1c Src/bsp_driver_sd.o
                0x0000000008008e4c                BSP_SD_GetCardInfo
 .text.BSP_SD_IsDetected
                0x0000000008008e68       0x24 Src/bsp_driver_sd.o
                0x0000000008008e68                BSP_SD_IsDetected
 .text.MX_FATFS_Init
                0x0000000008008e8c       0x24 Src/fatfs.o
                0x0000000008008e8c                MX_FATFS_Init
 .text.get_fattime
                0x0000000008008eb0       0x10 Src/fatfs.o
                0x0000000008008eb0                get_fattime
 .text.BSP_PlatformIsDetected
                0x0000000008008ec0       0x2c Src/fatfs_platform.o
                0x0000000008008ec0                BSP_PlatformIsDetected
 .text.SystemClock_Config
                0x0000000008008eec       0xd4 Src/main.o
                0x0000000008008eec                SystemClock_Config
 .text.MX_NVIC_Init
                0x0000000008008fc0       0x28 Src/main.o
 .text.MX_CAN1_Init
                0x0000000008008fe8       0xc0 Src/main.o
 .text.MX_SDIO_SD_Init
                0x00000000080090a8       0x40 Src/main.o
 .text.MX_DMA_Init
                0x00000000080090e8       0x34 Src/main.o
 .text.MX_GPIO_Init
                0x000000000800911c       0xf4 Src/main.o
 .text.main     0x0000000008009210       0x80 Src/main.o
                0x0000000008009210                main
 .text.taskHandleCAN
                0x0000000008009290       0x84 Src/main.o
                0x0000000008009290                taskHandleCAN
 .text.taskLog  0x0000000008009314      0x2a8 Src/main.o
                0x0000000008009314                taskLog
 .text.sdCardError
                0x00000000080095bc       0x20 Src/main.o
                0x00000000080095bc                sdCardError
 .text.HAL_TIM_PeriodElapsedCallback
                0x00000000080095dc       0x24 Src/main.o
                0x00000000080095dc                HAL_TIM_PeriodElapsedCallback
 .text.Error_Handler
                0x0000000008009600        0xe Src/main.o
                0x0000000008009600                Error_Handler
 *fill*         0x000000000800960e        0x2 
 .text.SD_CheckStatus
                0x0000000008009610       0x3c Src/sd_diskio.o
 .text.SD_initialize
                0x000000000800964c       0x3c Src/sd_diskio.o
                0x000000000800964c                SD_initialize
 .text.SD_status
                0x0000000008009688       0x1c Src/sd_diskio.o
                0x0000000008009688                SD_status
 .text.SD_read  0x00000000080096a4       0x42 Src/sd_diskio.o
                0x00000000080096a4                SD_read
 .text.SD_write
                0x00000000080096e6       0x42 Src/sd_diskio.o
                0x00000000080096e6                SD_write
 .text.SD_ioctl
                0x0000000008009728       0xb0 Src/sd_diskio.o
                0x0000000008009728                SD_ioctl
 .text.HAL_MspInit
                0x00000000080097d8       0x50 Src/stm32f4xx_hal_msp.o
                0x00000000080097d8                HAL_MspInit
 .text.HAL_CAN_MspInit
                0x0000000008009828       0x90 Src/stm32f4xx_hal_msp.o
                0x0000000008009828                HAL_CAN_MspInit
 .text.HAL_SD_MspInit
                0x00000000080098b8      0x1f0 Src/stm32f4xx_hal_msp.o
                0x00000000080098b8                HAL_SD_MspInit
 .text.HAL_InitTick
                0x0000000008009aa8       0xb0 Src/stm32f4xx_hal_timebase_tim.o
                0x0000000008009aa8                HAL_InitTick
 .text.NMI_Handler
                0x0000000008009b58        0xe Src/stm32f4xx_it.o
                0x0000000008009b58                NMI_Handler
 .text.HardFault_Handler
                0x0000000008009b66        0x6 Src/stm32f4xx_it.o
                0x0000000008009b66                HardFault_Handler
 .text.MemManage_Handler
                0x0000000008009b6c        0x6 Src/stm32f4xx_it.o
                0x0000000008009b6c                MemManage_Handler
 .text.BusFault_Handler
                0x0000000008009b72        0x6 Src/stm32f4xx_it.o
                0x0000000008009b72                BusFault_Handler
 .text.UsageFault_Handler
                0x0000000008009b78        0x6 Src/stm32f4xx_it.o
                0x0000000008009b78                UsageFault_Handler
 .text.DebugMon_Handler
                0x0000000008009b7e        0xe Src/stm32f4xx_it.o
                0x0000000008009b7e                DebugMon_Handler
 .text.TIM1_UP_TIM10_IRQHandler
                0x0000000008009b8c       0x14 Src/stm32f4xx_it.o
                0x0000000008009b8c                TIM1_UP_TIM10_IRQHandler
 .text.DMA2_Stream3_IRQHandler
                0x0000000008009ba0       0x14 Src/stm32f4xx_it.o
                0x0000000008009ba0                DMA2_Stream3_IRQHandler
 .text.DMA2_Stream6_IRQHandler
                0x0000000008009bb4       0x14 Src/stm32f4xx_it.o
                0x0000000008009bb4                DMA2_Stream6_IRQHandler
 .text._sbrk    0x0000000008009bc8       0x58 Src/sysmem.o
                0x0000000008009bc8                _sbrk
 .text.SystemInit
                0x0000000008009c20       0x6c Src/system_stm32f4xx.o
                0x0000000008009c20                SystemInit
 .text.Reset_Handler
                0x0000000008009c8c       0x50 Startup/startup_stm32f429zitx.o
                0x0000000008009c8c                Reset_Handler
 .text.Default_Handler
                0x0000000008009cdc        0x2 Startup/startup_stm32f429zitx.o
                0x0000000008009cdc                RTC_Alarm_IRQHandler
                0x0000000008009cdc                HASH_RNG_IRQHandler
                0x0000000008009cdc                EXTI2_IRQHandler
                0x0000000008009cdc                TIM8_CC_IRQHandler
                0x0000000008009cdc                UART8_IRQHandler
                0x0000000008009cdc                SPI4_IRQHandler
                0x0000000008009cdc                TIM1_CC_IRQHandler
                0x0000000008009cdc                DMA2_Stream5_IRQHandler
                0x0000000008009cdc                DMA1_Stream5_IRQHandler
                0x0000000008009cdc                PVD_IRQHandler
                0x0000000008009cdc                SDIO_IRQHandler
                0x0000000008009cdc                TAMP_STAMP_IRQHandler
                0x0000000008009cdc                CAN2_RX1_IRQHandler
                0x0000000008009cdc                EXTI3_IRQHandler
                0x0000000008009cdc                TIM8_TRG_COM_TIM14_IRQHandler
                0x0000000008009cdc                TIM8_UP_TIM13_IRQHandler
                0x0000000008009cdc                I2C3_ER_IRQHandler
                0x0000000008009cdc                EXTI0_IRQHandler
                0x0000000008009cdc                I2C2_EV_IRQHandler
                0x0000000008009cdc                DMA1_Stream2_IRQHandler
                0x0000000008009cdc                CAN1_RX0_IRQHandler
                0x0000000008009cdc                FPU_IRQHandler
                0x0000000008009cdc                OTG_HS_WKUP_IRQHandler
                0x0000000008009cdc                LTDC_ER_IRQHandler
                0x0000000008009cdc                CAN2_SCE_IRQHandler
                0x0000000008009cdc                DMA2_Stream2_IRQHandler
                0x0000000008009cdc                SPI1_IRQHandler
                0x0000000008009cdc                TIM6_DAC_IRQHandler
                0x0000000008009cdc                TIM1_BRK_TIM9_IRQHandler
                0x0000000008009cdc                DCMI_IRQHandler
                0x0000000008009cdc                CAN2_RX0_IRQHandler
                0x0000000008009cdc                USART6_IRQHandler
                0x0000000008009cdc                USART3_IRQHandler
                0x0000000008009cdc                CAN1_RX1_IRQHandler
                0x0000000008009cdc                UART5_IRQHandler
                0x0000000008009cdc                DMA2_Stream0_IRQHandler
                0x0000000008009cdc                TIM4_IRQHandler
                0x0000000008009cdc                I2C1_EV_IRQHandler
                0x0000000008009cdc                DMA1_Stream6_IRQHandler
                0x0000000008009cdc                DMA1_Stream1_IRQHandler
                0x0000000008009cdc                UART4_IRQHandler
                0x0000000008009cdc                TIM3_IRQHandler
                0x0000000008009cdc                RCC_IRQHandler
                0x0000000008009cdc                TIM8_BRK_TIM12_IRQHandler
                0x0000000008009cdc                Default_Handler
                0x0000000008009cdc                EXTI15_10_IRQHandler
                0x0000000008009cdc                ADC_IRQHandler
                0x0000000008009cdc                DMA1_Stream7_IRQHandler
                0x0000000008009cdc                SPI5_IRQHandler
                0x0000000008009cdc                TIM7_IRQHandler
                0x0000000008009cdc                CAN2_TX_IRQHandler
                0x0000000008009cdc                TIM5_IRQHandler
                0x0000000008009cdc                DMA2_Stream7_IRQHandler
                0x0000000008009cdc                I2C3_EV_IRQHandler
                0x0000000008009cdc                EXTI9_5_IRQHandler
                0x0000000008009cdc                RTC_WKUP_IRQHandler
                0x0000000008009cdc                LTDC_IRQHandler
                0x0000000008009cdc                ETH_WKUP_IRQHandler
                0x0000000008009cdc                SPI2_IRQHandler
                0x0000000008009cdc                OTG_HS_EP1_IN_IRQHandler
                0x0000000008009cdc                DMA1_Stream0_IRQHandler
                0x0000000008009cdc                CAN1_TX_IRQHandler
                0x0000000008009cdc                EXTI4_IRQHandler
                0x0000000008009cdc                ETH_IRQHandler
                0x0000000008009cdc                OTG_HS_EP1_OUT_IRQHandler
                0x0000000008009cdc                WWDG_IRQHandler
                0x0000000008009cdc                SPI6_IRQHandler
                0x0000000008009cdc                TIM2_IRQHandler
                0x0000000008009cdc                OTG_FS_WKUP_IRQHandler
                0x0000000008009cdc                TIM1_TRG_COM_TIM11_IRQHandler
                0x0000000008009cdc                OTG_HS_IRQHandler
                0x0000000008009cdc                DMA2D_IRQHandler
                0x0000000008009cdc                EXTI1_IRQHandler
                0x0000000008009cdc                UART7_IRQHandler
                0x0000000008009cdc                USART2_IRQHandler
                0x0000000008009cdc                I2C2_ER_IRQHandler
                0x0000000008009cdc                DMA2_Stream1_IRQHandler
                0x0000000008009cdc                CAN1_SCE_IRQHandler
                0x0000000008009cdc                FLASH_IRQHandler
                0x0000000008009cdc                DMA2_Stream4_IRQHandler
                0x0000000008009cdc                USART1_IRQHandler
                0x0000000008009cdc                OTG_FS_IRQHandler
                0x0000000008009cdc                SPI3_IRQHandler
                0x0000000008009cdc                DMA1_Stream4_IRQHandler
                0x0000000008009cdc                I2C1_ER_IRQHandler
                0x0000000008009cdc                FMC_IRQHandler
                0x0000000008009cdc                SAI1_IRQHandler
                0x0000000008009cdc                DMA1_Stream3_IRQHandler
 *fill*         0x0000000008009cde        0x2 
 .text.__errno  0x0000000008009ce0        0xc /opt/stm32cubeide/plugins/com.st.stm32cube.ide.mcu.externaltools.gnu-tools-for-stm32.7-2018-q2-update.linux64_1.0.0.201904181610/tools/bin/../lib/gcc/arm-none-eabi/7.3.1/../../../../arm-none-eabi/lib/thumb/v7e-m/fpv4-sp/hard/libc_nano.a(lib_a-errno.o)
                0x0000000008009ce0                __errno
 .text.__libc_init_array
                0x0000000008009cec       0x48 /opt/stm32cubeide/plugins/com.st.stm32cube.ide.mcu.externaltools.gnu-tools-for-stm32.7-2018-q2-update.linux64_1.0.0.201904181610/tools/bin/../lib/gcc/arm-none-eabi/7.3.1/../../../../arm-none-eabi/lib/thumb/v7e-m/fpv4-sp/hard/libc_nano.a(lib_a-init.o)
                0x0000000008009cec                __libc_init_array
 .text.memcpy   0x0000000008009d34       0x16 /opt/stm32cubeide/plugins/com.st.stm32cube.ide.mcu.externaltools.gnu-tools-for-stm32.7-2018-q2-update.linux64_1.0.0.201904181610/tools/bin/../lib/gcc/arm-none-eabi/7.3.1/../../../../arm-none-eabi/lib/thumb/v7e-m/fpv4-sp/hard/libc_nano.a(lib_a-memcpy-stub.o)
                0x0000000008009d34                memcpy
 .text.memset   0x0000000008009d4a       0x10 /opt/stm32cubeide/plugins/com.st.stm32cube.ide.mcu.externaltools.gnu-tools-for-stm32.7-2018-q2-update.linux64_1.0.0.201904181610/tools/bin/../lib/gcc/arm-none-eabi/7.3.1/../../../../arm-none-eabi/lib/thumb/v7e-m/fpv4-sp/hard/libc_nano.a(lib_a-memset.o)
                0x0000000008009d4a                memset
 *fill*         0x0000000008009d5a        0x2 
 .text.sprintf  0x0000000008009d5c       0x40 /opt/stm32cubeide/plugins/com.st.stm32cube.ide.mcu.externaltools.gnu-tools-for-stm32.7-2018-q2-update.linux64_1.0.0.201904181610/tools/bin/../lib/gcc/arm-none-eabi/7.3.1/../../../../arm-none-eabi/lib/thumb/v7e-m/fpv4-sp/hard/libc_nano.a(lib_a-sprintf.o)
                0x0000000008009d5c                sprintf
                0x0000000008009d5c                siprintf
 .text.__ssputs_r
                0x0000000008009d9c       0xb4 /opt/stm32cubeide/plugins/com.st.stm32cube.ide.mcu.externaltools.gnu-tools-for-stm32.7-2018-q2-update.linux64_1.0.0.201904181610/tools/bin/../lib/gcc/arm-none-eabi/7.3.1/../../../../arm-none-eabi/lib/thumb/v7e-m/fpv4-sp/hard/libc_nano.a(lib_a-nano-svfprintf.o)
                0x0000000008009d9c                __ssputs_r
 .text._svfprintf_r
                0x0000000008009e50      0x1f0 /opt/stm32cubeide/plugins/com.st.stm32cube.ide.mcu.externaltools.gnu-tools-for-stm32.7-2018-q2-update.linux64_1.0.0.201904181610/tools/bin/../lib/gcc/arm-none-eabi/7.3.1/../../../../arm-none-eabi/lib/thumb/v7e-m/fpv4-sp/hard/libc_nano.a(lib_a-nano-svfprintf.o)
                0x0000000008009e50                _svfprintf_r
                0x0000000008009e50                _svfiprintf_r
 .text._printf_common
                0x000000000800a040       0xea /opt/stm32cubeide/plugins/com.st.stm32cube.ide.mcu.externaltools.gnu-tools-for-stm32.7-2018-q2-update.linux64_1.0.0.201904181610/tools/bin/../lib/gcc/arm-none-eabi/7.3.1/../../../../arm-none-eabi/lib/thumb/v7e-m/fpv4-sp/hard/libc_nano.a(lib_a-nano-vfprintf_i.o)
                0x000000000800a040                _printf_common
 *fill*         0x000000000800a12a        0x2 
 .text._printf_i
                0x000000000800a12c      0x224 /opt/stm32cubeide/plugins/com.st.stm32cube.ide.mcu.externaltools.gnu-tools-for-stm32.7-2018-q2-update.linux64_1.0.0.201904181610/tools/bin/../lib/gcc/arm-none-eabi/7.3.1/../../../../arm-none-eabi/lib/thumb/v7e-m/fpv4-sp/hard/libc_nano.a(lib_a-nano-vfprintf_i.o)
                0x000000000800a12c                _printf_i
 .text.memmove  0x000000000800a350       0x32 /opt/stm32cubeide/plugins/com.st.stm32cube.ide.mcu.externaltools.gnu-tools-for-stm32.7-2018-q2-update.linux64_1.0.0.201904181610/tools/bin/../lib/gcc/arm-none-eabi/7.3.1/../../../../arm-none-eabi/lib/thumb/v7e-m/fpv4-sp/hard/libc_nano.a(lib_a-memmove.o)
                0x000000000800a350                memmove
 *fill*         0x000000000800a382        0x2 
 .text._free_r  0x000000000800a384       0x9c /opt/stm32cubeide/plugins/com.st.stm32cube.ide.mcu.externaltools.gnu-tools-for-stm32.7-2018-q2-update.linux64_1.0.0.201904181610/tools/bin/../lib/gcc/arm-none-eabi/7.3.1/../../../../arm-none-eabi/lib/thumb/v7e-m/fpv4-sp/hard/libc_nano.a(lib_a-nano-freer.o)
                0x000000000800a384                _free_r
 .text._malloc_r
                0x000000000800a420       0xb4 /opt/stm32cubeide/plugins/com.st.stm32cube.ide.mcu.externaltools.gnu-tools-for-stm32.7-2018-q2-update.linux64_1.0.0.201904181610/tools/bin/../lib/gcc/arm-none-eabi/7.3.1/../../../../arm-none-eabi/lib/thumb/v7e-m/fpv4-sp/hard/libc_nano.a(lib_a-nano-mallocr.o)
                0x000000000800a420                _malloc_r
 .text._realloc_r
                0x000000000800a4d4       0x4c /opt/stm32cubeide/plugins/com.st.stm32cube.ide.mcu.externaltools.gnu-tools-for-stm32.7-2018-q2-update.linux64_1.0.0.201904181610/tools/bin/../lib/gcc/arm-none-eabi/7.3.1/../../../../arm-none-eabi/lib/thumb/v7e-m/fpv4-sp/hard/libc_nano.a(lib_a-nano-reallocr.o)
                0x000000000800a4d4                _realloc_r
 .text._sbrk_r  0x000000000800a520       0x20 /opt/stm32cubeide/plugins/com.st.stm32cube.ide.mcu.externaltools.gnu-tools-for-stm32.7-2018-q2-update.linux64_1.0.0.201904181610/tools/bin/../lib/gcc/arm-none-eabi/7.3.1/../../../../arm-none-eabi/lib/thumb/v7e-m/fpv4-sp/hard/libc_nano.a(lib_a-sbrkr.o)
                0x000000000800a520                _sbrk_r
 .text.__malloc_lock
                0x000000000800a540        0x2 /opt/stm32cubeide/plugins/com.st.stm32cube.ide.mcu.externaltools.gnu-tools-for-stm32.7-2018-q2-update.linux64_1.0.0.201904181610/tools/bin/../lib/gcc/arm-none-eabi/7.3.1/../../../../arm-none-eabi/lib/thumb/v7e-m/fpv4-sp/hard/libc_nano.a(lib_a-mlock.o)
                0x000000000800a540                __malloc_lock
 .text.__malloc_unlock
                0x000000000800a542        0x2 /opt/stm32cubeide/plugins/com.st.stm32cube.ide.mcu.externaltools.gnu-tools-for-stm32.7-2018-q2-update.linux64_1.0.0.201904181610/tools/bin/../lib/gcc/arm-none-eabi/7.3.1/../../../../arm-none-eabi/lib/thumb/v7e-m/fpv4-sp/hard/libc_nano.a(lib_a-mlock.o)
                0x000000000800a542                __malloc_unlock
 .text._malloc_usable_size_r
                0x000000000800a544       0x10 /opt/stm32cubeide/plugins/com.st.stm32cube.ide.mcu.externaltools.gnu-tools-for-stm32.7-2018-q2-update.linux64_1.0.0.201904181610/tools/bin/../lib/gcc/arm-none-eabi/7.3.1/../../../../arm-none-eabi/lib/thumb/v7e-m/fpv4-sp/hard/libc_nano.a(lib_a-nano-msizer.o)
                0x000000000800a544                _malloc_usable_size_r
 *(.glue_7)
 .glue_7        0x000000000800a554        0x0 linker stubs
 *(.glue_7t)
 .glue_7t       0x000000000800a554        0x0 linker stubs
 *(.eh_frame)
 .eh_frame      0x000000000800a554        0x0 /opt/stm32cubeide/plugins/com.st.stm32cube.ide.mcu.externaltools.gnu-tools-for-stm32.7-2018-q2-update.linux64_1.0.0.201904181610/tools/bin/../lib/gcc/arm-none-eabi/7.3.1/thumb/v7e-m/fpv4-sp/hard/crtbegin.o
 *(.init)
 .init          0x000000000800a554        0x4 /opt/stm32cubeide/plugins/com.st.stm32cube.ide.mcu.externaltools.gnu-tools-for-stm32.7-2018-q2-update.linux64_1.0.0.201904181610/tools/bin/../lib/gcc/arm-none-eabi/7.3.1/thumb/v7e-m/fpv4-sp/hard/crti.o
                0x000000000800a554                _init
 .init          0x000000000800a558        0x8 /opt/stm32cubeide/plugins/com.st.stm32cube.ide.mcu.externaltools.gnu-tools-for-stm32.7-2018-q2-update.linux64_1.0.0.201904181610/tools/bin/../lib/gcc/arm-none-eabi/7.3.1/thumb/v7e-m/fpv4-sp/hard/crtn.o
 *(.fini)
 .fini          0x000000000800a560        0x4 /opt/stm32cubeide/plugins/com.st.stm32cube.ide.mcu.externaltools.gnu-tools-for-stm32.7-2018-q2-update.linux64_1.0.0.201904181610/tools/bin/../lib/gcc/arm-none-eabi/7.3.1/thumb/v7e-m/fpv4-sp/hard/crti.o
                0x000000000800a560                _fini
 .fini          0x000000000800a564        0x8 /opt/stm32cubeide/plugins/com.st.stm32cube.ide.mcu.externaltools.gnu-tools-for-stm32.7-2018-q2-update.linux64_1.0.0.201904181610/tools/bin/../lib/gcc/arm-none-eabi/7.3.1/thumb/v7e-m/fpv4-sp/hard/crtn.o
                0x000000000800a56c                . = ALIGN (0x4)
                0x000000000800a56c                _etext = .

.vfp11_veneer   0x000000000800a56c        0x0
 .vfp11_veneer  0x000000000800a56c        0x0 linker stubs

.v4_bx          0x000000000800a56c        0x0
 .v4_bx         0x000000000800a56c        0x0 linker stubs

.iplt           0x000000000800a56c        0x0
 .iplt          0x000000000800a56c        0x0 /opt/stm32cubeide/plugins/com.st.stm32cube.ide.mcu.externaltools.gnu-tools-for-stm32.7-2018-q2-update.linux64_1.0.0.201904181610/tools/bin/../lib/gcc/arm-none-eabi/7.3.1/thumb/v7e-m/fpv4-sp/hard/crtbegin.o

.rodata         0x000000000800a56c      0x1b4
                0x000000000800a56c                . = ALIGN (0x4)
 *(.rodata)
 .rodata        0x000000000800a56c       0x44 Middlewares/Third_Party/FatFs/src/ff.o
 .rodata        0x000000000800a5b0        0x5 Middlewares/Third_Party/FreeRTOS/tasks.o
 *fill*         0x000000000800a5b5        0x3 
 .rodata        0x000000000800a5b8        0xd Middlewares/Third_Party/FreeRTOS/timers.o
 *fill*         0x000000000800a5c5        0x3 
 .rodata        0x000000000800a5c8       0x6d Src/main.o
 *(.rodata*)
 *fill*         0x000000000800a635        0x3 
 .rodata.flagBitshiftOffset.8586
                0x000000000800a638        0x8 Drivers/STM32F4xx_HAL_Driver/Src/stm32f4xx_hal_dma.o
 .rodata.ExCvt  0x000000000800a640       0x80 Middlewares/Third_Party/FatFs/src/ff.o
 .rodata.SD_Driver
                0x000000000800a6c0       0x14 Src/sd_diskio.o
                0x000000000800a6c0                SD_Driver
 .rodata.AHBPrescTable
                0x000000000800a6d4       0x10 Src/system_stm32f4xx.o
                0x000000000800a6d4                AHBPrescTable
 .rodata.APBPrescTable
                0x000000000800a6e4        0x8 Src/system_stm32f4xx.o
                0x000000000800a6e4                APBPrescTable
 .rodata._svfprintf_r.str1.1
                0x000000000800a6ec       0x11 /opt/stm32cubeide/plugins/com.st.stm32cube.ide.mcu.externaltools.gnu-tools-for-stm32.7-2018-q2-update.linux64_1.0.0.201904181610/tools/bin/../lib/gcc/arm-none-eabi/7.3.1/../../../../arm-none-eabi/lib/thumb/v7e-m/fpv4-sp/hard/libc_nano.a(lib_a-nano-svfprintf.o)
 .rodata._printf_i.str1.1
                0x000000000800a6fd       0x22 /opt/stm32cubeide/plugins/com.st.stm32cube.ide.mcu.externaltools.gnu-tools-for-stm32.7-2018-q2-update.linux64_1.0.0.201904181610/tools/bin/../lib/gcc/arm-none-eabi/7.3.1/../../../../arm-none-eabi/lib/thumb/v7e-m/fpv4-sp/hard/libc_nano.a(lib_a-nano-vfprintf_i.o)
                0x000000000800a720                . = ALIGN (0x4)
 *fill*         0x000000000800a71f        0x1 

.ARM.extab      0x000000000800a720        0x0
                0x000000000800a720                . = ALIGN (0x4)
 *(.ARM.extab* .gnu.linkonce.armextab.*)
                0x000000000800a720                . = ALIGN (0x4)

.ARM            0x000000000800a720        0x8
                0x000000000800a720                . = ALIGN (0x4)
                0x000000000800a720                __exidx_start = .
 *(.ARM.exidx*)
 .ARM.exidx     0x000000000800a720        0x8 /opt/stm32cubeide/plugins/com.st.stm32cube.ide.mcu.externaltools.gnu-tools-for-stm32.7-2018-q2-update.linux64_1.0.0.201904181610/tools/bin/../lib/gcc/arm-none-eabi/7.3.1/thumb/v7e-m/fpv4-sp/hard/libgcc.a(_udivmoddi4.o)
                0x000000000800a728                __exidx_end = .
                0x000000000800a728                . = ALIGN (0x4)

.rel.dyn        0x000000000800a728        0x0
 .rel.iplt      0x000000000800a728        0x0 /opt/stm32cubeide/plugins/com.st.stm32cube.ide.mcu.externaltools.gnu-tools-for-stm32.7-2018-q2-update.linux64_1.0.0.201904181610/tools/bin/../lib/gcc/arm-none-eabi/7.3.1/thumb/v7e-m/fpv4-sp/hard/crtbegin.o

.preinit_array  0x000000000800a728        0x0
                0x000000000800a728                . = ALIGN (0x4)
                0x000000000800a728                PROVIDE (__preinit_array_start = .)
 *(.preinit_array*)
                0x000000000800a728                PROVIDE (__preinit_array_end = .)
                0x000000000800a728                . = ALIGN (0x4)

.init_array     0x000000000800a728        0x4
                0x000000000800a728                . = ALIGN (0x4)
                0x000000000800a728                PROVIDE (__init_array_start = .)
 *(SORT_BY_NAME(.init_array.*))
 *(.init_array*)
 .init_array    0x000000000800a728        0x4 /opt/stm32cubeide/plugins/com.st.stm32cube.ide.mcu.externaltools.gnu-tools-for-stm32.7-2018-q2-update.linux64_1.0.0.201904181610/tools/bin/../lib/gcc/arm-none-eabi/7.3.1/thumb/v7e-m/fpv4-sp/hard/crtbegin.o
                0x000000000800a72c                PROVIDE (__init_array_end = .)
                0x000000000800a72c                . = ALIGN (0x4)

.fini_array     0x000000000800a72c        0x4
                0x000000000800a72c                . = ALIGN (0x4)
                [!provide]                        PROVIDE (__fini_array_start = .)
 *(SORT_BY_NAME(.fini_array.*))
 *(.fini_array*)
 .fini_array    0x000000000800a72c        0x4 /opt/stm32cubeide/plugins/com.st.stm32cube.ide.mcu.externaltools.gnu-tools-for-stm32.7-2018-q2-update.linux64_1.0.0.201904181610/tools/bin/../lib/gcc/arm-none-eabi/7.3.1/thumb/v7e-m/fpv4-sp/hard/crtbegin.o
                [!provide]                        PROVIDE (__fini_array_end = .)
                0x000000000800a730                . = ALIGN (0x4)
                0x000000000800a730                _sidata = LOADADDR (.data)

.data           0x0000000020000000       0x78 load address 0x000000000800a730
                0x0000000020000000                . = ALIGN (0x4)
                0x0000000020000000                _sdata = .
 *(.data)
 *(.data*)
 .data.uwTickFreq
                0x0000000020000000        0x1 Drivers/STM32F4xx_HAL_Driver/Src/stm32f4xx_hal.o
                0x0000000020000000                uwTickFreq
 *fill*         0x0000000020000001        0x3 
 .data.uxCriticalNesting
                0x0000000020000004        0x4 Middlewares/Third_Party/FreeRTOS/portable/GCC/ARM_CM4F/port.o
 .data.xFreeBytesRemaining
                0x0000000020000008        0x4 Middlewares/Third_Party/FreeRTOS/portable/MemMang/heap_2.o
 .data.Stat     0x000000002000000c        0x1 Src/sd_diskio.o
 *fill*         0x000000002000000d        0x3 
 .data.SystemCoreClock
                0x0000000020000010        0x4 Src/system_stm32f4xx.o
                0x0000000020000010                SystemCoreClock
 .data._impure_ptr
                0x0000000020000014        0x4 /opt/stm32cubeide/plugins/com.st.stm32cube.ide.mcu.externaltools.gnu-tools-for-stm32.7-2018-q2-update.linux64_1.0.0.201904181610/tools/bin/../lib/gcc/arm-none-eabi/7.3.1/../../../../arm-none-eabi/lib/thumb/v7e-m/fpv4-sp/hard/libc_nano.a(lib_a-impure.o)
                0x0000000020000014                _impure_ptr
 .data.impure_data
                0x0000000020000018       0x60 /opt/stm32cubeide/plugins/com.st.stm32cube.ide.mcu.externaltools.gnu-tools-for-stm32.7-2018-q2-update.linux64_1.0.0.201904181610/tools/bin/../lib/gcc/arm-none-eabi/7.3.1/../../../../arm-none-eabi/lib/thumb/v7e-m/fpv4-sp/hard/libc_nano.a(lib_a-impure.o)
                0x0000000020000078                . = ALIGN (0x4)
                0x0000000020000078                _edata = .

.igot.plt       0x0000000020000078        0x0 load address 0x000000000800a7a8
 .igot.plt      0x0000000020000078        0x0 /opt/stm32cubeide/plugins/com.st.stm32cube.ide.mcu.externaltools.gnu-tools-for-stm32.7-2018-q2-update.linux64_1.0.0.201904181610/tools/bin/../lib/gcc/arm-none-eabi/7.3.1/thumb/v7e-m/fpv4-sp/hard/crtbegin.o
                0x0000000020000078                . = ALIGN (0x4)

.bss            0x0000000020000078    0x13474 load address 0x000000000800a7a8
                0x0000000020000078                _sbss = .
                0x0000000020000078                __bss_start__ = _sbss
 *(.bss)
 .bss           0x0000000020000078       0x1c /opt/stm32cubeide/plugins/com.st.stm32cube.ide.mcu.externaltools.gnu-tools-for-stm32.7-2018-q2-update.linux64_1.0.0.201904181610/tools/bin/../lib/gcc/arm-none-eabi/7.3.1/thumb/v7e-m/fpv4-sp/hard/crtbegin.o
 *(.bss*)
 .bss.FatFs     0x0000000020000094        0x4 Middlewares/Third_Party/FatFs/src/ff.o
 .bss.Fsid      0x0000000020000098        0x2 Middlewares/Third_Party/FatFs/src/ff.o
 *fill*         0x000000002000009a        0x2 
 .bss.Files     0x000000002000009c       0x20 Middlewares/Third_Party/FatFs/src/ff.o
 .bss.disk      0x00000000200000bc        0xc Middlewares/Third_Party/FatFs/src/ff_gen_drv.o
                0x00000000200000bc                disk
 .bss.pxCurrentTCB
                0x00000000200000c8        0x4 Middlewares/Third_Party/FreeRTOS/tasks.o
                0x00000000200000c8                pxCurrentTCB
 .bss.pxReadyTasksLists
                0x00000000200000cc       0x64 Middlewares/Third_Party/FreeRTOS/tasks.o
 .bss.xDelayedTaskList1
                0x0000000020000130       0x14 Middlewares/Third_Party/FreeRTOS/tasks.o
 .bss.xDelayedTaskList2
                0x0000000020000144       0x14 Middlewares/Third_Party/FreeRTOS/tasks.o
 .bss.pxDelayedTaskList
                0x0000000020000158        0x4 Middlewares/Third_Party/FreeRTOS/tasks.o
 .bss.pxOverflowDelayedTaskList
                0x000000002000015c        0x4 Middlewares/Third_Party/FreeRTOS/tasks.o
 .bss.xPendingReadyList
                0x0000000020000160       0x14 Middlewares/Third_Party/FreeRTOS/tasks.o
 .bss.xTasksWaitingTermination
                0x0000000020000174       0x14 Middlewares/Third_Party/FreeRTOS/tasks.o
 .bss.uxDeletedTasksWaitingCleanUp
                0x0000000020000188        0x4 Middlewares/Third_Party/FreeRTOS/tasks.o
 .bss.xSuspendedTaskList
                0x000000002000018c       0x14 Middlewares/Third_Party/FreeRTOS/tasks.o
 .bss.uxCurrentNumberOfTasks
                0x00000000200001a0        0x4 Middlewares/Third_Party/FreeRTOS/tasks.o
 .bss.xTickCount
                0x00000000200001a4        0x4 Middlewares/Third_Party/FreeRTOS/tasks.o
 .bss.uxTopReadyPriority
                0x00000000200001a8        0x4 Middlewares/Third_Party/FreeRTOS/tasks.o
 .bss.xSchedulerRunning
                0x00000000200001ac        0x4 Middlewares/Third_Party/FreeRTOS/tasks.o
 .bss.uxPendedTicks
                0x00000000200001b0        0x4 Middlewares/Third_Party/FreeRTOS/tasks.o
 .bss.xYieldPending
                0x00000000200001b4        0x4 Middlewares/Third_Party/FreeRTOS/tasks.o
 .bss.xNumOfOverflows
                0x00000000200001b8        0x4 Middlewares/Third_Party/FreeRTOS/tasks.o
 .bss.uxTaskNumber
                0x00000000200001bc        0x4 Middlewares/Third_Party/FreeRTOS/tasks.o
 .bss.xNextTaskUnblockTime
                0x00000000200001c0        0x4 Middlewares/Third_Party/FreeRTOS/tasks.o
 .bss.xIdleTaskHandle
                0x00000000200001c4        0x4 Middlewares/Third_Party/FreeRTOS/tasks.o
 .bss.uxSchedulerSuspended
                0x00000000200001c8        0x4 Middlewares/Third_Party/FreeRTOS/tasks.o
 .bss.xActiveTimerList1
                0x00000000200001cc       0x14 Middlewares/Third_Party/FreeRTOS/timers.o
 .bss.xActiveTimerList2
                0x00000000200001e0       0x14 Middlewares/Third_Party/FreeRTOS/timers.o
 .bss.pxCurrentTimerList
                0x00000000200001f4        0x4 Middlewares/Third_Party/FreeRTOS/timers.o
 .bss.pxOverflowTimerList
                0x00000000200001f8        0x4 Middlewares/Third_Party/FreeRTOS/timers.o
 .bss.xTimerQueue
                0x00000000200001fc        0x4 Middlewares/Third_Party/FreeRTOS/timers.o
 .bss.xTimerTaskHandle
                0x0000000020000200        0x4 Middlewares/Third_Party/FreeRTOS/timers.o
 .bss.xLastTime.6701
                0x0000000020000204        0x4 Middlewares/Third_Party/FreeRTOS/timers.o
 .bss.ucMaxSysCallPriority
                0x0000000020000208        0x1 Middlewares/Third_Party/FreeRTOS/portable/GCC/ARM_CM4F/port.o
 *fill*         0x0000000020000209        0x3 
 .bss.ulMaxPRIGROUPValue
                0x000000002000020c        0x4 Middlewares/Third_Party/FreeRTOS/portable/GCC/ARM_CM4F/port.o
 .bss.ucHeap    0x0000000020000210    0x12c00 Middlewares/Third_Party/FreeRTOS/portable/MemMang/heap_2.o
 .bss.xStart    0x0000000020012e10        0x8 Middlewares/Third_Party/FreeRTOS/portable/MemMang/heap_2.o
 .bss.xEnd      0x0000000020012e18        0x8 Middlewares/Third_Party/FreeRTOS/portable/MemMang/heap_2.o
 .bss.xHeapHasBeenInitialised.6397
                0x0000000020012e20        0x4 Middlewares/Third_Party/FreeRTOS/portable/MemMang/heap_2.o
 .bss.flagDateSet
                0x0000000020012e24        0x1 Src/main.o
                0x0000000020012e24                flagDateSet
 *fill*         0x0000000020012e25        0x3 
 .bss.heap_end.6424
                0x0000000020012e28        0x4 Src/sysmem.o
 .bss.__malloc_free_list
                0x0000000020012e2c        0x4 /opt/stm32cubeide/plugins/com.st.stm32cube.ide.mcu.externaltools.gnu-tools-for-stm32.7-2018-q2-update.linux64_1.0.0.201904181610/tools/bin/../lib/gcc/arm-none-eabi/7.3.1/../../../../arm-none-eabi/lib/thumb/v7e-m/fpv4-sp/hard/libc_nano.a(lib_a-nano-mallocr.o)
                0x0000000020012e2c                __malloc_free_list
 .bss.__malloc_sbrk_start
                0x0000000020012e30        0x4 /opt/stm32cubeide/plugins/com.st.stm32cube.ide.mcu.externaltools.gnu-tools-for-stm32.7-2018-q2-update.linux64_1.0.0.201904181610/tools/bin/../lib/gcc/arm-none-eabi/7.3.1/../../../../arm-none-eabi/lib/thumb/v7e-m/fpv4-sp/hard/libc_nano.a(lib_a-nano-mallocr.o)
                0x0000000020012e30                __malloc_sbrk_start
 *(COMMON)
 COMMON         0x0000000020012e34        0x4 Drivers/STM32F4xx_HAL_Driver/Src/stm32f4xx_hal.o
                0x0000000020012e34                uwTick
 COMMON         0x0000000020012e38       0x40 Middlewares/Third_Party/FreeRTOS/queue.o
                0x0000000020012e38                xQueueRegistry
 COMMON         0x0000000020012e78      0x468 Src/fatfs.o
                0x0000000020012e78                retSD
                0x0000000020012e7c                SDPath
                0x0000000020012e80                SDFile
                0x00000000200130b0                SDFatFS
 COMMON         0x00000000200132e0      0x1c8 Src/main.o
                0x00000000200132e0                sFilterConfig
                0x0000000020013308                hdma_sdio_rx
                0x0000000020013368                taskLedHandle
                0x000000002001336c                taskLogHandle
                0x0000000020013370                taskHandleCANHandle
                0x0000000020013374                xQueueCAN
                0x0000000020013378                hdma_sdio_tx
                0x00000000200133d8                hsd
                0x000000002001345c                RxData
                0x0000000020013464                hcan1
                0x000000002001348c                RxHeader
 COMMON         0x00000000200134a8       0x40 Src/stm32f4xx_hal_timebase_tim.o
                0x00000000200134a8                htim1
 COMMON         0x00000000200134e8        0x4 /opt/stm32cubeide/plugins/com.st.stm32cube.ide.mcu.externaltools.gnu-tools-for-stm32.7-2018-q2-update.linux64_1.0.0.201904181610/tools/bin/../lib/gcc/arm-none-eabi/7.3.1/../../../../arm-none-eabi/lib/thumb/v7e-m/fpv4-sp/hard/libc_nano.a(lib_a-reent.o)
                0x00000000200134e8                errno
                0x00000000200134ec                . = ALIGN (0x4)
                0x00000000200134ec                _ebss = .
                0x00000000200134ec                __bss_end__ = _ebss

._user_heap_stack
                0x00000000200134ec      0xc04 load address 0x000000000800a7a8
                0x00000000200134f0                . = ALIGN (0x8)
 *fill*         0x00000000200134ec        0x4 
                0x00000000200134f0                PROVIDE (end = .)
                [!provide]                        PROVIDE (_end = .)
                0x00000000200138f0                . = (. + _Min_Heap_Size)
 *fill*         0x00000000200134f0      0x400 
                0x00000000200140f0                . = (. + _Min_Stack_Size)
 *fill*         0x00000000200138f0      0x800 
                0x00000000200140f0                . = ALIGN (0x8)

/DISCARD/
 libc.a(*)
 libm.a(*)
 libgcc.a(*)

.ARM.attributes
                0x0000000000000000       0x30
 *(.ARM.attributes)
 .ARM.attributes
                0x0000000000000000       0x22 /opt/stm32cubeide/plugins/com.st.stm32cube.ide.mcu.externaltools.gnu-tools-for-stm32.7-2018-q2-update.linux64_1.0.0.201904181610/tools/bin/../lib/gcc/arm-none-eabi/7.3.1/thumb/v7e-m/fpv4-sp/hard/crti.o
 .ARM.attributes
                0x0000000000000022       0x34 /opt/stm32cubeide/plugins/com.st.stm32cube.ide.mcu.externaltools.gnu-tools-for-stm32.7-2018-q2-update.linux64_1.0.0.201904181610/tools/bin/../lib/gcc/arm-none-eabi/7.3.1/thumb/v7e-m/fpv4-sp/hard/crtbegin.o
 .ARM.attributes
                0x0000000000000056       0x39 Drivers/STM32F4xx_HAL_Driver/Src/stm32f4xx_hal.o
 .ARM.attributes
                0x000000000000008f       0x39 Drivers/STM32F4xx_HAL_Driver/Src/stm32f4xx_hal_can.o
 .ARM.attributes
                0x00000000000000c8       0x39 Drivers/STM32F4xx_HAL_Driver/Src/stm32f4xx_hal_cortex.o
 .ARM.attributes
                0x0000000000000101       0x39 Drivers/STM32F4xx_HAL_Driver/Src/stm32f4xx_hal_dma.o
 .ARM.attributes
                0x000000000000013a       0x39 Drivers/STM32F4xx_HAL_Driver/Src/stm32f4xx_hal_gpio.o
 .ARM.attributes
                0x0000000000000173       0x39 Drivers/STM32F4xx_HAL_Driver/Src/stm32f4xx_hal_rcc.o
 .ARM.attributes
                0x00000000000001ac       0x39 Drivers/STM32F4xx_HAL_Driver/Src/stm32f4xx_hal_sd.o
 .ARM.attributes
                0x00000000000001e5       0x39 Drivers/STM32F4xx_HAL_Driver/Src/stm32f4xx_hal_tim.o
 .ARM.attributes
                0x000000000000021e       0x39 Drivers/STM32F4xx_HAL_Driver/Src/stm32f4xx_hal_tim_ex.o
 .ARM.attributes
                0x0000000000000257       0x39 Drivers/STM32F4xx_HAL_Driver/Src/stm32f4xx_ll_sdmmc.o
 .ARM.attributes
                0x0000000000000290       0x39 Middlewares/Third_Party/FatFs/src/diskio.o
 .ARM.attributes
                0x00000000000002c9       0x39 Middlewares/Third_Party/FatFs/src/ff.o
 .ARM.attributes
                0x0000000000000302       0x39 Middlewares/Third_Party/FatFs/src/ff_gen_drv.o
 .ARM.attributes
                0x000000000000033b       0x39 Middlewares/Third_Party/FreeRTOS/list.o
 .ARM.attributes
                0x0000000000000374       0x39 Middlewares/Third_Party/FreeRTOS/queue.o
 .ARM.attributes
                0x00000000000003ad       0x39 Middlewares/Third_Party/FreeRTOS/tasks.o
 .ARM.attributes
                0x00000000000003e6       0x39 Middlewares/Third_Party/FreeRTOS/timers.o
 .ARM.attributes
                0x000000000000041f       0x39 Middlewares/Third_Party/FreeRTOS/portable/GCC/ARM_CM4F/port.o
 .ARM.attributes
                0x0000000000000458       0x39 Middlewares/Third_Party/FreeRTOS/portable/MemMang/heap_2.o
 .ARM.attributes
                0x0000000000000491       0x39 Src/bsp_driver_sd.o
 .ARM.attributes
                0x00000000000004ca       0x39 Src/fatfs.o
 .ARM.attributes
                0x0000000000000503       0x39 Src/fatfs_platform.o
 .ARM.attributes
                0x000000000000053c       0x39 Src/main.o
 .ARM.attributes
                0x0000000000000575       0x39 Src/sd_diskio.o
 .ARM.attributes
                0x00000000000005ae       0x39 Src/stm32f4xx_hal_msp.o
 .ARM.attributes
                0x00000000000005e7       0x39 Src/stm32f4xx_hal_timebase_tim.o
 .ARM.attributes
                0x0000000000000620       0x39 Src/stm32f4xx_it.o
 .ARM.attributes
                0x0000000000000659       0x39 Src/sysmem.o
 .ARM.attributes
                0x0000000000000692       0x39 Src/system_stm32f4xx.o
 .ARM.attributes
                0x00000000000006cb       0x21 Startup/startup_stm32f429zitx.o
 .ARM.attributes
                0x00000000000006ec       0x34 /opt/stm32cubeide/plugins/com.st.stm32cube.ide.mcu.externaltools.gnu-tools-for-stm32.7-2018-q2-update.linux64_1.0.0.201904181610/tools/bin/../lib/gcc/arm-none-eabi/7.3.1/../../../../arm-none-eabi/lib/thumb/v7e-m/fpv4-sp/hard/libc_nano.a(lib_a-errno.o)
 .ARM.attributes
                0x0000000000000720       0x34 /opt/stm32cubeide/plugins/com.st.stm32cube.ide.mcu.externaltools.gnu-tools-for-stm32.7-2018-q2-update.linux64_1.0.0.201904181610/tools/bin/../lib/gcc/arm-none-eabi/7.3.1/../../../../arm-none-eabi/lib/thumb/v7e-m/fpv4-sp/hard/libc_nano.a(lib_a-impure.o)
 .ARM.attributes
                0x0000000000000754       0x34 /opt/stm32cubeide/plugins/com.st.stm32cube.ide.mcu.externaltools.gnu-tools-for-stm32.7-2018-q2-update.linux64_1.0.0.201904181610/tools/bin/../lib/gcc/arm-none-eabi/7.3.1/../../../../arm-none-eabi/lib/thumb/v7e-m/fpv4-sp/hard/libc_nano.a(lib_a-init.o)
 .ARM.attributes
                0x0000000000000788       0x34 /opt/stm32cubeide/plugins/com.st.stm32cube.ide.mcu.externaltools.gnu-tools-for-stm32.7-2018-q2-update.linux64_1.0.0.201904181610/tools/bin/../lib/gcc/arm-none-eabi/7.3.1/../../../../arm-none-eabi/lib/thumb/v7e-m/fpv4-sp/hard/libc_nano.a(lib_a-memcpy-stub.o)
 .ARM.attributes
                0x00000000000007bc       0x34 /opt/stm32cubeide/plugins/com.st.stm32cube.ide.mcu.externaltools.gnu-tools-for-stm32.7-2018-q2-update.linux64_1.0.0.201904181610/tools/bin/../lib/gcc/arm-none-eabi/7.3.1/../../../../arm-none-eabi/lib/thumb/v7e-m/fpv4-sp/hard/libc_nano.a(lib_a-memset.o)
 .ARM.attributes
                0x00000000000007f0       0x34 /opt/stm32cubeide/plugins/com.st.stm32cube.ide.mcu.externaltools.gnu-tools-for-stm32.7-2018-q2-update.linux64_1.0.0.201904181610/tools/bin/../lib/gcc/arm-none-eabi/7.3.1/../../../../arm-none-eabi/lib/thumb/v7e-m/fpv4-sp/hard/libc_nano.a(lib_a-sprintf.o)
 .ARM.attributes
                0x0000000000000824       0x34 /opt/stm32cubeide/plugins/com.st.stm32cube.ide.mcu.externaltools.gnu-tools-for-stm32.7-2018-q2-update.linux64_1.0.0.201904181610/tools/bin/../lib/gcc/arm-none-eabi/7.3.1/../../../../arm-none-eabi/lib/thumb/v7e-m/fpv4-sp/hard/libc_nano.a(lib_a-nano-svfprintf.o)
 .ARM.attributes
                0x0000000000000858       0x34 /opt/stm32cubeide/plugins/com.st.stm32cube.ide.mcu.externaltools.gnu-tools-for-stm32.7-2018-q2-update.linux64_1.0.0.201904181610/tools/bin/../lib/gcc/arm-none-eabi/7.3.1/../../../../arm-none-eabi/lib/thumb/v7e-m/fpv4-sp/hard/libc_nano.a(lib_a-nano-vfprintf_i.o)
 .ARM.attributes
                0x000000000000088c       0x20 /opt/stm32cubeide/plugins/com.st.stm32cube.ide.mcu.externaltools.gnu-tools-for-stm32.7-2018-q2-update.linux64_1.0.0.201904181610/tools/bin/../lib/gcc/arm-none-eabi/7.3.1/../../../../arm-none-eabi/lib/thumb/v7e-m/fpv4-sp/hard/libc_nano.a(lib_a-memchr.o)
 .ARM.attributes
                0x00000000000008ac       0x34 /opt/stm32cubeide/plugins/com.st.stm32cube.ide.mcu.externaltools.gnu-tools-for-stm32.7-2018-q2-update.linux64_1.0.0.201904181610/tools/bin/../lib/gcc/arm-none-eabi/7.3.1/../../../../arm-none-eabi/lib/thumb/v7e-m/fpv4-sp/hard/libc_nano.a(lib_a-memmove.o)
 .ARM.attributes
                0x00000000000008e0       0x34 /opt/stm32cubeide/plugins/com.st.stm32cube.ide.mcu.externaltools.gnu-tools-for-stm32.7-2018-q2-update.linux64_1.0.0.201904181610/tools/bin/../lib/gcc/arm-none-eabi/7.3.1/../../../../arm-none-eabi/lib/thumb/v7e-m/fpv4-sp/hard/libc_nano.a(lib_a-nano-freer.o)
 .ARM.attributes
                0x0000000000000914       0x34 /opt/stm32cubeide/plugins/com.st.stm32cube.ide.mcu.externaltools.gnu-tools-for-stm32.7-2018-q2-update.linux64_1.0.0.201904181610/tools/bin/../lib/gcc/arm-none-eabi/7.3.1/../../../../arm-none-eabi/lib/thumb/v7e-m/fpv4-sp/hard/libc_nano.a(lib_a-nano-mallocr.o)
 .ARM.attributes
                0x0000000000000948       0x34 /opt/stm32cubeide/plugins/com.st.stm32cube.ide.mcu.externaltools.gnu-tools-for-stm32.7-2018-q2-update.linux64_1.0.0.201904181610/tools/bin/../lib/gcc/arm-none-eabi/7.3.1/../../../../arm-none-eabi/lib/thumb/v7e-m/fpv4-sp/hard/libc_nano.a(lib_a-nano-reallocr.o)
 .ARM.attributes
                0x000000000000097c       0x34 /opt/stm32cubeide/plugins/com.st.stm32cube.ide.mcu.externaltools.gnu-tools-for-stm32.7-2018-q2-update.linux64_1.0.0.201904181610/tools/bin/../lib/gcc/arm-none-eabi/7.3.1/../../../../arm-none-eabi/lib/thumb/v7e-m/fpv4-sp/hard/libc_nano.a(lib_a-sbrkr.o)
 .ARM.attributes
                0x00000000000009b0       0x34 /opt/stm32cubeide/plugins/com.st.stm32cube.ide.mcu.externaltools.gnu-tools-for-stm32.7-2018-q2-update.linux64_1.0.0.201904181610/tools/bin/../lib/gcc/arm-none-eabi/7.3.1/../../../../arm-none-eabi/lib/thumb/v7e-m/fpv4-sp/hard/libc_nano.a(lib_a-mlock.o)
 .ARM.attributes
                0x00000000000009e4       0x34 /opt/stm32cubeide/plugins/com.st.stm32cube.ide.mcu.externaltools.gnu-tools-for-stm32.7-2018-q2-update.linux64_1.0.0.201904181610/tools/bin/../lib/gcc/arm-none-eabi/7.3.1/../../../../arm-none-eabi/lib/thumb/v7e-m/fpv4-sp/hard/libc_nano.a(lib_a-nano-msizer.o)
 .ARM.attributes
                0x0000000000000a18       0x34 /opt/stm32cubeide/plugins/com.st.stm32cube.ide.mcu.externaltools.gnu-tools-for-stm32.7-2018-q2-update.linux64_1.0.0.201904181610/tools/bin/../lib/gcc/arm-none-eabi/7.3.1/../../../../arm-none-eabi/lib/thumb/v7e-m/fpv4-sp/hard/libc_nano.a(lib_a-reent.o)
 .ARM.attributes
                0x0000000000000a4c       0x22 /opt/stm32cubeide/plugins/com.st.stm32cube.ide.mcu.externaltools.gnu-tools-for-stm32.7-2018-q2-update.linux64_1.0.0.201904181610/tools/bin/../lib/gcc/arm-none-eabi/7.3.1/thumb/v7e-m/fpv4-sp/hard/libgcc.a(_aeabi_uldivmod.o)
 .ARM.attributes
                0x0000000000000a6e       0x34 /opt/stm32cubeide/plugins/com.st.stm32cube.ide.mcu.externaltools.gnu-tools-for-stm32.7-2018-q2-update.linux64_1.0.0.201904181610/tools/bin/../lib/gcc/arm-none-eabi/7.3.1/thumb/v7e-m/fpv4-sp/hard/libgcc.a(_udivmoddi4.o)
 .ARM.attributes
                0x0000000000000aa2       0x22 /opt/stm32cubeide/plugins/com.st.stm32cube.ide.mcu.externaltools.gnu-tools-for-stm32.7-2018-q2-update.linux64_1.0.0.201904181610/tools/bin/../lib/gcc/arm-none-eabi/7.3.1/thumb/v7e-m/fpv4-sp/hard/libgcc.a(_dvmd_tls.o)
 .ARM.attributes
                0x0000000000000ac4       0x22 /opt/stm32cubeide/plugins/com.st.stm32cube.ide.mcu.externaltools.gnu-tools-for-stm32.7-2018-q2-update.linux64_1.0.0.201904181610/tools/bin/../lib/gcc/arm-none-eabi/7.3.1/thumb/v7e-m/fpv4-sp/hard/crtn.o
OUTPUT(dataLoggerCAN.elf elf32-littlearm)

.debug_info     0x0000000000000000    0x1d1e6
 .debug_info    0x0000000000000000      0x995 Drivers/STM32F4xx_HAL_Driver/Src/stm32f4xx_hal.o
 .debug_info    0x0000000000000995      0xf63 Drivers/STM32F4xx_HAL_Driver/Src/stm32f4xx_hal_can.o
 .debug_info    0x00000000000018f8      0xe0c Drivers/STM32F4xx_HAL_Driver/Src/stm32f4xx_hal_cortex.o
 .debug_info    0x0000000000002704      0x916 Drivers/STM32F4xx_HAL_Driver/Src/stm32f4xx_hal_dma.o
 .debug_info    0x000000000000301a      0x77d Drivers/STM32F4xx_HAL_Driver/Src/stm32f4xx_hal_gpio.o
 .debug_info    0x0000000000003797      0x8be Drivers/STM32F4xx_HAL_Driver/Src/stm32f4xx_hal_rcc.o
 .debug_info    0x0000000000004055     0x1790 Drivers/STM32F4xx_HAL_Driver/Src/stm32f4xx_hal_sd.o
 .debug_info    0x00000000000057e5     0x2456 Drivers/STM32F4xx_HAL_Driver/Src/stm32f4xx_hal_tim.o
 .debug_info    0x0000000000007c3b     0x1105 Drivers/STM32F4xx_HAL_Driver/Src/stm32f4xx_hal_tim_ex.o
 .debug_info    0x0000000000008d40     0x106b Drivers/STM32F4xx_HAL_Driver/Src/stm32f4xx_ll_sdmmc.o
 .debug_info    0x0000000000009dab      0xc85 Middlewares/Third_Party/FatFs/src/diskio.o
 .debug_info    0x000000000000aa30     0x2a00 Middlewares/Third_Party/FatFs/src/ff.o
 .debug_info    0x000000000000d430      0xc1d Middlewares/Third_Party/FatFs/src/ff_gen_drv.o
 .debug_info    0x000000000000e04d      0xacb Middlewares/Third_Party/FreeRTOS/list.o
 .debug_info    0x000000000000eb18     0x1f26 Middlewares/Third_Party/FreeRTOS/queue.o
 .debug_info    0x0000000000010a3e     0x2702 Middlewares/Third_Party/FreeRTOS/tasks.o
 .debug_info    0x0000000000013140     0x145e Middlewares/Third_Party/FreeRTOS/timers.o
 .debug_info    0x000000000001459e      0x533 Middlewares/Third_Party/FreeRTOS/portable/GCC/ARM_CM4F/port.o
 .debug_info    0x0000000000014ad1      0xaf6 Middlewares/Third_Party/FreeRTOS/portable/MemMang/heap_2.o
 .debug_info    0x00000000000155c7      0xa7e Src/bsp_driver_sd.o
 .debug_info    0x0000000000016045      0xd2f Src/fatfs.o
 .debug_info    0x0000000000016d74      0x213 Src/fatfs_platform.o
 .debug_info    0x0000000000016f87     0x2673 Src/main.o
 .debug_info    0x00000000000195fa      0xcbd Src/sd_diskio.o
 .debug_info    0x000000000001a2b7      0xed9 Src/stm32f4xx_hal_msp.o
 .debug_info    0x000000000001b190      0xb2b Src/stm32f4xx_hal_timebase_tim.o
 .debug_info    0x000000000001bcbb      0x6d1 Src/stm32f4xx_it.o
 .debug_info    0x000000000001c38c      0x91c Src/sysmem.o
 .debug_info    0x000000000001cca8      0x51c Src/system_stm32f4xx.o
 .debug_info    0x000000000001d1c4       0x22 Startup/startup_stm32f429zitx.o

.debug_abbrev   0x0000000000000000     0x3dc8
 .debug_abbrev  0x0000000000000000      0x1cb Drivers/STM32F4xx_HAL_Driver/Src/stm32f4xx_hal.o
 .debug_abbrev  0x00000000000001cb      0x22a Drivers/STM32F4xx_HAL_Driver/Src/stm32f4xx_hal_can.o
 .debug_abbrev  0x00000000000003f5      0x2fa Drivers/STM32F4xx_HAL_Driver/Src/stm32f4xx_hal_cortex.o
 .debug_abbrev  0x00000000000006ef      0x229 Drivers/STM32F4xx_HAL_Driver/Src/stm32f4xx_hal_dma.o
 .debug_abbrev  0x0000000000000918      0x1c9 Drivers/STM32F4xx_HAL_Driver/Src/stm32f4xx_hal_gpio.o
 .debug_abbrev  0x0000000000000ae1      0x245 Drivers/STM32F4xx_HAL_Driver/Src/stm32f4xx_hal_rcc.o
 .debug_abbrev  0x0000000000000d26      0x23d Drivers/STM32F4xx_HAL_Driver/Src/stm32f4xx_hal_sd.o
 .debug_abbrev  0x0000000000000f63      0x230 Drivers/STM32F4xx_HAL_Driver/Src/stm32f4xx_hal_tim.o
 .debug_abbrev  0x0000000000001193      0x21e Drivers/STM32F4xx_HAL_Driver/Src/stm32f4xx_hal_tim_ex.o
 .debug_abbrev  0x00000000000013b1      0x1cd Drivers/STM32F4xx_HAL_Driver/Src/stm32f4xx_ll_sdmmc.o
 .debug_abbrev  0x000000000000157e      0x209 Middlewares/Third_Party/FatFs/src/diskio.o
 .debug_abbrev  0x0000000000001787      0x2a5 Middlewares/Third_Party/FatFs/src/ff.o
 .debug_abbrev  0x0000000000001a2c      0x236 Middlewares/Third_Party/FatFs/src/ff_gen_drv.o
 .debug_abbrev  0x0000000000001c62      0x1cf Middlewares/Third_Party/FreeRTOS/list.o
 .debug_abbrev  0x0000000000001e31      0x31c Middlewares/Third_Party/FreeRTOS/queue.o
 .debug_abbrev  0x000000000000214d      0x352 Middlewares/Third_Party/FreeRTOS/tasks.o
 .debug_abbrev  0x000000000000249f      0x2c8 Middlewares/Third_Party/FreeRTOS/timers.o
 .debug_abbrev  0x0000000000002767      0x210 Middlewares/Third_Party/FreeRTOS/portable/GCC/ARM_CM4F/port.o
 .debug_abbrev  0x0000000000002977      0x228 Middlewares/Third_Party/FreeRTOS/portable/MemMang/heap_2.o
 .debug_abbrev  0x0000000000002b9f      0x277 Src/bsp_driver_sd.o
 .debug_abbrev  0x0000000000002e16      0x1df Src/fatfs.o
 .debug_abbrev  0x0000000000002ff5       0xf7 Src/fatfs_platform.o
 .debug_abbrev  0x00000000000030ec      0x347 Src/main.o
 .debug_abbrev  0x0000000000003433      0x1fa Src/sd_diskio.o
 .debug_abbrev  0x000000000000362d      0x1c6 Src/stm32f4xx_hal_msp.o
 .debug_abbrev  0x00000000000037f3      0x19d Src/stm32f4xx_hal_timebase_tim.o
 .debug_abbrev  0x0000000000003990      0x15a Src/stm32f4xx_it.o
 .debug_abbrev  0x0000000000003aea      0x1bb Src/sysmem.o
 .debug_abbrev  0x0000000000003ca5      0x111 Src/system_stm32f4xx.o
 .debug_abbrev  0x0000000000003db6       0x12 Startup/startup_stm32f429zitx.o

.debug_aranges  0x0000000000000000     0x1738
 .debug_aranges
                0x0000000000000000      0x100 Drivers/STM32F4xx_HAL_Driver/Src/stm32f4xx_hal.o
 .debug_aranges
                0x0000000000000100      0x138 Drivers/STM32F4xx_HAL_Driver/Src/stm32f4xx_hal_can.o
 .debug_aranges
                0x0000000000000238      0x118 Drivers/STM32F4xx_HAL_Driver/Src/stm32f4xx_hal_cortex.o
 .debug_aranges
                0x0000000000000350       0x90 Drivers/STM32F4xx_HAL_Driver/Src/stm32f4xx_hal_dma.o
 .debug_aranges
                0x00000000000003e0       0x58 Drivers/STM32F4xx_HAL_Driver/Src/stm32f4xx_hal_gpio.o
 .debug_aranges
                0x0000000000000438       0x88 Drivers/STM32F4xx_HAL_Driver/Src/stm32f4xx_hal_rcc.o
 .debug_aranges
                0x00000000000004c0      0x168 Drivers/STM32F4xx_HAL_Driver/Src/stm32f4xx_hal_sd.o
 .debug_aranges
                0x0000000000000628      0x3a8 Drivers/STM32F4xx_HAL_Driver/Src/stm32f4xx_hal_tim.o
 .debug_aranges
                0x00000000000009d0      0x150 Drivers/STM32F4xx_HAL_Driver/Src/stm32f4xx_hal_tim_ex.o
 .debug_aranges
                0x0000000000000b20      0x178 Drivers/STM32F4xx_HAL_Driver/Src/stm32f4xx_ll_sdmmc.o
 .debug_aranges
                0x0000000000000c98       0x48 Middlewares/Third_Party/FatFs/src/diskio.o
 .debug_aranges
                0x0000000000000ce0      0x208 Middlewares/Third_Party/FatFs/src/ff.o
 .debug_aranges
                0x0000000000000ee8       0x40 Middlewares/Third_Party/FatFs/src/ff_gen_drv.o
 .debug_aranges
                0x0000000000000f28       0x40 Middlewares/Third_Party/FreeRTOS/list.o
 .debug_aranges
                0x0000000000000f68      0x130 Middlewares/Third_Party/FreeRTOS/queue.o
 .debug_aranges
                0x0000000000001098      0x1e8 Middlewares/Third_Party/FreeRTOS/tasks.o
 .debug_aranges
                0x0000000000001280       0xd0 Middlewares/Third_Party/FreeRTOS/timers.o